I/ActivityManager(  634): Start proc com.asus.photoclusteringservice for content provider com.asus.server.azs/com.asus.photoclusteringservice.PhotoEventContentProvider: pid=2192 uid=10023 gids={50023, 9997, 1028, 1015, 3003, 1023} abi=x86
W/BackupManagerService(  634): dataChanged but no participant pkg='com.android.providers.settings' uid=10076
W/ResourcesManager( 2192): Asset path '/system/framework/android.test.runner.jar' does not exist or contains no resources.
W/BroadcastQueue(  634): Reject to launch app com.asus.backuprestore/10002 for broadcast: App Op 48
V/MultiDisplay(  634): Incoming call is initiated
D/CountryDetector(  634): The first listener is added
I/ActivityManager(  634): Start proc com.asus.contacts:remote for broadcast com.asus.contacts/com.asus.privatecontacts.PrivatePhoneIntentReceiver: pid=2214 uid=10006 gids={50006, 9997, 3003, 1028, 1015, 1023} abi=x86
E/ActivityThread( 1352): Failed to find provider info for com.asus.kidslauncher.settings
V/MultiDisplay(  634): Incoming call is initiated
I/ActivityManager(  634): Start proc com.asus.asusincallui for service com.asus.asusincallui/.InCallServiceImpl: pid=2251 uid=10011 gids={50011, 9997, 3003, 1028, 1015} abi=x86
W/ActivityManager(  634): getTasks: caller 1001 does not hold GET_TASKS; limiting output
W/ActivityManager(  634): getTasks: caller 1001 does not hold GET_TASKS; limiting output
W/ActivityManager(  634): getTasks: caller 1001 does not hold GET_TASKS; limiting output
I/ValidateNoPeople(  634): Validating: 0|com.asus.asusincallui|1|null|10011
I/ValidateNoPeople(  634): Executing: validation for: 0|com.asus.asusincallui|1|null|10011
D/ZenLog  (  634): disable_effects: 0|com.asus.asusincallui|1|null|10011,callState
I/ValidateNoPeople(  634): final affinity: 0.5
I/ActivityManager(  634): START u0 {act=android.intent.action.MAIN flg=0x10840000 cmp=com.asus.asusincallui/.InCallActivity (has extras)} from uid 10011 on display 0
V/ActivityManager(  634): Display changed displayId=0
I/ValidateNoPeople(  634): Validating: 0|com.asus.asusincallui|1|null|10011
I/ValidateNoPeople(  634): Executing: validation for: 0|com.asus.asusincallui|1|null|10011
D/ZenLog  (  634): disable_effects: 0|com.asus.asusincallui|1|null|10011,callState
I/ValidateNoPeople(  634): final affinity: 0.5
W/ActivityManager(  634): Activity pause timeout for ActivityRecord{362de016 u0 com.asus.asusincallui/.InCallActivity t766}
W/ActivityManager(  634): getTasks: caller 1001 does not hold GET_TASKS; limiting output
W/ActivityManager(  634): getTasks: caller 1001 does not hold GET_TASKS; limiting output
I/ValidateNoPeople(  634): Validating: 0|com.asus.asusincallui|1|null|10011
I/ValidateNoPeople(  634): final affinity: 0.5
D/ZenLog  (  634): disable_effects: 0|com.asus.asusincallui|1|null|10011,callState
I/ValidateNoPeople(  634): Validating: 0|com.asus.asusincallui|1|null|10011
I/ValidateNoPeople(  634): final affinity: 0.5
D/ZenLog  (  634): disable_effects: 0|com.asus.asusincallui|1|null|10011,callState
W/AppOps  (  634): Bad call: specified package com.asus.contacts under uid 10011 but it is really 10006
E/Telecom ( 1352): [TELECOM][TelecomServiceImpl]: Could not get default dialer.
E/Telecom ( 1352): java.lang.SecurityException: Package com.asus.contacts does not belong to 10011
E/Telecom ( 1352): 	at android.app.AppOpsManager.checkPackage(AppOpsManager.java:1242)
E/Telecom ( 1352): 	at com.android.server.telecom.TelecomServiceImpl.isDefaultDialerCalling(TelecomServiceImpl.java:687)
E/Telecom ( 1352): 	at com.android.server.telecom.TelecomServiceImpl.showInCallScreen(TelecomServiceImpl.java:461)
E/Telecom ( 1352): 	at com.android.internal.telecom.ITelecomService$Stub.onTransact(ITelecomService.java:55)
E/Telecom ( 1352): 	at android.os.Binder.execTransact(Binder.java:446)
I/ActivityManager(  634): Start proc com.asus.server.snm for content provider com.asus.server.azs/com.asus.provider.socialnetwork.SocialNetworkProvider: pid=2282 uid=10023 gids={50023, 9997, 1028, 1015, 3003, 1023} abi=x86
W/ResourcesManager( 2282): Asset path '/system/framework/android.test.runner.jar' does not exist or contains no resources.
I/ActivityManager(  634): START u0 {act=android.intent.action.MAIN flg=0x10840000 cmp=com.asus.asusincallui/.InCallActivity (has extras)} from uid 10011 on display 0
V/ActivityManager(  634): Displayed ActivityRecord{362de016 u0 com.asus.asusincallui/.InCallActivity t766} Resume. Not First Launch.
I/ActivityManager(  634): Activity reported stop, but no longer stopping: ActivityRecord{362de016 u0 com.asus.asusincallui/.InCallActivity t766}
I/PowerManagerService(  634): Waking up from sleep (uid 1000)...
I/DisplayPowerController(  634): Blocking screen on until initial contents have been drawn.
D/BrightnessHandler(  634): com.android.server.display.HardwareHandler@1fd241d9 setBrightness(i)=38, 1000
I/ValidateNoPeople(  634): Validating: 0|com.asus.asusincallui|1|null|10011
I/ValidateNoPeople(  634): final affinity: 0.5
D/ZenLog  (  634): disable_effects: 0|com.asus.asusincallui|1|null|10011,callState
I/DisplayManagerService(  634): Display device changed: DisplayDeviceInfo{"Built-in Screen": 1080 x 1920, 60.000004 fps, supportedRefreshRates [60.000004], density 480, 403.0 x 403.0 dpi, appVsyncOff 7500000, presDeadline 12666666, touch INTERNAL, rotation 0, type BUILT_IN, state ON, FLAG_DEFAULT_DISPLAY, FLAG_ROTATES_WITH_CONTENT, FLAG_SECURE, FLAG_SUPPORTS_PROTECTED_BUFFERS}
V/ActivityManager(  634): Display changed displayId=0
I/ValidateNoPeople(  634): Validating: 0|com.asus.asusincallui|1|null|10011
I/ValidateNoPeople(  634): final affinity: 0.5
D/ZenLog  (  634): disable_effects: 0|com.asus.asusincallui|1|null|10011,callState
W/AppOps  (  634): Bad call: specified package com.asus.contacts under uid 10011 but it is really 10006
E/Telecom ( 1352): [TELECOM][TelecomServiceImpl]: Could not get default dialer.
E/Telecom ( 1352): java.lang.SecurityException: Package com.asus.contacts does not belong to 10011
E/Telecom ( 1352): 	at android.app.AppOpsManager.checkPackage(AppOpsManager.java:1242)
E/Telecom ( 1352): 	at com.android.server.telecom.TelecomServiceImpl.isDefaultDialerCalling(TelecomServiceImpl.java:687)
E/Telecom ( 1352): 	at com.android.server.telecom.TelecomServiceImpl.showInCallScreen(TelecomServiceImpl.java:461)
E/Telecom ( 1352): 	at com.android.internal.telecom.ITelecomService$Stub.onTransact(ITelecomService.java:55)
E/Telecom ( 1352): 	at android.os.Binder.execTransact(Binder.java:446)
V/ActivityManager(  634): Display changed displayId=0
V/ActivityManager(  634): Displayed ActivityRecord{362de016 u0 com.asus.asusincallui/.InCallActivity t766} Resume. Not First Launch.
I/ActivityManager(  634): START u0 {act=android.intent.action.MAIN flg=0x10840000 cmp=com.asus.asusincallui/.InCallActivity (has extras)} from uid 10011 on display 0
I/DisplayPowerController(  634): Unblocked screen on after 349 ms
I/ValidateNoPeople(  634): Validating: 0|com.asus.asusincallui|1|null|10011
I/ValidateNoPeople(  634): final affinity: 0.5
D/ZenLog  (  634): disable_effects: 0|com.asus.asusincallui|1|null|10011,callState
D/BrightnessHandler(  634): com.android.server.display.HardwareHandler@1fd241d9 setBrightness(i)=38, 1000
D/BrightnessHandler(  634): com.android.server.display.HardwareHandler@1fd241d9 setBrightness(i)=38, 1000
W/ActivityManager(  634): getTasks: caller 1001 does not hold GET_TASKS; limiting output
I/ValidateNoPeople(  634): Validating: 0|com.asus.asusincallui|1|null|10011
I/ValidateNoPeople(  634): final affinity: 0.5
D/ZenLog  (  634): disable_effects: 0|com.asus.asusincallui|1|null|10011,callState
W/AppOps  (  634): Bad call: specified package com.asus.contacts under uid 10011 but it is really 10006
E/Telecom ( 1352): [TELECOM][TelecomServiceImpl]: Could not get default dialer.
E/Telecom ( 1352): java.lang.SecurityException: Package com.asus.contacts does not belong to 10011
E/Telecom ( 1352): 	at android.app.AppOpsManager.checkPackage(AppOpsManager.java:1242)
E/Telecom ( 1352): 	at com.android.server.telecom.TelecomServiceImpl.isDefaultDialerCalling(TelecomServiceImpl.java:687)
E/Telecom ( 1352): 	at com.android.server.telecom.TelecomServiceImpl.showInCallScreen(TelecomServiceImpl.java:461)
E/Telecom ( 1352): 	at com.android.internal.telecom.ITelecomService$Stub.onTransact(ITelecomService.java:55)
E/Telecom ( 1352): 	at android.os.Binder.execTransact(Binder.java:446)
W/ActivityManager(  634): getTasks: caller 1001 does not hold GET_TASKS; limiting output
I/ValidateNoPeople(  634): Validating: 0|com.asus.asusincallui|1|null|10011
I/ValidateNoPeople(  634): final affinity: 0.5
D/ZenLog  (  634): disable_effects: 0|com.asus.asusincallui|1|null|10011,callState
D/ZenLog  (  634): disable_effects: 0|jp.ne.hardyinfinity.bluelightfilter.free|43214242|null|10212,callState
D/ZenLog  (  634): disable_effects: 0|jp.ne.hardyinfinity.bluelightfilter.free|43214242|null|10212,callState
D/ZenLog  (  634): disable_effects: 0|jp.ne.hardyinfinity.bluelightfilter.free|43214242|null|10212,callState
D/ZenLog  (  634): disable_effects: 0|jp.ne.hardyinfinity.bluelightfilter.free|43214242|null|10212,callState
W/ActivityManager(  634): getTasks: caller 1001 does not hold GET_TASKS; limiting output
V/AlarmManager(  634): triggered: act=com.android.providers.calendar.intent.CalendarProvider2 Pkg: com.android.providers.calendar
I/ActivityManager(  634): Killing 930:com.google.android.gm/u0a83 (adj 15): empty #17
W/libprocessgroup(  634): failed to open /acct/uid_10083/pid_930/cgroup.procs: No such file or directory
W/ActivityManager(  634): getTasks: caller 1001 does not hold GET_TASKS; limiting output
W/ActivityManager(  634): getTasks: caller 1001 does not hold GET_TASKS; limiting output
W/ActivityManager(  634): getTasks: caller 1001 does not hold GET_TASKS; limiting output
W/ActivityManager(  634): getTasks: caller 1001 does not hold GET_TASKS; limiting output
W/ActivityManager(  634): getTasks: caller 1001 does not hold GET_TASKS; limiting output
W/ActivityManager(  634): getTasks: caller 1001 does not hold GET_TASKS; limiting output
W/ActivityManager(  634): getTasks: caller 1001 does not hold GET_TASKS; limiting output
D/DisplayPowerController(  634): setProximitySensorEnabled=true
D/BrightnessHandler(  634): com.android.server.display.HardwareHandler@1fd241d9 setBrightness(i)=38, 1000
D/DisplayPowerController(  634): onSensorChanged positive=true
D/DisplayPowerController(  634): enableTouch enabled= false
D/DisplayPowerController(  634): turn light sensor off because of positive proximity
D/BrightnessHandler(  634): com.android.server.display.HardwareHandler@1fd241d9 setBrightness(i)=38, 1000
D/DisplayPowerController(  634): debounceProximitySensorTouch(enableTouch= false
D/DisplayPowerController(  634): enableTouch enabled= false
W/ContextImpl(  634): Calling a method in the system process without a qualified user: android.app.ContextImpl.sendBroadcast:1358 com.android.server.power.PowerManagerService$2.onProximityPositive:2114 com.android.server.display.DisplayPowerController$5.run:1146 android.os.Handler.handleCallback:739 android.os.Handler.dispatchMessage:95 
D/DisplayPowerController(  634): turn light sensor off because of positive proximity
D/BrightnessHandler(  634): com.android.server.display.HardwareHandler@1fd241d9 setBrightness(i)=10, 1000
D/DisplayPowerController(  634): turn light sensor off because of positive proximity
D/BrightnessHandler(  634): com.android.server.display.HardwareHandler@1fd241d9 setBrightness(i)=10, 1000
I/DisplayManagerService(  634): Display device changed: DisplayDeviceInfo{"Built-in Screen": 1080 x 1920, 60.000004 fps, supportedRefreshRates [60.000004], density 480, 403.0 x 403.0 dpi, appVsyncOff 7500000, presDeadline 12666666, touch INTERNAL, rotation 0, type BUILT_IN, state OFF, FLAG_DEFAULT_DISPLAY, FLAG_ROTATES_WITH_CONTENT, FLAG_SECURE, FLAG_SUPPORTS_PROTECTED_BUFFERS}
V/ActivityManager(  634): Display changed displayId=0
D/DisplayPowerController(  634): turn light sensor off because of positive proximity
D/BrightnessHandler(  634): com.android.server.display.HardwareHandler@1fd241d9 setBrightness(i)=10, 1000
D/DisplayPowerController(  634): turn light sensor off because of positive proximity
D/BrightnessHandler(  634): com.android.server.display.HardwareHandler@1fd241d9 setBrightness(i)=10, 1000
I/ActivityManager(  634): Waited long enough for: ServiceRecord{4dcbdea u0 com.google.android.deskclock/com.android.deskclock.WearableSyncService}
D/ZenLog  (  634): disable_effects: 0|com.asus.weathertime|1|null|10131,callState
I/ActivityManager(  634): Start proc com.asus.photoclusteringservice for broadcast com.asus.sitd.whatsnext/.card.weather.WeatherUpdateReceiver: pid=2379 uid=10133 gids={50133, 9997, 3003, 1028, 1015} abi=x86
I/ActivityManager(  634): Killing 24016:com.google.process.gapps/u0a33 (adj 15): empty #17
W/libprocessgroup(  634): failed to open /acct/uid_10033/pid_24016/cgroup.procs: No such file or directory
I/ActivityManager(  634): Killing 1845:com.google.android.youtube/u0a135 (adj 15): empty #17
W/libprocessgroup(  634): failed to open /acct/uid_10135/pid_1845/cgroup.procs: No such file or directory
W/ActivityManager(  634): App Op not allow to restart app com.google.android.youtube/10135
D/ConnectivityService(  634): updateNetworkScore for NetworkAgentInfo [WIFI () - 115] to 56
D/ConnectivityService(  634): rematching NetworkAgentInfo [WIFI () - 115]
D/ConnectivityService(  634): Network NetworkAgentInfo [WIFI () - 115] was already satisfying request 1. No change.
D/ConnectivityService(  634): notifyType AVAILABLE for NetworkAgentInfo [WIFI () - 115]
D/DisplayPowerController(  634): turn light sensor off because of positive proximity
D/BrightnessHandler(  634): com.android.server.display.HardwareHandler@1fd241d9 setBrightness(i)=10, 1000
D/DisplayPowerController(  634): onSensorChanged positive=false
I/DisplayPowerController(  634): Blocking screen on until initial contents have been drawn.
D/BrightnessHandler(  634): com.android.server.display.HardwareHandler@1fd241d9 setBrightness(i)=10, 1000
D/DisplayPowerController(  634): enableTouch enabled= true
W/ContextImpl(  634): Calling a method in the system process without a qualified user: android.app.ContextImpl.sendBroadcast:1358 com.android.server.power.PowerManagerService$2.onProximityNegative:2139 com.android.server.display.DisplayPowerController$6.run:1159 android.os.Handler.handleCallback:739 android.os.Handler.dispatchMessage:95 
D/BrightnessHandler(  634): com.android.server.display.HardwareHandler@1fd241d9 setBrightness(i)=38, 1000
D/BrightnessHandler(  634): com.android.server.display.HardwareHandler@1fd241d9 setBrightness(i)=38, 0
I/DisplayManagerService(  634): Display device changed: DisplayDeviceInfo{"Built-in Screen": 1080 x 1920, 60.000004 fps, supportedRefreshRates [60.000004], density 480, 403.0 x 403.0 dpi, appVsyncOff 7500000, presDeadline 12666666, touch INTERNAL, rotation 0, type BUILT_IN, state ON, FLAG_DEFAULT_DISPLAY, FLAG_ROTATES_WITH_CONTENT, FLAG_SECURE, FLAG_SUPPORTS_PROTECTED_BUFFERS}
V/ActivityManager(  634): Display changed displayId=0
I/DisplayPowerController(  634): Unblocked screen on after 95 ms
D/BrightnessHandler(  634): com.android.server.display.HardwareHandler@1fd241d9 setBrightness(i)=38, 0
D/BrightnessHandler(  634): com.android.server.display.HardwareHandler@1fd241d9 setBrightness(i)=38, 0
D/DisplayPowerController(  634): onSensorChanged positive=true
D/DisplayPowerController(  634): enableTouch enabled= false
D/DisplayPowerController(  634): turn light sensor off because of positive proximity
D/BrightnessHandler(  634): com.android.server.display.HardwareHandler@1fd241d9 setBrightness(i)=38, 0
D/DisplayPowerController(  634): debounceProximitySensorTouch(enableTouch= false
D/DisplayPowerController(  634): enableTouch enabled= false
W/ContextImpl(  634): Calling a method in the system process without a qualified user: android.app.ContextImpl.sendBroadcast:1358 com.android.server.power.PowerManagerService$2.onProximityPositive:2114 com.android.server.display.DisplayPowerController$5.run:1146 android.os.Handler.handleCallback:739 android.os.Handler.dispatchMessage:95 
D/DisplayPowerController(  634): turn light sensor off because of positive proximity
D/BrightnessHandler(  634): com.android.server.display.HardwareHandler@1fd241d9 setBrightness(i)=10, 1000
D/DisplayPowerController(  634): turn light sensor off because of positive proximity
D/BrightnessHandler(  634): com.android.server.display.HardwareHandler@1fd241d9 setBrightness(i)=10, 1000
I/DisplayManagerService(  634): Display device changed: DisplayDeviceInfo{"Built-in Screen": 1080 x 1920, 60.000004 fps, supportedRefreshRates [60.000004], density 480, 403.0 x 403.0 dpi, appVsyncOff 7500000, presDeadline 12666666, touch INTERNAL, rotation 0, type BUILT_IN, state OFF, FLAG_DEFAULT_DISPLAY, FLAG_ROTATES_WITH_CONTENT, FLAG_SECURE, FLAG_SUPPORTS_PROTECTED_BUFFERS}
V/ActivityManager(  634): Display changed displayId=0
D/DisplayPowerController(  634): turn light sensor off because of positive proximity
D/BrightnessHandler(  634): com.android.server.display.HardwareHandler@1fd241d9 setBrightness(i)=10, 1000
D/ConnectivityService(  634): updateNetworkScore for NetworkAgentInfo [WIFI () - 115] to 60
D/ConnectivityService(  634): rematching NetworkAgentInfo [WIFI () - 115]
D/ConnectivityService(  634): Network NetworkAgentInfo [WIFI () - 115] was already satisfying request 1. No change.
D/ConnectivityService(  634): notifyType AVAILABLE for NetworkAgentInfo [WIFI () - 115]
D/ConnectivityService(  634): updateNetworkScore for NetworkAgentInfo [WIFI () - 115] to 56
D/ConnectivityService(  634): rematching NetworkAgentInfo [WIFI () - 115]
D/ConnectivityService(  634): Network NetworkAgentInfo [WIFI () - 115] was already satisfying request 1. No change.
D/ConnectivityService(  634): notifyType AVAILABLE for NetworkAgentInfo [WIFI () - 115]
D/DisplayPowerController(  634): onSensorChanged positive=false
I/DisplayPowerController(  634): Blocking screen on until initial contents have been drawn.
D/BrightnessHandler(  634): com.android.server.display.HardwareHandler@1fd241d9 setBrightness(i)=38, 0
D/DisplayPowerController(  634): enableTouch enabled= true
W/ContextImpl(  634): Calling a method in the system process without a qualified user: android.app.ContextImpl.sendBroadcast:1358 com.android.server.power.PowerManagerService$2.onProximityNegative:2139 com.android.server.display.DisplayPowerController$6.run:1159 android.os.Handler.handleCallback:739 android.os.Handler.dispatchMessage:95 
D/BrightnessHandler(  634): com.android.server.display.HardwareHandler@1fd241d9 setBrightness(i)=38, 0
I/DisplayManagerService(  634): Display device changed: DisplayDeviceInfo{"Built-in Screen": 1080 x 1920, 60.000004 fps, supportedRefreshRates [60.000004], density 480, 403.0 x 403.0 dpi, appVsyncOff 7500000, presDeadline 12666666, touch INTERNAL, rotation 0, type BUILT_IN, state ON, FLAG_DEFAULT_DISPLAY, FLAG_ROTATES_WITH_CONTENT, FLAG_SECURE, FLAG_SUPPORTS_PROTECTED_BUFFERS}
V/ActivityManager(  634): Display changed displayId=0
I/DisplayPowerController(  634): Unblocked screen on after 113 ms
D/BrightnessHandler(  634): com.android.server.display.HardwareHandler@1fd241d9 setBrightness(i)=38, 0
D/BrightnessHandler(  634): com.android.server.display.HardwareHandler@1fd241d9 setBrightness(i)=38, 0
V/MultiDisplay(  634): Call is terminated and Incallscreen disappeared
D/DisplayPowerController(  634): enableTouch enabled= true
D/DisplayPowerController(  634): setProximitySensorEnabled=false
D/BrightnessHandler(  634): com.android.server.display.HardwareHandler@1fd241d9 setBrightness(i)=38, 0
V/MultiDisplay(  634): Call is terminated and Incallscreen disappeared
V/ActivityManager(  634): Displayed ActivityRecord{3d331093 u0 com.asus.launcher/.search.activity.SmartSearchActivity t765} Resume. Not First Launch.
V/KeyguardStatusView(  831): refresh statusview showing:true
V/KeyguardSimpleHostView(  831): refresh statusview showing:true
D/ConnectivityService(  634): updateNetworkScore for NetworkAgentInfo [WIFI () - 115] to 60
D/ConnectivityService(  634): rematching NetworkAgentInfo [WIFI () - 115]
D/ConnectivityService(  634): Network NetworkAgentInfo [WIFI () - 115] was already satisfying request 1. No change.
D/ConnectivityService(  634): notifyType AVAILABLE for NetworkAgentInfo [WIFI () - 115]
I/ActivityManager(  634): Killing 1480:com.themarker/u0a160 (adj 15): empty #17
D/ConnectivityService(  634): ConnectivityService NetworkRequestInfo binderDied(NetworkRequest [ id=49, legacyType=-1, [ Capabilities: INTERNET&NOT_RESTRICTED&TRUSTED&NOT_VPN] ], android.os.BinderProxy@1083e03b)
D/ConnectivityService(  634): releasing NetworkRequest NetworkRequest [ id=49, legacyType=-1, [ Capabilities: INTERNET&NOT_RESTRICTED&TRUSTED&NOT_VPN] ]
E/ConnectivityService(  634): RemoteException caught trying to send a callback msg for NetworkRequest [ id=49, legacyType=-1, [ Capabilities: INTERNET&NOT_RESTRICTED&TRUSTED&NOT_VPN] ]
W/libprocessgroup(  634): failed to open /acct/uid_10160/pid_1480/cgroup.procs: No such file or directory
W/BackupManagerService(  634): dataChanged but no participant pkg='com.android.providers.settings' uid=10076
W/BroadcastQueue(  634): Reject to launch app com.asus.backuprestore/10002 for broadcast: App Op 48
D/TaskPersister(  634): removeObsoleteFile: deleting file=766_task_thumbnail.png
D/BrightnessHandler(  634): com.android.server.display.HardwareHandler@1fd241d9 setBrightness(i)=10, 1000
D/BrightnessHandler(  634): com.android.server.display.HardwareHandler@1fd241d9 setBrightness(i)=10, 1000
D/BrightnessHandler(  634): com.android.server.display.HardwareHandler@1fd241d9 setBrightness(i)=10, 1000
V/AlarmManager(  634): triggered: act=com.android.providers.calendar.intent.CalendarProvider2 Pkg: com.android.providers.calendar
V/AlarmManager(  634): triggered: act=com.asus.email.intent.action.MAIL_SERVICE_WAKEUP cmp=com.asus.email/com.android.email.service.MailService Pkg: com.asus.email
V/AlarmManager(  634): triggered: act=com.asus.email.intent.action.MAIL_SERVICE_WAKEUP cmp=com.asus.email/com.android.email.service.MailService Pkg: com.asus.email
I/PowerManagerService(  634): Nap time (uid 1000)...
I/PowerManagerService(  634): Going to sleep due to screen timeout (uid 1000)...
I/PowerManagerService(  634): Sleeping (uid 1000)...
I/DisplayManagerService(  634): Display device changed: DisplayDeviceInfo{"Built-in Screen": 1080 x 1920, 60.000004 fps, supportedRefreshRates [60.000004], density 480, 403.0 x 403.0 dpi, appVsyncOff 7500000, presDeadline 12666666, touch INTERNAL, rotation 0, type BUILT_IN, state OFF, FLAG_DEFAULT_DISPLAY, FLAG_ROTATES_WITH_CONTENT, FLAG_SECURE, FLAG_SUPPORTS_PROTECTED_BUFFERS}
V/ActivityManager(  634): Display changed displayId=0
V/AlarmManager(  634): triggered: act=com.asus.alarm.ALARM_CONTROL flg=0x40000000 Pkg: android
I/ActivityManager(  634): Start proc com.google.process.gapps for content provider com.google.android.gsf/.gservices.GservicesProvider: pid=2577 uid=10033 gids={50033, 9997, 2001, 3003, 1007, 3006, 1028, 1015, 3002, 3001, 1005, 3007} abi=x86
I/ActivityManager(  634): Start proc il.co.HiddenFlights for broadcast il.co.HiddenFlights/.managers.ExternalReceiver: pid=2599 uid=10096 gids={50096, 9997, 3003} abi=x86
I/ActivityManager(  634): Start proc il.co.HiddenFlights:HPRumService for service il.co.HiddenFlights/com.hp.rum.mobile.rmservice.RUMMonitorService: pid=2621 uid=10096 gids={50096, 9997, 3003} abi=x86
I/ActivityManager(  634): Killing 1769:com.android.chrome/u0a71 (adj 15): empty #17
W/libprocessgroup(  634): failed to open /acct/uid_10071/pid_1769/cgroup.procs: No such file or directory
W/ActivityManager(  634): Scheduling restart of crashed service com.android.chrome/org.chromium.chrome.browser.customtabs.CustomTabsConnectionService in 1000ms
I/ActivityManager(  634): Start proc com.android.chrome for service com.android.chrome/org.chromium.chrome.browser.customtabs.CustomTabsConnectionService: pid=2653 uid=10071 gids={50071, 9997, 3003, 1028, 1015} abi=x86
D/NetlinkEvent(  303): Unknown ND option type 31
I/ActivityManager(  634): Killing 1689:com.twitter.android/u0a18 (adj 15): empty #17
W/libprocessgroup(  634): failed to open /acct/uid_10018/pid_1689/cgroup.procs: No such file or directory
W/ActivityManager(  634): App Op not allow to restart app com.twitter.android/10018
D/ConnectivityService(  634): NetworkAgentInfo [WIFI () - 115] EVENT_NETWORK_INFO_CHANGED, going from CONNECTED to DISCONNECTED
D/ConnectivityService(  634): NetworkAgentInfo [WIFI () - 115] got DISCONNECTED, was satisfying 4
E/NetlinkEvent(  303): NetlinkEvent::FindParam(): Parameter 'INTERFACE' not found
E/NetlinkEvent(  303): NetlinkEvent::FindParam(): Parameter 'TIME_NS' not found
E/NetdConnector(  634): Error handling '613 IfaceClass active (null)': java.lang.NumberFormatException: Invalid int: "(null)"
D/ConnectivityService(  634): notifyType LOST for NetworkAgentInfo [WIFI () - 115]
D/Nat464Xlat(  634): requiresClat: netType=1, connected=false, hasIPv4Address=true
D/CSLegacyTypeTracker(  634): Sending disconnected broadcast for type 1 NetworkAgentInfo [WIFI () - 115] isDefaultNetwork=true
D/ConnectivityService(  634): sendStickyBroadcast: action=android.net.conn.CONNECTIVITY_CHANGE_IMMEDIATE
D/ConnectivityService(  634): sendStickyBroadcast: action=android.net.conn.CONNECTIVITY_CHANGE_IMMEDIATE
D/ConnectivityService(  634): Checking for replacement network to handle request NetworkRequest [ id=1, legacyType=-1, [ Capabilities: INTERNET&NOT_RESTRICTED&TRUSTED&NOT_VPN] ]
E/ConnectivityService(  634): EVENT_NETWORK_INFO_CHANGED from unknown NetworkAgent
I/ActivityManager(  634): Waited long enough for: ServiceRecord{2ece8570 u0 com.google.android.deskclock/com.android.deskclock.WearableSyncService}
I/ActivityManager(  634): Killing 2084:jp.ne.hardyinfinity.bluelightfilter.free/u0a212 (adj 15): empty #17
W/libprocessgroup(  634): failed to open /acct/uid_10212/pid_2084/cgroup.procs: No such file or directory
D/ConnectivityService(  634): sendStickyBroadcast: action=android.net.conn.CONNECTIVITY_CHANGE
D/ConnectivityService(  634): sendStickyBroadcast: action=android.net.conn.CONNECTIVITY_CHANGE
W/BroadcastQueue(  634): Reject to launch app com.bambuna.podcastaddict/10162 for broadcast: App Op 48
I/ActivityManager(  634): Start proc com.asus.message for broadcast com.asus.message/com.android.mms.transaction.MmsSystemEventReceiver: pid=2688 uid=10016 gids={50016, 9997, 3003, 1028, 1015} abi=x86
I/ActivityManager(  634): Start proc com.google.android.setupwizard for broadcast com.google.android.setupwizard/.carrier.MobileConnectivityChangeReceiver: pid=2732 uid=10043 gids={50043, 9997, 3003} abi=x86
I/ActivityManager(  634): Killing 2110:com.asus.splendid/u0a19 (adj 15): empty #17
W/libprocessgroup(  634): failed to open /acct/uid_10019/pid_2110/cgroup.procs: No such file or directory
I/ActivityManager(  634): Killing 2192:com.asus.photoclusteringservice/u0a23 (adj 15): empty #17
W/libprocessgroup(  634): failed to open /acct/uid_10023/pid_2192/cgroup.procs: No such file or directory
W/BroadcastQueue(  634): Reject to launch app com.ddm.iptools/10199 for broadcast: App Op 48
W/BroadcastQueue(  634): Reject to launch app com.adobe.reader/10038 for broadcast: App Op 48
I/ActivityManager(  634): Start proc com.stackexchange.marvin for broadcast com.stackexchange.marvin/.core.Prizm$ConnectivityEventReceiver: pid=2751 uid=10172 gids={50172, 9997, 3003, 1028, 1015} abi=x86
W/ActivityManager(  634): Unable to start service Intent { act=android.support.customtabs.action.CustomTabsService pkg=com.stackexchange.marvin } U=0: not found
W/BroadcastQueue(  634): Reject to launch app com.twitter.android/10018 for broadcast: App Op 48
I/ActivityManager(  634): Killing 2282:com.asus.server.snm/u0a23 (adj 15): empty #17
W/BroadcastQueue(  634): Reject to launch app com.ted.android/10188 for broadcast: App Op 48
W/libprocessgroup(  634): failed to open /acct/uid_10023/pid_2282/cgroup.procs: No such file or directory
I/ActivityManager(  634): Start proc com.ninegag.android.app for broadcast com.ninegag.android.app/com.inmobi.commons.analytics.androidsdk.IMAdTrackerReceiver: pid=2794 uid=10143 gids={50143, 9997, 3003, 1028, 1015} abi=x86
E/NetlinkEvent(  303): NetlinkEvent::FindParam(): Parameter 'INTERFACE' not found
E/NetlinkEvent(  303): NetlinkEvent::FindParam(): Parameter 'TIME_NS' not found
E/NetdConnector(  634): Error handling '613 IfaceClass idle (null)': java.lang.NumberFormatException: Invalid int: "(null)"
I/ActivityManager(  634): Start proc dp.ws.popcorntime for broadcast dp.ws.popcorntime/se.popcorn_time.base.receiver.ConnectivityReceiver: pid=2823 uid=10165 gids={50165, 9997, 3003, 1028, 1015} abi=x86
I/ActivityManager(  634): Killing 2379:com.asus.photoclusteringservice/u0a133 (adj 15): empty #17
W/libprocessgroup(  634): failed to open /acct/uid_10133/pid_2379/cgroup.procs: No such file or directory
W/BroadcastQueue(  634): Reject to launch app com.bambuna.podcastaddict/10162 for broadcast: App Op 48
I/ActivityManager(  634): Killing 2214:com.asus.contacts:remote/u0a6 (adj 15): empty #17
W/libprocessgroup(  634): failed to open /acct/uid_10006/pid_2214/cgroup.procs: No such file or directory
W/BroadcastQueue(  634): Reject to launch app com.ddm.iptools/10199 for broadcast: App Op 48
W/BroadcastQueue(  634): Reject to launch app com.adobe.reader/10038 for broadcast: App Op 48
W/BroadcastQueue(  634): Reject to launch app com.twitter.android/10018 for broadcast: App Op 48
W/BroadcastQueue(  634): Reject to launch app com.ted.android/10188 for broadcast: App Op 48
D/PowerUI (  831): update LowBattery Warning level: 33
W/ContextImpl( 1154): Calling a method in the system process without a qualified user: android.app.ContextImpl.sendBroadcast:1358 android.content.ContextWrapper.sendBroadcast:383 com.asus.powersaver.animatedicon.PowerSaverUpdateIcon.updateAppIcon:160 com.asus.powersaver.animatedicon.PowerSaverUpdateIcon.access$200:36 com.asus.powersaver.animatedicon.PowerSaverUpdateIcon$1.onReceive:81 
I/ActivityManager(  634): Killing 2251:com.asus.asusincallui/u0a11 (adj 15): empty #17
W/libprocessgroup(  634): failed to open /acct/uid_10011/pid_2251/cgroup.procs: No such file or directory
D/ConnectivityService(  634): Failed to find a new network - expiring NetTransition Wakelock
V/AlarmManager(  634): triggered: act=android.net.ConnectivityService.action.PKT_CNT_SAMPLE_INTERVAL_ELAPSED pkg=android Pkg: android
I/PowerManagerService(  634): Waking up from sleep (uid 1000)...
I/DisplayPowerController(  634): Blocking screen on until initial contents have been drawn.
D/BrightnessHandler(  634): com.android.server.display.HardwareHandler@1fd241d9 setBrightness(i)=38, 1000
W/InputMethodManagerService(  634): Got RemoteException sending setActive(false) notification to pid 2251 uid 10011
D/BrightnessHandler(  634): com.android.server.display.HardwareHandler@1fd241d9 setBrightness(i)=38, 1000
I/DisplayManagerService(  634): Display device changed: DisplayDeviceInfo{"Built-in Screen": 1080 x 1920, 60.000004 fps, supportedRefreshRates [60.000004], density 480, 403.0 x 403.0 dpi, appVsyncOff 7500000, presDeadline 12666666, touch INTERNAL, rotation 0, type BUILT_IN, state ON, FLAG_DEFAULT_DISPLAY, FLAG_ROTATES_WITH_CONTENT, FLAG_SECURE, FLAG_SUPPORTS_PROTECTED_BUFFERS}
V/ActivityManager(  634): Display changed displayId=0
I/DisplayPowerController(  634): Unblocked screen on after 111 ms
D/BrightnessHandler(  634): com.android.server.display.HardwareHandler@1fd241d9 setBrightness(i)=38, 1000
D/BrightnessHandler(  634): com.android.server.display.HardwareHandler@1fd241d9 setBrightness(i)=38, 1000
V/KeyguardDisplayManager(  831): hide
V/ActivityManager(  634): Displayed ActivityRecord{3d331093 u0 com.asus.launcher/.search.activity.SmartSearchActivity t765} Resume. Not First Launch.
I/ActivityManager(  634): Start proc jp.ne.hardyinfinity.bluelightfilter.free for broadcast jp.ne.hardyinfinity.bluelightfilter.free/.EventReceiver: pid=2875 uid=10212 gids={50212, 9997, 3003} abi=x86
W/InputMethodManagerService(  634): Got RemoteException sending setActive(false) notification to pid 2251 uid 10011
I/ActivityManager(  634): Start proc com.asus.splendid for broadcast com.asus.splendid/.AsusSplendidReceiver: pid=2900 uid=10019 gids={50019, 9997, 3003} abi=x86
I/ActivityManager(  634): Killing 2131:com.asus.deskclock:ui/u0a76 (adj 15): empty #17
W/libprocessgroup(  634): failed to open /acct/uid_10076/pid_2131/cgroup.procs: No such file or directory
I/ActivityManager(  634): Start proc com.asus.deskclock:ui for broadcast com.asus.deskclock/.animation_icon.TimeTickReceiver: pid=2921 uid=10076 gids={50076, 9997, 1028, 3003} abi=x86
I/ActivityManager(  634): Killing 25765:com.google.android.calendar/u0a84 (adj 15): empty #17
W/libprocessgroup(  634): failed to open /acct/uid_10084/pid_25765/cgroup.procs: No such file or directory
W/BroadcastQueue(  634): Reject to launch app eu.chainfire.supersu/10123 for broadcast: App Op 48
I/ActivityManager(  634): Killing 417:com.android.providers.calendar/u0a25 (adj 15): empty #17
W/libprocessgroup(  634): failed to open /acct/uid_10025/pid_417/cgroup.procs: No such file or directory
W/BroadcastQueue(  634): Reject to launch app com.tranzmate/10149 for broadcast: App Op 48
D/Systemui.doubletap(  831): onDown!
V/Quicksettings.Boost(  831): Get available memory from Taskmanager:757596160
V/Quicksettings.Boost(  831): Text for boost: 722 MB
I/ActivityManager(  634): START u0 {act=android.settings.WIFI_SETTINGS flg=0x14000000 cmp=com.android.settings/.Settings$WifiSettingsActivity} from uid 10020 on display 0
W/InputMethodManagerService(  634): Window already focused, ignoring focus gain of: com.android.internal.view.IInputMethodClient$Stub$Proxy@ea42723 attribute=null, token = android.os.BinderProxy@16b27494
I/ActivityManager(  634): Start proc com.android.settings for activity com.android.settings/.Settings$WifiSettingsActivity: pid=2956 uid=1000 gids={41000, 9997, 3003, 3002, 3001, 1028, 1015, 1023} abi=x86
D/ConnectivityService(  634): registerNetworkAgent create NetworkAgentInfo
D/ConnectivityService(  634): registerNetworkAgent NetworkAgentInfo{ ni{[type: WIFI[], state: CONNECTING/CONNECTING, reason: (unspecified), extra: "WiFi_OBDII", roaming: false, failover: false, isAvailable: true, isConnectedToProvisioningNetwork: false]}  network{null}  lp{{InterfaceName: wlan0 LinkAddresses: []  Routes: [] DnsAddresses: [] Domains: null MTU: 0 TcpBufferSizes: 4096,87380,2097152,4096,16384,2097152}}  nc{[ Transports: WIFI Capabilities: INTERNET&NOT_RESTRICTED&TRUSTED&NOT_VPN LinkUpBandwidth>=1048576Kbps LinkDnBandwidth>=1048576Kbps]}  Score{20} validated{false} created{false} explicitlySelected{false} }
D/ConnectivityService(  634): NetworkAgentInfo [WIFI () - 116] EVENT_NETWORK_INFO_CHANGED, going from null to CONNECTING
D/ConnectivityService(  634): updateNetworkScore for NetworkAgentInfo [WIFI () - 116] to 60
D/WifiService(  634): New client listening to asynchronous messages
D/ConnectivityService(  634): NetworkAgentInfo [WIFI () - 116] EVENT_NETWORK_INFO_CHANGED, going from CONNECTING to CONNECTED
D/ConnectivityService(  634): Adding iface wlan0 to network 116
E/NetlinkEvent(  303): NetlinkEvent::FindParam(): Parameter 'INTERFACE' not found
E/NetlinkEvent(  303): NetlinkEvent::FindParam(): Parameter 'TIME_NS' not found
E/NetdConnector(  634): Error handling '613 IfaceClass active (null)': java.lang.NumberFormatException: Invalid int: "(null)"
E/ConnectivityService(  634): Unexpected mtu value: 0, wlan0
D/ConnectivityService(  634): Adding Route [fe80::/64 -> :: wlan0] to network 116
D/ConnectivityService(  634): Adding Route [192.168.0.0/24 -> 0.0.0.0 wlan0] to network 116
D/ConnectivityService(  634): Adding Route [0.0.0.0/0 -> 192.168.0.10 wlan0] to network 116
D/ConnectivityService(  634): Setting Dns servers for network 116 to [/192.168.0.10]
D/Nat464Xlat(  634): requiresClat: netType=1, connected=true, hasIPv4Address=true
D/ConnectivityService(  634): notifyType IP_CHANGED for NetworkAgentInfo [WIFI () - 116]
D/ConnectivityService(  634): notifyType PRECHECK for NetworkAgentInfo [WIFI () - 116]
D/ConnectivityService(  634): rematching NetworkAgentInfo [WIFI () - 116]
D/ConnectivityService(  634):    accepting network in place of null
D/CSLegacyTypeTracker(  634): Sending connected broadcast for type 1 NetworkAgentInfo [WIFI () - 116] isDefaultNetwork=true
D/ConnectivityService(  634): sendStickyBroadcast: action=android.net.conn.CONNECTIVITY_CHANGE_IMMEDIATE
D/ConnectivityService(  634): Switching to new default network: NetworkAgentInfo{ ni{[type: WIFI[], state: CONNECTED/CONNECTED, reason: (unspecified), extra: "WiFi_OBDII", roaming: false, failover: false, isAvailable: true, isConnectedToProvisioningNetwork: false]}  network{116}  lp{{InterfaceName: wlan0 LinkAddresses: [fe80::1e87:2cff:fe9d:4b9b/64,192.168.0.12/24,]  Routes: [fe80::/64 -> :: wlan0,192.168.0.0/24 -> 0.0.0.0 wlan0,0.0.0.0/0 -> 192.168.0.10 wlan0,] DnsAddresses: [192.168.0.10,] Domains: null MTU: 0 TcpBufferSizes: 4096,87380,2097152,4096,16384,2097152}}  nc{[ Transports: WIFI Capabilities: INTERNET&NOT_RESTRICTED&TRUSTED&NOT_VPN LinkUpBandwidth>=1048576Kbps LinkDnBandwidth>=1048576Kbps]}  Score{20} validated{false} created{true} explicitlySelected{false} }
D/ConnectivityService(  634): notifyType AVAILABLE for NetworkAgentInfo [WIFI () - 116]
D/ConnectivityService(  634): Validated NetworkAgentInfo [WIFI () - 116]
D/ConnectivityService(  634): rematching NetworkAgentInfo [WIFI () - 116]
D/ConnectivityService(  634): Network NetworkAgentInfo [WIFI () - 116] was already satisfying request 1. No change.
D/ConnectivityService(  634): notifyType AVAILABLE for NetworkAgentInfo [WIFI () - 116]
E/ActivityThread( 1080): Failed to find provider info for com.google.android.wearable.settings
D/ConnectivityService(  634): sendStickyBroadcast: action=android.net.conn.CONNECTIVITY_CHANGE
W/BroadcastQueue(  634): Reject to launch app com.bambuna.podcastaddict/10162 for broadcast: App Op 48
W/BroadcastQueue(  634): Reject to launch app com.ddm.iptools/10199 for broadcast: App Op 48
W/BroadcastQueue(  634): Reject to launch app com.adobe.reader/10038 for broadcast: App Op 48
W/BroadcastQueue(  634): Reject to launch app com.twitter.android/10018 for broadcast: App Op 48
W/BroadcastQueue(  634): Reject to launch app com.ted.android/10188 for broadcast: App Op 48
D/ConnectivityService(  634): updateNetworkScore for NetworkAgentInfo [WIFI () - 116] to 57
D/ConnectivityService(  634): rematching NetworkAgentInfo [WIFI () - 116]
D/ConnectivityService(  634): Network NetworkAgentInfo [WIFI () - 116] was already satisfying request 1. No change.
D/ConnectivityService(  634): notifyType AVAILABLE for NetworkAgentInfo [WIFI () - 116]
E/NetlinkEvent(  303): NetlinkEvent::FindParam(): Parameter 'INTERFACE' not found
E/NetlinkEvent(  303): NetlinkEvent::FindParam(): Parameter 'TIME_NS' not found
E/NetdConnector(  634): Error handling '613 IfaceClass idle (null)': java.lang.NumberFormatException: Invalid int: "(null)"
I/ActivityManager(  634): Start proc com.google.android.gms.unstable for service com.google.android.gms/.droidguard.DroidGuardService: pid=3062 uid=10033 gids={50033, 9997, 2001, 3003, 1007, 3006, 1028, 1015, 3002, 3001, 1005, 3007} abi=x86
W/ResourcesManager( 3062): Asset path '/system/framework/com.android.media.remotedisplay.jar' does not exist or contains no resources.
W/ResourcesManager( 3062): Asset path '/system/framework/com.android.location.provider.jar' does not exist or contains no resources.
V/ActivityManager(  634): Displayed ActivityRecord{3d331093 u0 com.asus.launcher/.search.activity.SmartSearchActivity t765} Resume. Not First Launch.
W/ActivityThread( 3062): ClassLoader.loadClass: The class loader returned by Thread.getContextClassLoader() may fail for processes that host multiple applications. You should explicitly specify a context class loader. For example: Thread.setContextClassLoader(getClass().getClassLoader());
D/Systemui.doubletap(  831): onDown!
V/Quicksettings.Boost(  831): Get available memory from Taskmanager:757596160
V/Quicksettings.Boost(  831): Text for boost: 722 MB
I/ActivityManager(  634): START u0 {act=android.settings.WIFI_SETTINGS flg=0x14000000 cmp=com.android.settings/.Settings$WifiSettingsActivity} from uid 10020 on display 0
I/ActivityManager(  634): Start proc com.android.vending for broadcast com.android.vending/com.google.android.finsky.receivers.PackageMonitorReceiver$RegisteredReceiver: pid=3101 uid=10041 gids={50041, 9997, 3003, 1028, 1015} abi=x86
D/BackupManagerService(  634): Received broadcast Intent { act=android.intent.action.PACKAGE_CHANGED dat=package:com.google.android.gms flg=0x4000010 (has extras) }
I/BackupManagerService(  634): Unbinding ComponentInfo{com.google.android.gms/com.google.android.gms.backup.BackupTransportService}
I/BackupManagerService(  634): Binding to transport host ComponentInfo{com.google.android.gms/com.google.android.gms.backup.BackupTransportService}
V/BackupManagerService(  634): Connected to transport ComponentInfo{com.google.android.gms/com.google.android.gms.backup.BackupTransportService}
V/BackupManagerService(  634): Registering transport com.google.android.gms/.backup.BackupTransportService::com.google.android.gms/.backup.BackupTransportService = com.android.internal.backup.IBackupTransport$Stub$Proxy@240031ee
D/WifiService(  634): setWifiEnabled: false pid=2956, uid=1000
E/WifiService(  634): Invoking mWifiStateMachine.setWifiEnabled
D/ConnectivityService(  634): NetworkAgentInfo [WIFI () - 116] EVENT_NETWORK_INFO_CHANGED, going from CONNECTED to DISCONNECTED
D/ConnectivityService(  634): NetworkAgentInfo [WIFI () - 116] got DISCONNECTED, was satisfying 4
E/NetlinkEvent(  303): NetlinkEvent::FindParam(): Parameter 'INTERFACE' not found
E/NetlinkEvent(  303): NetlinkEvent::FindParam(): Parameter 'TIME_NS' not found
E/NetdConnector(  634): Error handling '613 IfaceClass active (null)': java.lang.NumberFormatException: Invalid int: "(null)"
D/ConnectivityService(  634): notifyType LOST for NetworkAgentInfo [WIFI () - 116]
D/Nat464Xlat(  634): requiresClat: netType=1, connected=false, hasIPv4Address=true
D/CSLegacyTypeTracker(  634): Sending disconnected broadcast for type 1 NetworkAgentInfo [WIFI () - 116] isDefaultNetwork=true
D/ConnectivityService(  634): sendStickyBroadcast: action=android.net.conn.CONNECTIVITY_CHANGE_IMMEDIATE
D/ConnectivityService(  634): sendStickyBroadcast: action=android.net.conn.CONNECTIVITY_CHANGE_IMMEDIATE
D/ConnectivityService(  634): Checking for replacement network to handle request NetworkRequest [ id=1, legacyType=-1, [ Capabilities: INTERNET&NOT_RESTRICTED&TRUSTED&NOT_VPN] ]
W/BroadcastQueue(  634): Reject to launch app com.keramidas.TitaniumBackup/10088 for broadcast: App Op 48
D/Systemui.doubletap(  831): onDown!
V/Quicksettings.Boost(  831): Get available memory from Taskmanager:757596160
V/Quicksettings.Boost(  831): Text for boost: 722 MB
D/TaskPersister(  634): removeObsoleteFile: deleting file=767_task.xml
D/TaskPersister(  634): removeObsoleteFile: deleting file=767_task_thumbnail.png
W/BackupManagerService(  634): dataChanged but no participant pkg='com.android.providers.settings' uid=1001
D/ConnectivityService(  634): sendStickyBroadcast: action=android.net.conn.CONNECTIVITY_CHANGE
D/ConnectivityService(  634): sendStickyBroadcast: action=android.net.conn.CONNECTIVITY_CHANGE
W/BroadcastQueue(  634): Reject to launch app com.bambuna.podcastaddict/10162 for broadcast: App Op 48
D/ConnectivityService(  634): setProvNotificationVisible: E visible=false networkType=0 action=com.android.internal.telephony.PROVISION0
D/ConnectivityService(  634): registerNetworkAgent create NetworkAgentInfo
D/ConnectivityService(  634): setProvNotificationVisibleIntent: E visible=false networkType=0 extraInfo=null
D/ConnectivityService(  634): registerNetworkAgent NetworkAgentInfo{ ni{[type: MOBILE[LTE], state: CONNECTED/CONNECTED, reason: connected, extra: uwap.orange.co.il, roaming: false, failover: false, isAvailable: true, isConnectedToProvisioningNetwork: false]}  network{null}  lp{{InterfaceName: usb0 LinkAddresses: [10.170.210.130/32,]  Routes: [0.0.0.0/0 -> 10.170.210.131 usb0,] DnsAddresses: [82.102.139.10,82.102.139.20,] Domains: null MTU: 1358 TcpBufferSizes: 655360,1310720,2621440,327680,655360,1310720}}  nc{[ Transports: CELLULAR Capabilities: MMS&SUPL&FOTA&IMS&CBS&IA&INTERNET&NOT_RESTRICTED&TRUSTED&NOT_VPN LinkUpBandwidth>=51200Kbps LinkDnBandwidth>=102400Kbps]}  Score{10} validated{false} created{false} explicitlySelected{false} }
D/ConnectivityService(  634): NetworkAgentInfo [MOBILE (LTE) - 117] EVENT_NETWORK_INFO_CHANGED, going from null to CONNECTED
D/ConnectivityService(  634): Adding iface usb0 to network 117
D/ConnectivityService(  634): Setting MTU size: usb0, 1358
D/ConnectivityService(  634): Adding Route [0.0.0.0/0 -> 10.170.210.131 usb0] to network 117
D/ConnectivityService(  634): Setting Dns servers for network 117 to [/82.102.139.10, /82.102.139.20]
D/Nat464Xlat(  634): requiresClat: netType=0, connected=true, hasIPv4Address=true
D/ConnectivityService(  634): notifyType IP_CHANGED for NetworkAgentInfo [MOBILE (LTE) - 117]
D/ConnectivityService(  634): notifyType PRECHECK for NetworkAgentInfo [MOBILE (LTE) - 117]
D/ConnectivityService(  634): rematching NetworkAgentInfo [MOBILE (LTE) - 117]
D/ConnectivityService(  634):    accepting network in place of null
D/ConnectivityService(  634): Setting tx/rx TCP buffers to 655360,1310720,2621440,327680,655360,1310720
D/CSLegacyTypeTracker(  634): Sending connected broadcast for type 0 NetworkAgentInfo [MOBILE (LTE) - 117] isDefaultNetwork=true
D/ConnectivityService(  634): sendStickyBroadcast: action=android.net.conn.CONNECTIVITY_CHANGE_IMMEDIATE
D/ConnectivityService(  634): Switching to new default network: NetworkAgentInfo{ ni{[type: MOBILE[LTE], state: CONNECTED/CONNECTED, reason: connected, extra: uwap.orange.co.il, roaming: false, failover: false, isAvailable: true, isConnectedToProvisioningNetwork: false]}  network{117}  lp{{InterfaceName: usb0 LinkAddresses: [10.170.210.130/32,]  Routes: [0.0.0.0/0 -> 10.170.210.131 usb0,] DnsAddresses: [82.102.139.10,82.102.139.20,] Domains: null MTU: 1358 TcpBufferSizes: 655360,1310720,2621440,327680,655360,1310720}}  nc{[ Transports: CELLULAR Capabilities: MMS&SUPL&FOTA&IMS&CBS&IA&INTERNET&NOT_RESTRICTED&TRUSTED&NOT_VPN LinkUpBandwidth>=51200Kbps LinkDnBandwidth>=102400Kbps]}  Score{10} validated{false} created{true} explicitlySelected{false} }
D/ConnectivityService(  634): notifyType AVAILABLE for NetworkAgentInfo [MOBILE (LTE) - 117]
D/ConnectivityService(  634): Validated NetworkAgentInfo [MOBILE (LTE) - 117]
D/ConnectivityService(  634): rematching NetworkAgentInfo [MOBILE (LTE) - 117]
D/ConnectivityService(  634): Network NetworkAgentInfo [MOBILE (LTE) - 117] was already satisfying request 1. No change.
D/ConnectivityService(  634): notifyType AVAILABLE for NetworkAgentInfo [MOBILE (LTE) - 117]
E/ActivityThread( 1080): Failed to find provider info for com.google.android.wearable.settings
W/BroadcastQueue(  634): Reject to launch app com.ddm.iptools/10199 for broadcast: App Op 48
W/BroadcastQueue(  634): Reject to launch app com.adobe.reader/10038 for broadcast: App Op 48
W/BroadcastQueue(  634): Reject to launch app com.twitter.android/10018 for broadcast: App Op 48
W/BroadcastQueue(  634): Reject to launch app com.ted.android/10188 for broadcast: App Op 48
W/BroadcastQueue(  634): Reject to launch app com.bambuna.podcastaddict/10162 for broadcast: App Op 48
W/BroadcastQueue(  634): Reject to launch app com.ddm.iptools/10199 for broadcast: App Op 48
W/BroadcastQueue(  634): Reject to launch app com.adobe.reader/10038 for broadcast: App Op 48
W/BroadcastQueue(  634): Reject to launch app com.twitter.android/10018 for broadcast: App Op 48
W/BroadcastQueue(  634): Reject to launch app com.ted.android/10188 for broadcast: App Op 48
D/ConnectivityService(  634): Validated NetworkAgentInfo [MOBILE (LTE) - 117]
D/ConnectivityService(  634): rematching NetworkAgentInfo [MOBILE (LTE) - 117]
D/ConnectivityService(  634): Network NetworkAgentInfo [MOBILE (LTE) - 117] was already satisfying request 1. No change.
D/ConnectivityService(  634): notifyType AVAILABLE for NetworkAgentInfo [MOBILE (LTE) - 117]
D/ConnectivityService(  634): sendStickyBroadcast: action=android.net.conn.INET_CONDITION_ACTION
D/ConnectivityService(  634): NetTransition Wakelock (NetworkAgentInfo [WIFI () - 116] cleared because we found a replacement network
W/BroadcastQueue(  634): Reject to launch app com.ted.android/10188 for broadcast: App Op 48
D/ConnectivityService(  634): sendStickyBroadcast: action=android.net.conn.CONNECTIVITY_CHANGE
W/BroadcastQueue(  634): Reject to launch app com.bambuna.podcastaddict/10162 for broadcast: App Op 48
I/ActivityManager(  634): START u0 {act=android.intent.action.MAIN cat=[android.intent.category.HOME] flg=0x10200000 cmp=com.asus.launcher/com.android.launcher3.Launcher} from uid 1000 on display 0
V/ActivityManager(  634): Displayed ActivityRecord{3c2bc01 u0 com.asus.launcher/com.android.launcher3.Launcher t659} Resume. Not First Launch.
W/InputMethodManagerService(  634): Focus gain on non-focused client com.android.internal.view.IInputMethodClient$Stub$Proxy@17caac7a (uid=1000 pid=2956)
I/ActivityManager(  634): START u0 {act=android.intent.action.MAIN cat=[android.intent.category.HOME] flg=0x10200000 cmp=com.asus.launcher/com.android.launcher3.Launcher} from uid 1000 on display 0
I/ActivityManager(  634): Waited long enough for: ServiceRecord{3cb3e109 u0 dp.ws.popcorntime/se.popcorn_time.base.torrent.TorrentService}
W/BroadcastQueue(  634): Reject to launch app com.ddm.iptools/10199 for broadcast: App Op 48
