V/ActivityManager(  634): Displayed ActivityRecord{b04615f u0 com.ninegag.android.app/.ui.HomeActivity t777} Resume. Not First Launch.
W/BroadcastQueue(  634): Reject to launch app eu.chainfire.supersu/10123 for broadcast: App Op 48
W/BroadcastQueue(  634): Reject to launch app com.tranzmate/10149 for broadcast: App Op 48
W/InputMethodManagerService(  634): Window already focused, ignoring focus gain of: com.android.internal.view.IInputMethodClient$Stub$Proxy@218e7944 attribute=android.view.inputmethod.EditorInfo@1348a2d, token = android.os.BinderProxy@150dfad4
E/ActivityThread( 2794): Failed to find provider info for com.facebook.katana.provider.AttributionIdProvider
I/ActivityManager(  634): START u0 {act=android.intent.action.MAIN cat=[android.intent.category.HOME] flg=0x10200000 cmp=com.asus.launcher/com.android.launcher3.Launcher} from uid 1000 on display 0
V/ActivityManager(  634): Displayed ActivityRecord{3c2bc01 u0 com.asus.launcher/com.android.launcher3.Launcher t659} Resume. Not First Launch.
I/ActivityManager(  634): START u0 {act=com.android.systemui.recents.SHOW_RECENTS flg=0x10804000 cmp=com.android.systemui/.recents.RecentsActivity (has extras)} from uid 10020 on display 0
V/ActivityManager(  634): Displayed ActivityRecord{2c68cf38 u0 com.android.systemui/.recents.RecentsActivity t666} Resume. Not First Launch.
I/ActivityManager(  634): Killing 6603:android.process.acore/u0a26 (adj 15): empty #17
W/libprocessgroup(  634): failed to open /acct/uid_10026/pid_6603/cgroup.procs: No such file or directory
I/ActivityManager(  634): Killing 2794:com.ninegag.android.app/u0a143 (adj 16): remove task
D/ConnectivityService(  634): ConnectivityService NetworkRequestInfo binderDied(NetworkRequest [ id=50, legacyType=-1, [ Capabilities: INTERNET&NOT_RESTRICTED&TRUSTED&NOT_VPN] ], android.os.BinderProxy@194b2ad1)
D/ConnectivityService(  634): releasing NetworkRequest NetworkRequest [ id=50, legacyType=-1, [ Capabilities: INTERNET&NOT_RESTRICTED&TRUSTED&NOT_VPN] ]
E/ConnectivityService(  634): RemoteException caught trying to send a callback msg for NetworkRequest [ id=50, legacyType=-1, [ Capabilities: INTERNET&NOT_RESTRICTED&TRUSTED&NOT_VPN] ]
W/libprocessgroup(  634): failed to open /acct/uid_10143/pid_2794/cgroup.procs: No such file or directory
W/ActivityManager(  634): Scheduling restart of crashed service com.ninegag.android.app/.service.TaskQueueService in 1000ms
I/ActivityManager(  634): START u0 {act=android.intent.action.MAIN cat=[android.intent.category.HOME] flg=0x10200000 cmp=com.asus.launcher/com.android.launcher3.Launcher} from uid 10020 on display 0
V/ActivityManager(  634): Displayed ActivityRecord{3c2bc01 u0 com.asus.launcher/com.android.launcher3.Launcher t659} Resume. Not First Launch.
D/TaskPersister(  634): removeObsoleteFile: deleting file=775_task.xml
D/TaskPersister(  634): removeObsoleteFile: deleting file=776_task.xml
D/TaskPersister(  634): removeObsoleteFile: deleting file=777_task.xml
D/TaskPersister(  634): removeObsoleteFile: deleting file=775_task_thumbnail.png
D/TaskPersister(  634): removeObsoleteFile: deleting file=776_task_thumbnail.png
D/TaskPersister(  634): removeObsoleteFile: deleting file=777_task_thumbnail.png
I/ActivityManager(  634): Killing 2823:dp.ws.popcorntime/u0a165 (adj 16): remove task
W/libprocessgroup(  634): failed to open /acct/uid_10165/pid_2823/cgroup.procs: No such file or directory
I/ActivityManager(  634): Start proc com.ninegag.android.app for service com.ninegag.android.app/.service.TaskQueueService: pid=7725 uid=10143 gids={50143, 9997, 3003, 1028, 1015} abi=x86
I/ActivityManager(  634): START u0 {act=android.intent.action.MAIN cat=[android.intent.category.LAUNCHER] flg=0x10200000 cmp=com.mzusman.bluetooth/.activities.LoginActivity (has extras)} from uid 10013 on display 0
I/ActivityManager(  634): Start proc com.mzusman.bluetooth for activity com.mzusman.bluetooth/.activities.LoginActivity: pid=7821 uid=10218 gids={50218, 9997, 3002, 3003} abi=x86
D/PowerUI (  831): dismiss Low BatteryWarning  level: 28
I/ActivityManager(  634): START u0 {cmp=com.mzusman.bluetooth/.activities.MainActivity (has extras)} from uid 10218 on display 0
W/InputMethodManagerService(  634): Window already focused, ignoring focus gain of: com.android.internal.view.IInputMethodClient$Stub$Proxy@8f29c43 attribute=null, token = android.os.BinderProxy@1c803e5c
W/InputMethodManagerService(  634): Window already focused, ignoring focus gain of: com.android.internal.view.IInputMethodClient$Stub$Proxy@2db12d52 attribute=null, token = android.os.BinderProxy@1c803e5c
I/ActivityManager(  634): START u0 {act=com.android.systemui.recents.SHOW_RECENTS flg=0x10804000 cmp=com.android.systemui/.recents.RecentsActivity (has extras)} from uid 10020 on display 0
V/ActivityManager(  634): Displayed ActivityRecord{2c68cf38 u0 com.android.systemui/.recents.RecentsActivity t666} Resume. Not First Launch.
I/ActivityManager(  634): Killing 7821:com.mzusman.bluetooth/u0a218 (adj 2): remove task
I/WindowState(  634): WIN DEATH: Window{cc2c565 u0 com.mzusman.bluetooth/com.mzusman.bluetooth.activities.MainActivity}
I/WindowState(  634): WIN DEATH: Window{38af0120 u0 com.mzusman.bluetooth/com.mzusman.bluetooth.activities.MainActivity}
W/libprocessgroup(  634): failed to open /acct/uid_10218/pid_7821/cgroup.procs: No such file or directory
I/ActivityManager(  634): START u0 {act=android.intent.action.MAIN cat=[android.intent.category.HOME] flg=0x10200000 cmp=com.asus.launcher/com.android.launcher3.Launcher} from uid 10020 on display 0
V/ActivityManager(  634): Displayed ActivityRecord{3c2bc01 u0 com.asus.launcher/com.android.launcher3.Launcher t659} Resume. Not First Launch.
D/TaskPersister(  634): removeObsoleteFile: deleting file=778_task.xml
D/TaskPersister(  634): removeObsoleteFile: deleting file=778_task_thumbnail.png
W/InputMethodManagerService(  634): Starting input on non-focused client com.android.internal.view.IInputMethodClient$Stub$Proxy@319755cf (uid=10020 pid=831)
D/PowerUI (  831): dismiss Low BatteryWarning  level: 28
I/ActivityManager(  634): Killing 7136:com.asus.email:exchange/u0a9 (adj 15): empty #17
W/libprocessgroup(  634): failed to open /acct/uid_10009/pid_7136/cgroup.procs: No such file or directory
D/PowerUI (  831): dismiss Low BatteryWarning  level: 28
D/BrightnessHandler(  634): com.android.server.display.HardwareHandler@1fd241d9 setBrightness(i)=10, 1000
D/BrightnessHandler(  634): com.android.server.display.HardwareHandler@1fd241d9 setBrightness(i)=10, 1000
D/BrightnessHandler(  634): com.android.server.display.HardwareHandler@1fd241d9 setBrightness(i)=10, 1000
D/PowerUI (  831): dismiss Low BatteryWarning  level: 28
F/libc    ( 8933): Fatal signal 6 (SIGABRT), code -6 in tid 8933 (main)
I/DEBUG   (  304): *** *** *** *** *** *** *** *** *** *** *** *** *** *** *** ***
I/DEBUG   (  304): Build fingerprint: 'asus/WW_Z00A/Z00A_1:5.0/LRX21V/2.13.40.13_20150401_8390_user:user/release-keys'
I/DEBUG   (  304): Revision: '0'
I/DEBUG   (  304): ABI: 'x86'
I/DEBUG   (  304): pid: 8933, tid: 8933, name: main  >>> app_process <<<
I/DEBUG   (  304): signal 6 (SIGABRT), code -6 (SI_TKILL), fault addr --------
W/NativeCrashListener(  634): Couldn't find ProcessRecord for pid 8933
I/DEBUG   (  304): Abort message: 'art/runtime/thread.cc:1113] Throwing new exception 'android.os.Debug' with unexpected pending exception: java.lang.UnsatisfiedLinkError: android.os.Debug'
I/DEBUG   (  304):     eax 00000000  ebx 000022e5  ecx 000022e5  edx 00000006
I/DEBUG   (  304):     esi f77d9f08  edi 00000002
I/DEBUG   (  304):     xcs 00000023  xds 0000002b  xes 0000002b  xfs 00000007  xss 0000002b
I/DEBUG   (  304):     eip f773b756  ebp 000022e5  esp ff939da0  flags 00000202
I/DEBUG   (  304): 
I/DEBUG   (  304): backtrace:
I/DEBUG   (  304):     #00 pc 00084756  /system/lib/libc.so (tgkill+22)
I/DEBUG   (  304):     #01 pc 00031223  /system/lib/libc.so (pthread_kill+163)
I/DEBUG   (  304):     #02 pc 00032af5  /system/lib/libc.so (raise+37)
I/DEBUG   (  304):     #03 pc 0002ac75  /system/lib/libc.so (abort+85)
I/DEBUG   (  304):     #04 pc 00375be7  /system/lib/libart.so (art::Runtime::Abort()+295)
I/DEBUG   (  304):     #05 pc 000eb134  /system/lib/libart.so (art::LogMessage::~LogMessage()+1668)
I/DEBUG   (  304):     #06 pc 0038fe80  /system/lib/libart.so (art::Thread::AssertNoPendingExceptionForNewException(char const*) const+512)
I/DEBUG   (  304):     #07 pc 00394896  /system/lib/libart.so (art::Thread::ThrowNewException(art::ThrowLocation const&, char const*, char const*)+38)
I/DEBUG   (  304):     #08 pc 00121b68  /system/lib/libart.so (art::ThrowEarlierClassFailure(art::mirror::Class*)+232)
I/DEBUG   (  304):     #09 pc 00137b5e  /system/lib/libart.so (art::ClassLinker::EnsureResolved(art::Thread*, char const*, art::mirror::Class*)+670)
I/DEBUG   (  304):     #10 pc 00139c5f  /system/lib/libart.so (art::ClassLinker::FindClassInPathClassLoader(art::ScopedObjectAccessAlreadyRunnable&, art::Thread*, char const*, art::Handle<art::mirror::ClassLoader>)+287)
I/DEBUG   (  304):     #11 pc 00342d98  /system/lib/libart.so (art::VMClassLoader_findLoadedClass(_JNIEnv*, _jclass*, _jobject*, _jstring*)+408)
I/DEBUG   (  304):     #12 pc 00021556  /system/framework/x86/boot.oat
I/BootReceiver(  634): Copying /data/tombstones/tombstone_09 to DropBox (SYSTEM_TOMBSTONE)
D/PowerUI (  831): dismiss Low BatteryWarning  level: 28
D/PowerUI (  831): dismiss Low BatteryWarning  level: 28
D/PowerUI (  831): dismiss Low BatteryWarning  level: 28
D/PowerUI (  831): dismiss Low BatteryWarning  level: 28
D/PowerUI (  831): dismiss Low BatteryWarning  level: 28
D/PowerUI (  831): dismiss Low BatteryWarning  level: 28
--------- beginning of main
D/Utilities( 1041): Checking country code
D/AbstractSync( 1041): Process sync is beginning----
D/CdnSync ( 1041): CDN url is: http://dlcdnamax.asus.com/cy/Rel/Recommendation/com.asus.launcher/phone/curated.zip
D/FileUtilities( 1041): Starting download zip file from url...
W/FileUtilities( 1041): No file to download. Server replied HTTP code: 404
D/AbstractSync( 1041): Sync failed, just return
D/AbstractSync( 1041): Sync curated Finished, status: 1
D/[ASUS_SDK]( 1041): CDN Sync classification: 2 finished status: 1
D/[ASUS_SDK]( 1041): CDN Sync classification: 2 finished status: 1
D/[ASUS_SDK]( 1041): CDN Sync classification: 2 finished status: 1
D/PartitionSyncService( 1041): PartitionSyncService has been triggered, appsSource: 1
D/Utilities( 1041): Checking country code
D/RecommendationAPI( 1041): Trigger CDN Sync AdNetwork Apps Service
D/PartitionSyncService( 1041): Client create perform partition sync intent
D/RecommendationAPI( 1041): Trigger CDN Sync Curated Apps Service
D/PartitionSyncService( 1041): Client create perform partition sync intent
D/AbstractSync( 1041): Process sync is beginning----
D/CdnSync ( 1041): CDN url is: http://dlcdnamax.asus.com/cy/Rel/Recommendation/com.asus.launcher/phone/adnetwork.zip
D/FileUtilities( 1041): Starting download zip file from url...
W/FileUtilities( 1041): No file to download. Server replied HTTP code: 404
D/AbstractSync( 1041): Sync failed, just return
D/AbstractSync( 1041): Sync adnetwork Finished, status: 1
D/[ASUS_SDK]( 1041): CDN Sync classification: 1 finished status: 1
D/[ASUS_SDK]( 1041): CDN Sync classification: 1 finished status: 1
D/[ASUS_SDK]( 1041): CDN Sync classification: 1 finished status: 1
D/RecommendationAPI( 1041): Trigger CDN Sync AdNetwork Apps Service
D/PartitionSyncService( 1041): Client create perform partition sync intent
D/RecommendationAPI( 1041): Trigger CDN Sync Curated Apps Service
D/PartitionSyncService( 1041): Client create perform partition sync intent
D/PartitionSyncService( 1041): PartitionSyncService has been triggered, appsSource: 2
D/Utilities( 1041): Checking country code
D/AbstractSync( 1041): Process sync is beginning----
D/CdnSync ( 1041): CDN url is: http://dlcdnamax.asus.com/cy/Rel/Recommendation/com.asus.launcher/phone/curated.zip
D/FileUtilities( 1041): Starting download zip file from url...
W/FileUtilities( 1041): No file to download. Server replied HTTP code: 404
D/AbstractSync( 1041): Sync failed, just return
D/AbstractSync( 1041): Sync curated Finished, status: 1
D/wpa_supplicant( 5460): wlan0: Control interface command 'SIGNAL_POLL'
D/WifiWatchdogStateMachine(  634): RSSI current: 3 new: -60, 3
D/[ASUS_SDK]( 1041): CDN Sync classification: 2 finished status: 1
D/[ASUS_SDK]( 1041): CDN Sync classification: 2 finished status: 1
D/[ASUS_SDK]( 1041): CDN Sync classification: 2 finished status: 1
D/PartitionSyncService( 1041): PartitionSyncService has been triggered, appsSource: 1
D/Utilities( 1041): Checking country code
D/AbstractSync( 1041): Process sync is beginning----
D/CdnSync ( 1041): CDN url is: http://dlcdnamax.asus.com/cy/Rel/Recommendation/com.asus.launcher/phone/adnetwork.zip
D/FileUtilities( 1041): Starting download zip file from url...
W/FileUtilities( 1041): No file to download. Server replied HTTP code: 404
D/AbstractSync( 1041): Sync failed, just return
D/AbstractSync( 1041): Sync adnetwork Finished, status: 1
D/[ASUS_SDK]( 1041): CDN Sync classification: 1 finished status: 1
D/[ASUS_SDK]( 1041): CDN Sync classification: 1 finished status: 1
D/[ASUS_SDK]( 1041): CDN Sync classification: 1 finished status: 1
D/PartitionSyncService( 1041): PartitionSyncService has been triggered, appsSource: 2
D/Utilities( 1041): Checking country code
D/AbstractSync( 1041): Process sync is beginning----
D/CdnSync ( 1041): CDN url is: http://dlcdnamax.asus.com/cy/Rel/Recommendation/com.asus.launcher/phone/curated.zip
D/FileUtilities( 1041): Starting download zip file from url...
W/FileUtilities( 1041): No file to download. Server replied HTTP code: 404
D/AbstractSync( 1041): Sync failed, just return
D/AbstractSync( 1041): Sync curated Finished, status: 1
D/[ASUS_SDK]( 1041): CDN Sync classification: 2 finished status: 1
D/[ASUS_SDK]( 1041): CDN Sync classification: 2 finished status: 1
D/[ASUS_SDK]( 1041): CDN Sync classification: 2 finished status: 1
D/PartitionSyncService( 1041): PartitionSyncService has been triggered, appsSource: 1
D/Utilities( 1041): Checking country code
D/RecommendationAPI( 1041): Trigger CDN Sync AdNetwork Apps Service
D/PartitionSyncService( 1041): Client create perform partition sync intent
D/RecommendationAPI( 1041): Trigger CDN Sync Curated Apps Service
D/PartitionSyncService( 1041): Client create perform partition sync intent
D/AbstractSync( 1041): Process sync is beginning----
D/CdnSync ( 1041): CDN url is: http://dlcdnamax.asus.com/cy/Rel/Recommendation/com.asus.launcher/phone/adnetwork.zip
D/FileUtilities( 1041): Starting download zip file from url...
D/RecommendationAPI( 1041): Trigger CDN Sync AdNetwork Apps Service
D/PartitionSyncService( 1041): Client create perform partition sync intent
D/RecommendationAPI( 1041): Trigger CDN Sync Curated Apps Service
D/PartitionSyncService( 1041): Client create perform partition sync intent
W/FileUtilities( 1041): No file to download. Server replied HTTP code: 404
D/AbstractSync( 1041): Sync failed, just return
D/AbstractSync( 1041): Sync adnetwork Finished, status: 1
D/[ASUS_SDK]( 1041): CDN Sync classification: 1 finished status: 1
D/[ASUS_SDK]( 1041): CDN Sync classification: 1 finished status: 1
D/[ASUS_SDK]( 1041): CDN Sync classification: 1 finished status: 1
D/PartitionSyncService( 1041): PartitionSyncService has been triggered, appsSource: 2
D/Utilities( 1041): Checking country code
D/AbstractSync( 1041): Process sync is beginning----
D/CdnSync ( 1041): CDN url is: http://dlcdnamax.asus.com/cy/Rel/Recommendation/com.asus.launcher/phone/curated.zip
D/FileUtilities( 1041): Starting download zip file from url...
D/RecommendationAPI( 1041): Trigger CDN Sync AdNetwork Apps Service
D/PartitionSyncService( 1041): Client create perform partition sync intent
D/RecommendationAPI( 1041): Trigger CDN Sync Curated Apps Service
D/PartitionSyncService( 1041): Client create perform partition sync intent
W/FileUtilities( 1041): No file to download. Server replied HTTP code: 404
D/AbstractSync( 1041): Sync failed, just return
D/AbstractSync( 1041): Sync curated Finished, status: 1
D/[ASUS_SDK]( 1041): CDN Sync classification: 2 finished status: 1
D/[ASUS_SDK]( 1041): CDN Sync classification: 2 finished status: 1
D/[ASUS_SDK]( 1041): CDN Sync classification: 2 finished status: 1
D/PartitionSyncService( 1041): PartitionSyncService has been triggered, appsSource: 1
D/Utilities( 1041): Checking country code
D/AbstractSync( 1041): Process sync is beginning----
D/CdnSync ( 1041): CDN url is: http://dlcdnamax.asus.com/cy/Rel/Recommendation/com.asus.launcher/phone/adnetwork.zip
D/FileUtilities( 1041): Starting download zip file from url...
W/FileUtilities( 1041): No file to download. Server replied HTTP code: 404
D/AbstractSync( 1041): Sync failed, just return
D/AbstractSync( 1041): Sync adnetwork Finished, status: 1
D/[ASUS_SDK]( 1041): CDN Sync classification: 1 finished status: 1
D/[ASUS_SDK]( 1041): CDN Sync classification: 1 finished status: 1
D/[ASUS_SDK]( 1041): CDN Sync classification: 1 finished status: 1
D/PartitionSyncService( 1041): PartitionSyncService has been triggered, appsSource: 2
D/Utilities( 1041): Checking country code
D/AbstractSync( 1041): Process sync is beginning----
D/CdnSync ( 1041): CDN url is: http://dlcdnamax.asus.com/cy/Rel/Recommendation/com.asus.launcher/phone/curated.zip
D/FileUtilities( 1041): Starting download zip file from url...
W/FileUtilities( 1041): No file to download. Server replied HTTP code: 404
D/AbstractSync( 1041): Sync failed, just return
D/AbstractSync( 1041): Sync curated Finished, status: 1
D/[ASUS_SDK]( 1041): CDN Sync classification: 2 finished status: 1
D/[ASUS_SDK]( 1041): CDN Sync classification: 2 finished status: 1
D/[ASUS_SDK]( 1041): CDN Sync classification: 2 finished status: 1
D/PartitionSyncService( 1041): PartitionSyncService has been triggered, appsSource: 1
D/Utilities( 1041): Checking country code
D/RecommendationAPI( 1041): Trigger CDN Sync AdNetwork Apps Service
D/PartitionSyncService( 1041): Client create perform partition sync intent
D/RecommendationAPI( 1041): Trigger CDN Sync Curated Apps Service
D/PartitionSyncService( 1041): Client create perform partition sync intent
D/WifiWatchdogStateMachine(  634): CurrentRSSI:-60
D/wpa_supplicant( 5460): wlan0: Control interface command 'SIGNAL_POLL'
D/WifiWatchdogStateMachine(  634): RSSI current: 3 new: -60, 3
D/AbstractSync( 1041): Process sync is beginning----
D/CdnSync ( 1041): CDN url is: http://dlcdnamax.asus.com/cy/Rel/Recommendation/com.asus.launcher/phone/adnetwork.zip
D/FileUtilities( 1041): Starting download zip file from url...
D/wpa_supplicant( 5460): wlan0: Control interface command 'PKTCNT_POLL'
D/WifiWatchdogStateMachine(  634): Fetch RSSI succeed, rssi=-60 mrssi=-60 txbad=1355 txgood=41996
D/RecommendationAPI( 1041): Trigger CDN Sync AdNetwork Apps Service
D/PartitionSyncService( 1041): Client create perform partition sync intent
D/RecommendationAPI( 1041): Trigger CDN Sync Curated Apps Service
D/PartitionSyncService( 1041): Client create perform partition sync intent
W/FileUtilities( 1041): No file to download. Server replied HTTP code: 404
D/AbstractSync( 1041): Sync failed, just return
D/AbstractSync( 1041): Sync adnetwork Finished, status: 1
D/[ASUS_SDK]( 1041): CDN Sync classification: 1 finished status: 1
D/[ASUS_SDK]( 1041): CDN Sync classification: 1 finished status: 1
D/[ASUS_SDK]( 1041): CDN Sync classification: 1 finished status: 1
D/PartitionSyncService( 1041): PartitionSyncService has been triggered, appsSource: 2
D/Utilities( 1041): Checking country code
D/AbstractSync( 1041): Process sync is beginning----
D/CdnSync ( 1041): CDN url is: http://dlcdnamax.asus.com/cy/Rel/Recommendation/com.asus.launcher/phone/curated.zip
D/FileUtilities( 1041): Starting download zip file from url...
W/FileUtilities( 1041): No file to download. Server replied HTTP code: 404
D/AbstractSync( 1041): Sync failed, just return
D/AbstractSync( 1041): Sync curated Finished, status: 1
D/[ASUS_SDK]( 1041): CDN Sync classification: 2 finished status: 1
D/[ASUS_SDK]( 1041): CDN Sync classification: 2 finished status: 1
D/[ASUS_SDK]( 1041): CDN Sync classification: 2 finished status: 1
D/PartitionSyncService( 1041): PartitionSyncService has been triggered, appsSource: 1
D/Utilities( 1041): Checking country code
D/AbstractSync( 1041): Process sync is beginning----
D/CdnSync ( 1041): CDN url is: http://dlcdnamax.asus.com/cy/Rel/Recommendation/com.asus.launcher/phone/adnetwork.zip
D/FileUtilities( 1041): Starting download zip file from url...
W/FileUtilities( 1041): No file to download. Server replied HTTP code: 404
D/AbstractSync( 1041): Sync failed, just return
D/AbstractSync( 1041): Sync adnetwork Finished, status: 1
D/[ASUS_SDK]( 1041): CDN Sync classification: 1 finished status: 1
D/[ASUS_SDK]( 1041): CDN Sync classification: 1 finished status: 1
D/[ASUS_SDK]( 1041): CDN Sync classification: 1 finished status: 1
D/PartitionSyncService( 1041): PartitionSyncService has been triggered, appsSource: 2
D/Utilities( 1041): Checking country code
D/AbstractSync( 1041): Process sync is beginning----
D/CdnSync ( 1041): CDN url is: http://dlcdnamax.asus.com/cy/Rel/Recommendation/com.asus.launcher/phone/curated.zip
D/FileUtilities( 1041): Starting download zip file from url...
W/FileUtilities( 1041): No file to download. Server replied HTTP code: 404
D/AbstractSync( 1041): Sync failed, just return
D/AbstractSync( 1041): Sync curated Finished, status: 1
D/RecommendationAPI( 1041): Trigger CDN Sync AdNetwork Apps Service
D/PartitionSyncService( 1041): Client create perform partition sync intent
D/RecommendationAPI( 1041): Trigger CDN Sync Curated Apps Service
D/PartitionSyncService( 1041): Client create perform partition sync intent
D/[ASUS_SDK]( 1041): CDN Sync classification: 2 finished status: 1
D/[ASUS_SDK]( 1041): CDN Sync classification: 2 finished status: 1
D/[ASUS_SDK]( 1041): CDN Sync classification: 2 finished status: 1
D/PartitionSyncService( 1041): PartitionSyncService has been triggered, appsSource: 1
D/Utilities( 1041): Checking country code
D/RecommendationAPI( 1041): Trigger CDN Sync AdNetwork Apps Service
D/PartitionSyncService( 1041): Client create perform partition sync intent
D/RecommendationAPI( 1041): Trigger CDN Sync Curated Apps Service
D/PartitionSyncService( 1041): Client create perform partition sync intent
D/AbstractSync( 1041): Process sync is beginning----
D/CdnSync ( 1041): CDN url is: http://dlcdnamax.asus.com/cy/Rel/Recommendation/com.asus.launcher/phone/adnetwork.zip
D/FileUtilities( 1041): Starting download zip file from url...
W/FileUtilities( 1041): No file to download. Server replied HTTP code: 404
D/AbstractSync( 1041): Sync failed, just return
D/AbstractSync( 1041): Sync adnetwork Finished, status: 1
D/[ASUS_SDK]( 1041): CDN Sync classification: 1 finished status: 1
D/[ASUS_SDK]( 1041): CDN Sync classification: 1 finished status: 1
D/[ASUS_SDK]( 1041): CDN Sync classification: 1 finished status: 1
D/PartitionSyncService( 1041): PartitionSyncService has been triggered, appsSource: 2
D/Utilities( 1041): Checking country code
D/RecommendationAPI( 1041): Trigger CDN Sync AdNetwork Apps Service
D/PartitionSyncService( 1041): Client create perform partition sync intent
D/RecommendationAPI( 1041): Trigger CDN Sync Curated Apps Service
D/PartitionSyncService( 1041): Client create perform partition sync intent
D/RecommendationAPI( 1041): Trigger CDN Sync AdNetwork Apps Service
D/PartitionSyncService( 1041): Client create perform partition sync intent
D/RecommendationAPI( 1041): Trigger CDN Sync Curated Apps Service
D/PartitionSyncService( 1041): Client create perform partition sync intent
D/RecommendationAPI( 1041): Trigger CDN Sync AdNetwork Apps Service
D/PartitionSyncService( 1041): Client create perform partition sync intent
D/RecommendationAPI( 1041): Trigger CDN Sync Curated Apps Service
D/PartitionSyncService( 1041): Client create perform partition sync intent
D/RecommendationAPI( 1041): Trigger CDN Sync AdNetwork Apps Service
D/PartitionSyncService( 1041): Client create perform partition sync intent
D/RecommendationAPI( 1041): Trigger CDN Sync Curated Apps Service
D/PartitionSyncService( 1041): Client create perform partition sync intent
I/art     ( 1041): Explicit concurrent mark sweep GC freed 152014(7MB) AllocSpace objects, 0(0B) LOS objects, 19% free, 68MB/84MB, paused 1.087ms total 89.513ms
D/RecommendationAPI( 1041): Trigger CDN Sync AdNetwork Apps Service
D/PartitionSyncService( 1041): Client create perform partition sync intent
D/RecommendationAPI( 1041): Trigger CDN Sync Curated Apps Service
D/PartitionSyncService( 1041): Client create perform partition sync intent
D/RecommendationAPI( 1041): Trigger CDN Sync AdNetwork Apps Service
D/PartitionSyncService( 1041): Client create perform partition sync intent
D/RecommendationAPI( 1041): Trigger CDN Sync Curated Apps Service
D/PartitionSyncService( 1041): Client create perform partition sync intent
D/StatusBar.NetworkController(  831): getSlotId(3)=0
D/StatusBar.NetworkController(  831): persist.asus.mobile_slot=0
D/StatusBar.NetworkController(  831): hasService slot=0|state=0
D/StatusBar.NetworkController(  831): refreshViews connected={ wifi } level=3?? combinedSignalIconId=0x0/(null) mobileLabel= wifiLabel=zusman_net_2.4_EXT emergencyOnly[0]=false emergencyOnly[1]=false combinedLabel=zusman_net_2.4_EXT mAirplaneMode=false mDataActivity[0]=3 mDataActivity[1]=0 mPhoneSignalIconId[0]=0x7f02031a mPhoneSignalIconId[1]=0x0 mQSPhoneSignalIconId[0]=0x7f020221 mQSPhoneSignalIconId[1]=0x0 mDataSignalIconId[0]=0x7f02031a mDataSignalIconId[1]=0x0 mDataTypeIconId[0]=0x0 mDataTypeIconId[1]=0x0 mQSDataTypeIconId[0]=0x0 mQSDataTypeIconId[1]=0x0 mRoamomg[0]=false mRoamomg[1]=false mIsNoSim[0]=false mIsNoSim[1]=true mWifiIconId=0x7f020331 mQSWifiIconId=0x7f02023f mBluetoothTetherIconId=0x7f020323
D/SignalClusterView(  831): vpn: GONE
D/SignalClusterView(  831): wifi: VISIBLE sig=2130838321 act=2130838314
D/SignalClusterView(  831): mobile[0]: VISIBLE sig=2130838298 typ=0
D/SignalClusterView(  831): mobile[1]: VISIBLE sig=0 typ=0
D/SignalClusterView(  831): vpn: GONE
D/SignalClusterView(  831): wifi: VISIBLE sig=2130838321 act=2130838314
D/SignalClusterView(  831): mobile[0]: VISIBLE sig=2130838298 typ=0
D/SignalClusterView(  831): mobile[1]: VISIBLE sig=0 typ=0
D/hwcomposer(  245): void android::intel::DisplayAnalyzer::handleIdleExitEvent(): handling idle exit event
D/hwcomposer(  245): void android::intel::UeventObserver::onUevent(): received Uevent: REPEATED_FRAME
D/hwcomposer(  245): virtual void android::intel::Hwcomposer::invalidate(): invalidating screen...
D/hwcomposer(  245): void android::intel::DisplayAnalyzer::handleIdleEntryEvent(int): handling idle entry event, count 0
D/RecommendationAPI( 1041): Trigger CDN Sync AdNetwork Apps Service
D/PartitionSyncService( 1041): Client create perform partition sync intent
D/RecommendationAPI( 1041): Trigger CDN Sync Curated Apps Service
D/PartitionSyncService( 1041): Client create perform partition sync intent
D/wpa_supplicant( 5460): wlan0: Control interface command 'SIGNAL_POLL'
D/RecommendationAPI( 1041): Trigger CDN Sync AdNetwork Apps Service
D/PartitionSyncService( 1041): Client create perform partition sync intent
D/RecommendationAPI( 1041): Trigger CDN Sync Curated Apps Service
D/PartitionSyncService( 1041): Client create perform partition sync intent
D/WifiWatchdogStateMachine(  634): RSSI current: 3 new: -61, 3
D/RecommendationAPI( 1041): Trigger CDN Sync AdNetwork Apps Service
D/PartitionSyncService( 1041): Client create perform partition sync intent
D/RecommendationAPI( 1041): Trigger CDN Sync Curated Apps Service
D/PartitionSyncService( 1041): Client create perform partition sync intent
D/RecommendationAPI( 1041): Trigger CDN Sync AdNetwork Apps Service
D/PartitionSyncService( 1041): Client create perform partition sync intent
D/RecommendationAPI( 1041): Trigger CDN Sync Curated Apps Service
D/PartitionSyncService( 1041): Client create perform partition sync intent
D/StatusBar.NetworkController(  831): getSlotId(3)=0
D/StatusBar.NetworkController(  831): persist.asus.mobile_slot=0
D/StatusBar.NetworkController(  831): hasService slot=0|state=0
D/StatusBar.NetworkController(  831): refreshViews connected={ wifi } level=3?? combinedSignalIconId=0x0/(null) mobileLabel= wifiLabel=zusman_net_2.4_EXT emergencyOnly[0]=false emergencyOnly[1]=false combinedLabel=zusman_net_2.4_EXT mAirplaneMode=false mDataActivity[0]=3 mDataActivity[1]=0 mPhoneSignalIconId[0]=0x7f02031a mPhoneSignalIconId[1]=0x0 mQSPhoneSignalIconId[0]=0x7f020221 mQSPhoneSignalIconId[1]=0x0 mDataSignalIconId[0]=0x7f02031a mDataSignalIconId[1]=0x0 mDataTypeIconId[0]=0x0 mDataTypeIconId[1]=0x0 mQSDataTypeIconId[0]=0x0 mQSDataTypeIconId[1]=0x0 mRoamomg[0]=false mRoamomg[1]=false mIsNoSim[0]=false mIsNoSim[1]=true mWifiIconId=0x7f020331 mQSWifiIconId=0x7f02023f mBluetoothTetherIconId=0x7f020323
D/SignalClusterView(  831): vpn: GONE
D/SignalClusterView(  831): wifi: VISIBLE sig=2130838321 act=2130838313
D/RecommendationAPI( 1041): Trigger CDN Sync AdNetwork Apps Service
D/PartitionSyncService( 1041): Client create perform partition sync intent
D/SignalClusterView(  831): mobile[0]: VISIBLE sig=2130838298 typ=0
D/SignalClusterView(  831): mobile[1]: VISIBLE sig=0 typ=0
D/SignalClusterView(  831): vpn: GONE
D/SignalClusterView(  831): wifi: VISIBLE sig=2130838321 act=2130838313
D/RecommendationAPI( 1041): Trigger CDN Sync Curated Apps Service
D/PartitionSyncService( 1041): Client create perform partition sync intent
D/SignalClusterView(  831): mobile[0]: VISIBLE sig=2130838298 typ=0
D/SignalClusterView(  831): mobile[1]: VISIBLE sig=0 typ=0
D/hwcomposer(  245): void android::intel::DisplayAnalyzer::handleIdleExitEvent(): handling idle exit event
D/hwcomposer(  245): void android::intel::UeventObserver::onUevent(): received Uevent: REPEATED_FRAME
D/hwcomposer(  245): virtual void android::intel::Hwcomposer::invalidate(): invalidating screen...
D/hwcomposer(  245): void android::intel::DisplayAnalyzer::handleIdleEntryEvent(int): handling idle entry event, count 0
D/WifiWatchdogStateMachine(  634): CurrentRSSI:-61
D/wpa_supplicant( 5460): wlan0: Control interface command 'SIGNAL_POLL'
D/WifiWatchdogStateMachine(  634): RSSI current: 3 new: -61, 3
D/wpa_supplicant( 5460): wlan0: Control interface command 'PKTCNT_POLL'
D/WifiWatchdogStateMachine(  634): Fetch RSSI succeed, rssi=-61 mrssi=-60 txbad=1355 txgood=41999
D/WifiWatchdogStateMachine(  634): Incremental loss=0/3 Current loss=0% volume=3.65
D/WifiWatchdogStateMachine(  634): Cache updated: loss[-60]=1.25% volume=23.6
D/RecommendationAPI( 1041): Trigger CDN Sync AdNetwork Apps Service
D/PartitionSyncService( 1041): Client create perform partition sync intent
D/RecommendationAPI( 1041): Trigger CDN Sync Curated Apps Service
D/PartitionSyncService( 1041): Client create perform partition sync intent
D/RecommendationAPI( 1041): Trigger CDN Sync AdNetwork Apps Service
D/PartitionSyncService( 1041): Client create perform partition sync intent
D/RecommendationAPI( 1041): Trigger CDN Sync Curated Apps Service
D/PartitionSyncService( 1041): Client create perform partition sync intent
D/RecommendationAPI( 1041): Trigger CDN Sync AdNetwork Apps Service
D/PartitionSyncService( 1041): Client create perform partition sync intent
D/RecommendationAPI( 1041): Trigger CDN Sync Curated Apps Service
D/PartitionSyncService( 1041): Client create perform partition sync intent
D/StatusBar.NetworkController(  831): getSlotId(3)=0
D/StatusBar.NetworkController(  831): persist.asus.mobile_slot=0
D/StatusBar.NetworkController(  831): hasService slot=0|state=0
D/StatusBar.NetworkController(  831): refreshViews connected={ wifi } level=3?? combinedSignalIconId=0x0/(null) mobileLabel= wifiLabel=zusman_net_2.4_EXT emergencyOnly[0]=false emergencyOnly[1]=false combinedLabel=zusman_net_2.4_EXT mAirplaneMode=false mDataActivity[0]=3 mDataActivity[1]=0 mPhoneSignalIconId[0]=0x7f02031a mPhoneSignalIconId[1]=0x0 mQSPhoneSignalIconId[0]=0x7f020221 mQSPhoneSignalIconId[1]=0x0 mDataSignalIconId[0]=0x7f02031a mDataSignalIconId[1]=0x0 mDataTypeIconId[0]=0x0 mDataTypeIconId[1]=0x0 mQSDataTypeIconId[0]=0x0 mQSDataTypeIconId[1]=0x0 mRoamomg[0]=false mRoamomg[1]=false mIsNoSim[0]=false mIsNoSim[1]=true mWifiIconId=0x7f020331 mQSWifiIconId=0x7f02023f mBluetoothTetherIconId=0x7f020323
D/SignalClusterView(  831): vpn: GONE
D/RecommendationAPI( 1041): Trigger CDN Sync AdNetwork Apps Service
D/SignalClusterView(  831): wifi: VISIBLE sig=2130838321 act=2130838312
D/PartitionSyncService( 1041): Client create perform partition sync intent
D/SignalClusterView(  831): mobile[0]: VISIBLE sig=2130838298 typ=0
D/RecommendationAPI( 1041): Trigger CDN Sync Curated Apps Service
D/PartitionSyncService( 1041): Client create perform partition sync intent
D/SignalClusterView(  831): mobile[1]: VISIBLE sig=0 typ=0
D/SignalClusterView(  831): vpn: GONE
D/SignalClusterView(  831): wifi: VISIBLE sig=2130838321 act=2130838312
D/SignalClusterView(  831): mobile[0]: VISIBLE sig=2130838298 typ=0
D/SignalClusterView(  831): mobile[1]: VISIBLE sig=0 typ=0
D/hwcomposer(  245): void android::intel::DisplayAnalyzer::handleIdleExitEvent(): handling idle exit event
D/RecommendationAPI( 1041): Trigger CDN Sync AdNetwork Apps Service
D/PartitionSyncService( 1041): Client create perform partition sync intent
D/RecommendationAPI( 1041): Trigger CDN Sync Curated Apps Service
D/PartitionSyncService( 1041): Client create perform partition sync intent
D/hwcomposer(  245): void android::intel::UeventObserver::onUevent(): received Uevent: REPEATED_FRAME
D/hwcomposer(  245): virtual void android::intel::Hwcomposer::invalidate(): invalidating screen...
D/hwcomposer(  245): void android::intel::DisplayAnalyzer::handleIdleEntryEvent(int): handling idle entry event, count 0
D/RecommendationAPI( 1041): Trigger CDN Sync AdNetwork Apps Service
D/PartitionSyncService( 1041): Client create perform partition sync intent
D/RecommendationAPI( 1041): Trigger CDN Sync Curated Apps Service
D/PartitionSyncService( 1041): Client create perform partition sync intent
D/RecommendationAPI( 1041): Trigger CDN Sync AdNetwork Apps Service
D/PartitionSyncService( 1041): Client create perform partition sync intent
D/RecommendationAPI( 1041): Trigger CDN Sync Curated Apps Service
D/PartitionSyncService( 1041): Client create perform partition sync intent
D/RecommendationAPI( 1041): Trigger CDN Sync AdNetwork Apps Service
D/PartitionSyncService( 1041): Client create perform partition sync intent
D/StatusBar.NetworkController(  831): getSlotId(3)=0
D/StatusBar.NetworkController(  831): persist.asus.mobile_slot=0
D/StatusBar.NetworkController(  831): hasService slot=0|state=0
D/StatusBar.NetworkController(  831): refreshViews connected={ wifi } level=3?? combinedSignalIconId=0x0/(null) mobileLabel= wifiLabel=zusman_net_2.4_EXT emergencyOnly[0]=false emergencyOnly[1]=false combinedLabel=zusman_net_2.4_EXT mAirplaneMode=false mDataActivity[0]=3 mDataActivity[1]=0 mPhoneSignalIconId[0]=0x7f02031a mPhoneSignalIconId[1]=0x0 mQSPhoneSignalIconId[0]=0x7f020221 mQSPhoneSignalIconId[1]=0x0 mDataSignalIconId[0]=0x7f02031a mDataSignalIconId[1]=0x0 mDataTypeIconId[0]=0x0 mDataTypeIconId[1]=0x0 mQSDataTypeIconId[0]=0x0 mQSDataTypeIconId[1]=0x0 mRoamomg[0]=false mRoamomg[1]=false mIsNoSim[0]=false mIsNoSim[1]=true mWifiIconId=0x7f020331 mQSWifiIconId=0x7f02023f mBluetoothTetherIconId=0x7f020323
D/SignalClusterView(  831): vpn: GONE
D/RecommendationAPI( 1041): Trigger CDN Sync Curated Apps Service
D/PartitionSyncService( 1041): Client create perform partition sync intent
D/SignalClusterView(  831): wifi: VISIBLE sig=2130838321 act=2130838313
D/SignalClusterView(  831): mobile[0]: VISIBLE sig=2130838298 typ=0
D/SignalClusterView(  831): mobile[1]: VISIBLE sig=0 typ=0
D/SignalClusterView(  831): vpn: GONE
D/SignalClusterView(  831): wifi: VISIBLE sig=2130838321 act=2130838313
D/SignalClusterView(  831): mobile[0]: VISIBLE sig=2130838298 typ=0
D/SignalClusterView(  831): mobile[1]: VISIBLE sig=0 typ=0
D/hwcomposer(  245): void android::intel::DisplayAnalyzer::handleIdleExitEvent(): handling idle exit event
D/RecommendationAPI( 1041): Trigger CDN Sync AdNetwork Apps Service
D/PartitionSyncService( 1041): Client create perform partition sync intent
D/RecommendationAPI( 1041): Trigger CDN Sync Curated Apps Service
D/PartitionSyncService( 1041): Client create perform partition sync intent
D/hwcomposer(  245): void android::intel::UeventObserver::onUevent(): received Uevent: REPEATED_FRAME
D/hwcomposer(  245): virtual void android::intel::Hwcomposer::invalidate(): invalidating screen...
D/hwcomposer(  245): void android::intel::DisplayAnalyzer::handleIdleEntryEvent(int): handling idle entry event, count 0
D/RecommendationAPI( 1041): Trigger CDN Sync AdNetwork Apps Service
D/PartitionSyncService( 1041): Client create perform partition sync intent
D/RecommendationAPI( 1041): Trigger CDN Sync Curated Apps Service
D/PartitionSyncService( 1041): Client create perform partition sync intent
D/wpa_supplicant( 5460): wlan0: Control interface command 'SIGNAL_POLL'
D/WifiWatchdogStateMachine(  634): RSSI current: 3 new: -61, 3
D/RecommendationAPI( 1041): Trigger CDN Sync AdNetwork Apps Service
D/PartitionSyncService( 1041): Client create perform partition sync intent
D/RecommendationAPI( 1041): Trigger CDN Sync Curated Apps Service
D/PartitionSyncService( 1041): Client create perform partition sync intent
D/RecommendationAPI( 1041): Trigger CDN Sync AdNetwork Apps Service
D/PartitionSyncService( 1041): Client create perform partition sync intent
D/RecommendationAPI( 1041): Trigger CDN Sync Curated Apps Service
D/PartitionSyncService( 1041): Client create perform partition sync intent
D/RecommendationAPI( 1041): Trigger CDN Sync AdNetwork Apps Service
D/PartitionSyncService( 1041): Client create perform partition sync intent
D/RecommendationAPI( 1041): Trigger CDN Sync Curated Apps Service
D/PartitionSyncService( 1041): Client create perform partition sync intent
D/RecommendationAPI( 1041): Trigger CDN Sync AdNetwork Apps Service
D/PartitionSyncService( 1041): Client create perform partition sync intent
D/RecommendationAPI( 1041): Trigger CDN Sync Curated Apps Service
D/PartitionSyncService( 1041): Client create perform partition sync intent
D/RecommendationAPI( 1041): Trigger CDN Sync AdNetwork Apps Service
D/PartitionSyncService( 1041): Client create perform partition sync intent
D/RecommendationAPI( 1041): Trigger CDN Sync Curated Apps Service
D/PartitionSyncService( 1041): Client create perform partition sync intent
D/WifiWatchdogStateMachine(  634): CurrentRSSI:-61
D/wpa_supplicant( 5460): wlan0: Control interface command 'SIGNAL_POLL'
D/wpa_supplicant( 5460): wlan0: Control interface command 'PKTCNT_POLL'
D/WifiWatchdogStateMachine(  634): RSSI current: 3 new: -61, 3
D/WifiWatchdogStateMachine(  634): Fetch RSSI succeed, rssi=-61 mrssi=-61 txbad=1355 txgood=42004
D/WifiWatchdogStateMachine(  634): Incremental loss=0/5 Current loss=0% volume=4.33
D/WifiWatchdogStateMachine(  634): Cache updated: loss[-61]=2.52% volume=12.32
D/RecommendationAPI( 1041): Trigger CDN Sync AdNetwork Apps Service
D/PartitionSyncService( 1041): Client create perform partition sync intent
D/RecommendationAPI( 1041): Trigger CDN Sync Curated Apps Service
D/PartitionSyncService( 1041): Client create perform partition sync intent
D/RecommendationAPI( 1041): Trigger CDN Sync AdNetwork Apps Service
D/PartitionSyncService( 1041): Client create perform partition sync intent
D/RecommendationAPI( 1041): Trigger CDN Sync Curated Apps Service
D/PartitionSyncService( 1041): Client create perform partition sync intent
D/RecommendationAPI( 1041): Trigger CDN Sync AdNetwork Apps Service
D/PartitionSyncService( 1041): Client create perform partition sync intent
D/RecommendationAPI( 1041): Trigger CDN Sync Curated Apps Service
D/PartitionSyncService( 1041): Client create perform partition sync intent
D/RecommendationAPI( 1041): Trigger CDN Sync AdNetwork Apps Service
D/PartitionSyncService( 1041): Client create perform partition sync intent
D/RecommendationAPI( 1041): Trigger CDN Sync Curated Apps Service
D/PartitionSyncService( 1041): Client create perform partition sync intent
D/RecommendationAPI( 1041): Trigger CDN Sync AdNetwork Apps Service
D/PartitionSyncService( 1041): Client create perform partition sync intent
D/RecommendationAPI( 1041): Trigger CDN Sync Curated Apps Service
D/PartitionSyncService( 1041): Client create perform partition sync intent
D/RecommendationAPI( 1041): Trigger CDN Sync AdNetwork Apps Service
D/PartitionSyncService( 1041): Client create perform partition sync intent
D/RecommendationAPI( 1041): Trigger CDN Sync Curated Apps Service
D/PartitionSyncService( 1041): Client create perform partition sync intent
D/RecommendationAPI( 1041): Trigger CDN Sync AdNetwork Apps Service
D/PartitionSyncService( 1041): Client create perform partition sync intent
D/RecommendationAPI( 1041): Trigger CDN Sync Curated Apps Service
D/PartitionSyncService( 1041): Client create perform partition sync intent
D/StatusBar.NetworkController(  831): getSlotId(3)=0
D/StatusBar.NetworkController(  831): persist.asus.mobile_slot=0
D/StatusBar.NetworkController(  831): hasService slot=0|state=0
D/StatusBar.NetworkController(  831): refreshViews connected={ wifi } level=3?? combinedSignalIconId=0x0/(null) mobileLabel= wifiLabel=zusman_net_2.4_EXT emergencyOnly[0]=false emergencyOnly[1]=false combinedLabel=zusman_net_2.4_EXT mAirplaneMode=false mDataActivity[0]=3 mDataActivity[1]=0 mPhoneSignalIconId[0]=0x7f02031a mPhoneSignalIconId[1]=0x0 mQSPhoneSignalIconId[0]=0x7f020221 mQSPhoneSignalIconId[1]=0x0 mDataSignalIconId[0]=0x7f02031a mDataSignalIconId[1]=0x0 mDataTypeIconId[0]=0x0 mDataTypeIconId[1]=0x0 mQSDataTypeIconId[0]=0x0 mQSDataTypeIconId[1]=0x0 mRoamomg[0]=false mRoamomg[1]=false mIsNoSim[0]=false mIsNoSim[1]=true mWifiIconId=0x7f020331 mQSWifiIconId=0x7f02023f mBluetoothTetherIconId=0x7f020323
D/SignalClusterView(  831): vpn: GONE
D/SignalClusterView(  831): wifi: VISIBLE sig=2130838321 act=2130838312
D/SignalClusterView(  831): mobile[0]: VISIBLE sig=2130838298 typ=0
D/SignalClusterView(  831): mobile[1]: VISIBLE sig=0 typ=0
D/SignalClusterView(  831): vpn: GONE
D/SignalClusterView(  831): wifi: VISIBLE sig=2130838321 act=2130838312
D/SignalClusterView(  831): mobile[0]: VISIBLE sig=2130838298 typ=0
D/SignalClusterView(  831): mobile[1]: VISIBLE sig=0 typ=0
D/hwcomposer(  245): void android::intel::DisplayAnalyzer::handleIdleExitEvent(): handling idle exit event
D/hwcomposer(  245): void android::intel::UeventObserver::onUevent(): received Uevent: REPEATED_FRAME
D/hwcomposer(  245): virtual void android::intel::Hwcomposer::invalidate(): invalidating screen...
D/hwcomposer(  245): void android::intel::DisplayAnalyzer::handleIdleEntryEvent(int): handling idle entry event, count 0
D/RecommendationAPI( 1041): Trigger CDN Sync AdNetwork Apps Service
D/PartitionSyncService( 1041): Client create perform partition sync intent
D/RecommendationAPI( 1041): Trigger CDN Sync Curated Apps Service
D/PartitionSyncService( 1041): Client create perform partition sync intent
D/RecommendationAPI( 1041): Trigger CDN Sync AdNetwork Apps Service
D/PartitionSyncService( 1041): Client create perform partition sync intent
D/RecommendationAPI( 1041): Trigger CDN Sync Curated Apps Service
D/PartitionSyncService( 1041): Client create perform partition sync intent
D/RecommendationAPI( 1041): Trigger CDN Sync AdNetwork Apps Service
D/PartitionSyncService( 1041): Client create perform partition sync intent
D/RecommendationAPI( 1041): Trigger CDN Sync Curated Apps Service
D/PartitionSyncService( 1041): Client create perform partition sync intent
D/wpa_supplicant( 5460): wlan0: Control interface command 'SIGNAL_POLL'
D/WifiWatchdogStateMachine(  634): RSSI current: 3 new: -61, 3
D/RecommendationAPI( 1041): Trigger CDN Sync AdNetwork Apps Service
D/PartitionSyncService( 1041): Client create perform partition sync intent
D/RecommendationAPI( 1041): Trigger CDN Sync Curated Apps Service
D/PartitionSyncService( 1041): Client create perform partition sync intent
D/RecommendationAPI( 1041): Trigger CDN Sync AdNetwork Apps Service
D/PartitionSyncService( 1041): Client create perform partition sync intent
D/RecommendationAPI( 1041): Trigger CDN Sync Curated Apps Service
D/PartitionSyncService( 1041): Client create perform partition sync intent
D/StatusBar.NetworkController(  831): getSlotId(3)=0
D/StatusBar.NetworkController(  831): persist.asus.mobile_slot=0
D/StatusBar.NetworkController(  831): hasService slot=0|state=0
D/StatusBar.NetworkController(  831): refreshViews connected={ wifi } level=3?? combinedSignalIconId=0x0/(null) mobileLabel= wifiLabel=zusman_net_2.4_EXT emergencyOnly[0]=false emergencyOnly[1]=false combinedLabel=zusman_net_2.4_EXT mAirplaneMode=false mDataActivity[0]=3 mDataActivity[1]=0 mPhoneSignalIconId[0]=0x7f02031a mPhoneSignalIconId[1]=0x0 mQSPhoneSignalIconId[0]=0x7f020221 mQSPhoneSignalIconId[1]=0x0 mDataSignalIconId[0]=0x7f02031a mDataSignalIconId[1]=0x0 mDataTypeIconId[0]=0x0 mDataTypeIconId[1]=0x0 mQSDataTypeIconId[0]=0x0 mQSDataTypeIconId[1]=0x0 mRoamomg[0]=false mRoamomg[1]=false mIsNoSim[0]=false mIsNoSim[1]=true mWifiIconId=0x7f020331 mQSWifiIconId=0x7f02023f mBluetoothTetherIconId=0x7f020323
D/SignalClusterView(  831): vpn: GONE
D/SignalClusterView(  831): wifi: VISIBLE sig=2130838321 act=2130838313
D/SignalClusterView(  831): mobile[0]: VISIBLE sig=2130838298 typ=0
D/SignalClusterView(  831): mobile[1]: VISIBLE sig=0 typ=0
D/SignalClusterView(  831): vpn: GONE
D/SignalClusterView(  831): wifi: VISIBLE sig=2130838321 act=2130838313
D/SignalClusterView(  831): mobile[0]: VISIBLE sig=2130838298 typ=0
D/SignalClusterView(  831): mobile[1]: VISIBLE sig=0 typ=0
D/hwcomposer(  245): void android::intel::DisplayAnalyzer::handleIdleExitEvent(): handling idle exit event
D/hwcomposer(  245): void android::intel::UeventObserver::onUevent(): received Uevent: REPEATED_FRAME
D/hwcomposer(  245): virtual void android::intel::Hwcomposer::invalidate(): invalidating screen...
D/hwcomposer(  245): void android::intel::DisplayAnalyzer::handleIdleEntryEvent(int): handling idle entry event, count 0
D/WifiWatchdogStateMachine(  634): CurrentRSSI:-61
D/wpa_supplicant( 5460): wlan0: Control interface command 'SIGNAL_POLL'
D/RecommendationAPI( 1041): Trigger CDN Sync AdNetwork Apps Service
D/PartitionSyncService( 1041): Client create perform partition sync intent
D/RecommendationAPI( 1041): Trigger CDN Sync Curated Apps Service
D/PartitionSyncService( 1041): Client create perform partition sync intent
D/wpa_supplicant( 5460): wlan0: Control interface command 'PKTCNT_POLL'
D/WifiWatchdogStateMachine(  634): RSSI current: 3 new: -61, 3
D/WifiWatchdogStateMachine(  634): Fetch RSSI succeed, rssi=-61 mrssi=-61 txbad=1355 txgood=42010
D/WifiWatchdogStateMachine(  634): Incremental loss=0/6 Current loss=0% volume=5.16
D/WifiWatchdogStateMachine(  634): Cache updated: loss[-61]=2.39% volume=11.69
D/RecommendationAPI( 1041): Trigger CDN Sync AdNetwork Apps Service
D/PartitionSyncService( 1041): Client create perform partition sync intent
D/RecommendationAPI( 1041): Trigger CDN Sync Curated Apps Service
D/PartitionSyncService( 1041): Client create perform partition sync intent
D/RecommendationAPI( 1041): Trigger CDN Sync AdNetwork Apps Service
D/PartitionSyncService( 1041): Client create perform partition sync intent
D/RecommendationAPI( 1041): Trigger CDN Sync Curated Apps Service
D/PartitionSyncService( 1041): Client create perform partition sync intent
D/RecommendationAPI( 1041): Trigger CDN Sync AdNetwork Apps Service
D/PartitionSyncService( 1041): Client create perform partition sync intent
D/RecommendationAPI( 1041): Trigger CDN Sync Curated Apps Service
D/PartitionSyncService( 1041): Client create perform partition sync intent
D/RecommendationAPI( 1041): Trigger CDN Sync AdNetwork Apps Service
D/PartitionSyncService( 1041): Client create perform partition sync intent
D/RecommendationAPI( 1041): Trigger CDN Sync Curated Apps Service
D/PartitionSyncService( 1041): Client create perform partition sync intent
D/RecommendationAPI( 1041): Trigger CDN Sync AdNetwork Apps Service
D/PartitionSyncService( 1041): Client create perform partition sync intent
D/RecommendationAPI( 1041): Trigger CDN Sync Curated Apps Service
D/PartitionSyncService( 1041): Client create perform partition sync intent
D/RecommendationAPI( 1041): Trigger CDN Sync AdNetwork Apps Service
D/PartitionSyncService( 1041): Client create perform partition sync intent
D/RecommendationAPI( 1041): Trigger CDN Sync Curated Apps Service
D/PartitionSyncService( 1041): Client create perform partition sync intent
D/RecommendationAPI( 1041): Trigger CDN Sync AdNetwork Apps Service
D/PartitionSyncService( 1041): Client create perform partition sync intent
D/RecommendationAPI( 1041): Trigger CDN Sync Curated Apps Service
D/PartitionSyncService( 1041): Client create perform partition sync intent
D/RecommendationAPI( 1041): Trigger CDN Sync AdNetwork Apps Service
D/PartitionSyncService( 1041): Client create perform partition sync intent
D/RecommendationAPI( 1041): Trigger CDN Sync Curated Apps Service
D/PartitionSyncService( 1041): Client create perform partition sync intent
D/RecommendationAPI( 1041): Trigger CDN Sync AdNetwork Apps Service
D/PartitionSyncService( 1041): Client create perform partition sync intent
D/RecommendationAPI( 1041): Trigger CDN Sync Curated Apps Service
D/PartitionSyncService( 1041): Client create perform partition sync intent
D/StatusBar.NetworkController(  831): getSlotId(3)=0
D/StatusBar.NetworkController(  831): persist.asus.mobile_slot=0
D/StatusBar.NetworkController(  831): hasService slot=0|state=0
