V/ActivityManager(  634): Display changed displayId=0
I/DisplayPowerController(  634): Unblocked screen on after 102 ms
D/BrightnessHandler(  634): com.android.server.display.HardwareHandler@1fd241d9 setBrightness(i)=38, 0
D/BrightnessHandler(  634): com.android.server.display.HardwareHandler@1fd241d9 setBrightness(i)=38, 0
V/KeyguardDisplayManager(  831): hide
V/ActivityManager(  634): Displayed ActivityRecord{3c2bc01 u0 com.asus.launcher/com.android.launcher3.Launcher t659} Resume. Not First Launch.
W/BroadcastQueue(  634): Reject to launch app eu.chainfire.supersu/10123 for broadcast: App Op 48
W/BroadcastQueue(  634): Reject to launch app com.tranzmate/10149 for broadcast: App Op 48
W/InputMethodManagerService(  634): Window already focused, ignoring focus gain of: com.android.internal.view.IInputMethodClient$Stub$Proxy@357a4b28 attribute=android.view.inputmethod.EditorInfo@10e86041, token = android.os.BinderProxy@3763def
D/Systemui.doubletap(  831): onDown!
V/Quicksettings.Boost(  831): Get available memory from Taskmanager:757596160
V/Quicksettings.Boost(  831): Text for boost: 722 MB
D/WifiService(  634): setWifiEnabled: false pid=831, uid=10020
E/WifiService(  634): Invoking mWifiStateMachine.setWifiEnabled
D/WifiService(  634): setWifiEnabled: true pid=831, uid=10020
E/WifiService(  634): Invoking mWifiStateMachine.setWifiEnabled
D/WifiCsmClient(  634): startAsync error com.intel.cws.cwsservicemanager.CsmException: No modem.
W/BackupManagerService(  634): dataChanged but no participant pkg='com.android.providers.settings' uid=1001
D/ConnectivityService(  634): NetworkAgentInfo [MOBILE (LTE) - 125] EVENT_NETWORK_INFO_CHANGED, going from CONNECTED to DISCONNECTED
D/ConnectivityService(  634): NetworkAgentInfo [MOBILE (LTE) - 125] got DISCONNECTED, was satisfying 4
D/ConnectivityService(  634): reportBadNetwork(NetworkAgentInfo [MOBILE (LTE) - 125]) by 10033
D/ConnectivityService(  634): notifyType LOST for NetworkAgentInfo [MOBILE (LTE) - 125]
D/Nat464Xlat(  634): requiresClat: netType=0, connected=false, hasIPv4Address=true
D/CSLegacyTypeTracker(  634): Sending disconnected broadcast for type 0 NetworkAgentInfo [MOBILE (LTE) - 125] isDefaultNetwork=true
D/ConnectivityService(  634): sendStickyBroadcast: action=android.net.conn.CONNECTIVITY_CHANGE_IMMEDIATE
D/ConnectivityService(  634): sendStickyBroadcast: action=android.net.conn.CONNECTIVITY_CHANGE_IMMEDIATE
D/ConnectivityService(  634): Checking for replacement network to handle request NetworkRequest [ id=1, legacyType=-1, [ Capabilities: INTERNET&NOT_RESTRICTED&TRUSTED&NOT_VPN] ]
I/ActivityManager(  634): START u0 {act=android.settings.WIFI_SETTINGS flg=0x14000000 cmp=com.android.settings/.Settings$WifiSettingsActivity} from uid 10020 on display 0
E/WifiP2pService(  634): Unable to change interface settings: java.lang.IllegalStateException: command '624 interface setcfg p2p0 0.0.0.0 0 up' failed with '400 624 Failed to set address (No such device)'
I/ActivityManager(  634): Start proc com.android.settings for activity com.android.settings/.Settings$WifiSettingsActivity: pid=5398 uid=1000 gids={41000, 9997, 3003, 3002, 3001, 1028, 1015, 1023} abi=x86
D/WifiService(  634): New client listening to asynchronous messages
D/ConnectivityService(  634): sendStickyBroadcast: action=android.net.conn.CONNECTIVITY_CHANGE
D/ConnectivityService(  634): sendStickyBroadcast: action=android.net.conn.CONNECTIVITY_CHANGE
W/BroadcastQueue(  634): Reject to launch app com.bambuna.podcastaddict/10162 for broadcast: App Op 48
W/BroadcastQueue(  634): Reject to launch app com.ddm.iptools/10199 for broadcast: App Op 48
W/BroadcastQueue(  634): Reject to launch app com.adobe.reader/10038 for broadcast: App Op 48
W/BroadcastQueue(  634): Reject to launch app com.twitter.android/10018 for broadcast: App Op 48
W/BroadcastQueue(  634): Reject to launch app com.ted.android/10188 for broadcast: App Op 48
W/BroadcastQueue(  634): Reject to launch app com.bambuna.podcastaddict/10162 for broadcast: App Op 48
D/ConnectivityService(  634): registerNetworkAgent create NetworkAgentInfo
D/ConnectivityService(  634): registerNetworkAgent NetworkAgentInfo{ ni{[type: WIFI[], state: CONNECTING/CONNECTING, reason: (unspecified), extra: "zusman_net_2.4_EXT", roaming: false, failover: false, isAvailable: true, isConnectedToProvisioningNetwork: false]}  network{null}  lp{{LinkAddresses: []  Routes: [] DnsAddresses: [] Domains: null MTU: 0 TcpBufferSizes: 4096,87380,2097152,4096,16384,2097152}}  nc{[ Transports: WIFI Capabilities: INTERNET&NOT_RESTRICTED&TRUSTED&NOT_VPN LinkUpBandwidth>=1048576Kbps LinkDnBandwidth>=1048576Kbps]}  Score{20} validated{false} created{false} explicitlySelected{false} }
D/ConnectivityService(  634): NetworkAgentInfo [WIFI () - 127] EVENT_NETWORK_INFO_CHANGED, going from null to CONNECTING
D/ConnectivityService(  634): updateNetworkScore for NetworkAgentInfo [WIFI () - 127] to 60
W/BroadcastQueue(  634): Reject to launch app com.ddm.iptools/10199 for broadcast: App Op 48
W/BroadcastQueue(  634): Reject to launch app com.adobe.reader/10038 for broadcast: App Op 48
W/BroadcastQueue(  634): Reject to launch app com.twitter.android/10018 for broadcast: App Op 48
W/BroadcastQueue(  634): Reject to launch app com.ted.android/10188 for broadcast: App Op 48
D/WifiService(  634): setWifiEnabled: false pid=5398, uid=1000
E/WifiService(  634): Invoking mWifiStateMachine.setWifiEnabled
D/ConnectivityService(  634): NetworkAgentInfo [WIFI () - 127] EVENT_NETWORK_INFO_CHANGED, going from CONNECTING to DISCONNECTED
D/ConnectivityService(  634): NetworkAgentInfo [WIFI () - 127] got DISCONNECTED, was satisfying 0
D/ConnectivityService(  634): notifyType LOST for NetworkAgentInfo [WIFI () - 127]
D/Nat464Xlat(  634): requiresClat: netType=1, connected=false, hasIPv4Address=false
E/ConnectivityService(  634): EVENT_NETWORK_INFO_CHANGED from unknown NetworkAgent
D/WifiService(  634): setWifiEnabled: true pid=5398, uid=1000
E/WifiService(  634): Invoking mWifiStateMachine.setWifiEnabled
D/WifiCsmClient(  634): startAsync error com.intel.cws.cwsservicemanager.CsmException: No modem.
E/WifiP2pService(  634): Unable to change interface settings: java.lang.IllegalStateException: command '640 interface setcfg p2p0 0.0.0.0 0 up' failed with '400 640 Failed to set address (No such device)'
D/ConnectivityService(  634): registerNetworkAgent create NetworkAgentInfo
D/ConnectivityService(  634): registerNetworkAgent NetworkAgentInfo{ ni{[type: WIFI[], state: CONNECTING/CONNECTING, reason: (unspecified), extra: "zusman_net_2.4_EXT", roaming: false, failover: false, isAvailable: true, isConnectedToProvisioningNetwork: false]}  network{null}  lp{{LinkAddresses: []  Routes: [] DnsAddresses: [] Domains: null MTU: 0 TcpBufferSizes: 4096,87380,2097152,4096,16384,2097152}}  nc{[ Transports: WIFI Capabilities: INTERNET&NOT_RESTRICTED&TRUSTED&NOT_VPN LinkUpBandwidth>=1048576Kbps LinkDnBandwidth>=1048576Kbps]}  Score{20} validated{false} created{false} explicitlySelected{false} }
D/ConnectivityService(  634): NetworkAgentInfo [WIFI () - 128] EVENT_NETWORK_INFO_CHANGED, going from null to CONNECTING
D/ConnectivityService(  634): updateNetworkScore for NetworkAgentInfo [WIFI () - 128] to 60
E/NetlinkEvent(  303): NetlinkEvent::FindParam(): Parameter 'INTERFACE' not found
E/NetlinkEvent(  303): NetlinkEvent::FindParam(): Parameter 'TIME_NS' not found
E/NetdConnector(  634): Error handling '613 IfaceClass idle (null)': java.lang.NumberFormatException: Invalid int: "(null)"
E/NetlinkEvent(  303): NetlinkEvent::FindParam(): Parameter 'INTERFACE' not found
E/NetlinkEvent(  303): NetlinkEvent::FindParam(): Parameter 'TIME_NS' not found
E/NetdConnector(  634): Error handling '613 IfaceClass active (null)': java.lang.NumberFormatException: Invalid int: "(null)"
D/NetlinkEvent(  303): Unknown ND option type 31
E/NetlinkEvent(  303): NetlinkEvent::FindParam(): Parameter 'INTERFACE' not found
E/NetlinkEvent(  303): NetlinkEvent::FindParam(): Parameter 'TIME_NS' not found
E/NetdConnector(  634): Error handling '613 IfaceClass idle (null)': java.lang.NumberFormatException: Invalid int: "(null)"
V/AlarmManager(  634): triggered: act=com.android.internal.telephony.data-reconnect.default Pkg: com.android.phone
D/ConnectivityService(  634): NetworkAgentInfo [WIFI () - 128] EVENT_NETWORK_INFO_CHANGED, going from CONNECTING to CONNECTED
D/ConnectivityService(  634): Adding iface wlan0 to network 128
E/NetlinkEvent(  303): NetlinkEvent::FindParam(): Parameter 'INTERFACE' not found
E/NetlinkEvent(  303): NetlinkEvent::FindParam(): Parameter 'TIME_NS' not found
E/NetdConnector(  634): Error handling '613 IfaceClass active (null)': java.lang.NumberFormatException: Invalid int: "(null)"
E/ConnectivityService(  634): Unexpected mtu value: 0, wlan0
D/ConnectivityService(  634): Adding Route [fe80::/64 -> :: wlan0] to network 128
D/ConnectivityService(  634): Adding Route [fd09:381c:77c8::/64 -> :: wlan0] to network 128
D/ConnectivityService(  634): Adding Route [10.0.0.0/24 -> 0.0.0.0 wlan0] to network 128
D/ConnectivityService(  634): Adding Route [0.0.0.0/0 -> 10.0.0.138 wlan0] to network 128
D/ConnectivityService(  634): Setting Dns servers for network 128 to [/fd09:381c:77c8:0:16ae:dbff:fe30:2350, /10.0.0.138]
D/Nat464Xlat(  634): requiresClat: netType=1, connected=true, hasIPv4Address=true
D/ConnectivityService(  634): notifyType IP_CHANGED for NetworkAgentInfo [WIFI () - 128]
D/ConnectivityService(  634): notifyType PRECHECK for NetworkAgentInfo [WIFI () - 128]
D/ConnectivityService(  634): rematching NetworkAgentInfo [WIFI () - 128]
D/ConnectivityService(  634):    accepting network in place of null
D/ConnectivityService(  634): Setting tx/rx TCP buffers to 4096,87380,2097152,4096,16384,2097152
D/CSLegacyTypeTracker(  634): Sending connected broadcast for type 1 NetworkAgentInfo [WIFI () - 128] isDefaultNetwork=true
D/ConnectivityService(  634): sendStickyBroadcast: action=android.net.conn.CONNECTIVITY_CHANGE_IMMEDIATE
D/ConnectivityService(  634): Switching to new default network: NetworkAgentInfo{ ni{[type: WIFI[], state: CONNECTED/CONNECTED, reason: (unspecified), extra: "zusman_net_2.4_EXT", roaming: false, failover: false, isAvailable: true, isConnectedToProvisioningNetwork: false]}  network{128}  lp{{InterfaceName: wlan0 LinkAddresses: [fe80::1e87:2cff:fe9d:4b9b/64,fd09:381c:77c8:0:1e87:2cff:fe9d:4b9b/64,fd09:381c:77c8:0:6467:c835:cfcc:ab72/64,10.0.0.29/24,]  Routes: [fe80::/64 -> :: wlan0,fd09:381c:77c8::/64 -> :: wlan0,10.0.0.0/24 -> 0.0.0.0 wlan0,0.0.0.0/0 -> 10.0.0.138 wlan0,] DnsAddresses: [fd09:381c:77c8:0:16ae:dbff:fe30:2350,10.0.0.138,] Domains: null MTU: 0 TcpBufferSizes: 4096,87380,2097152,4096,16384,2097152}}  nc{[ Transports: WIFI Capabilities: INTERNET&NOT_RESTRICTED&TRUSTED&NOT_VPN LinkUpBandwidth>=1048576Kbps LinkDnBandwidth>=1048576Kbps]}  Score{20} validated{false} created{true} explicitlySelected{false} }
D/ConnectivityService(  634): notifyType AVAILABLE for NetworkAgentInfo [WIFI () - 128]
D/ConnectivityService(  634): Validated NetworkAgentInfo [WIFI () - 128]
D/ConnectivityService(  634): rematching NetworkAgentInfo [WIFI () - 128]
D/ConnectivityService(  634): Network NetworkAgentInfo [WIFI () - 128] was already satisfying request 1. No change.
D/ConnectivityService(  634): notifyType AVAILABLE for NetworkAgentInfo [WIFI () - 128]
D/ConnectivityService(  634): NetTransition Wakelock (NetworkAgentInfo [MOBILE (LTE) - 125] cleared because we found a replacement network
D/ConnectivityService(  634): Validated NetworkAgentInfo [WIFI () - 128]
D/ConnectivityService(  634): rematching NetworkAgentInfo [WIFI () - 128]
D/ConnectivityService(  634): Network NetworkAgentInfo [WIFI () - 128] was already satisfying request 1. No change.
D/ConnectivityService(  634): notifyType AVAILABLE for NetworkAgentInfo [WIFI () - 128]
D/ConnectivityService(  634): sendStickyBroadcast: action=android.net.conn.INET_CONDITION_ACTION
D/ConnectivityService(  634): sendStickyBroadcast: action=android.net.conn.CONNECTIVITY_CHANGE
W/BroadcastQueue(  634): Reject to launch app com.bambuna.podcastaddict/10162 for broadcast: App Op 48
W/BroadcastQueue(  634): Reject to launch app com.ddm.iptools/10199 for broadcast: App Op 48
W/BroadcastQueue(  634): Reject to launch app com.adobe.reader/10038 for broadcast: App Op 48
W/BroadcastQueue(  634): Reject to launch app com.twitter.android/10018 for broadcast: App Op 48
W/BroadcastQueue(  634): Reject to launch app com.ted.android/10188 for broadcast: App Op 48
V/ActivityManager(  634): Displayed ActivityRecord{3c2bc01 u0 com.asus.launcher/com.android.launcher3.Launcher t659} Resume. Not First Launch.
I/ActivityManager(  634): Killing 3062:com.google.android.gms.unstable/u0a33 (adj 15): empty #17
E/NetlinkEvent(  303): NetlinkEvent::FindParam(): Parameter 'INTERFACE' not found
E/NetlinkEvent(  303): NetlinkEvent::FindParam(): Parameter 'TIME_NS' not found
E/NetdConnector(  634): Error handling '613 IfaceClass idle (null)': java.lang.NumberFormatException: Invalid int: "(null)"
W/libprocessgroup(  634): failed to open /acct/uid_10033/pid_3062/cgroup.procs: No such file or directory
I/ActivityManager(  634): START u0 {act=android.intent.action.MAIN flg=0x10000000 cmp=dp.ws.popcorntime/se.popcorn_time.mobile.ui.MainActivity bnds=[24,468][282,822]} from uid 10013 on display 0
I/ActivityManager(  634): Config changes=480 {0 1.0 425mcc1mnc en_US ldltr sw360dp w640dp h335dp 480dpi nrml long land finger -keyb/v/h -nav/h s.45 themePack=theme:com.sarveshgeetha.zenmaterialtheme-desc:name:Zen Materialauthor:Designed by Sarvesh Geethadescription:
I/ActivityManager(  634): Apply the theme to change:
I/ActivityManager(  634): - Lock screen
I/ActivityManager(  634): - Home screen
I/ActivityManager(  634): - Quick settings paneltheme-modules:{ymmud.semeht.susa.moc=module:ymmud.semeht.susa.mocasset-path:ymmud.semeht.susa.moc.apkarchive:/data/themepack-module/com.sarveshgeetha.zenmaterial/ymmud.semeht.susa.moc.apk}}
V/ActivityManager(  634): Display changed displayId=0
I/WindowManager(  634): Screen frozen for +1s46ms due to Window{30ca5c98 u0 dp.ws.popcorntime/se.popcorn_time.mobile.ui.MainActivity}
V/ActivityManager(  634): Display changed displayId=0
I/ActivityManager(  634): Config changes=480 {0 1.0 425mcc1mnc en_US ldltr sw360dp w360dp h615dp 480dpi nrml long port finger -keyb/v/h -nav/h s.46 themePack=theme:com.sarveshgeetha.zenmaterialtheme-desc:name:Zen Materialauthor:Designed by Sarvesh Geethadescription:
I/ActivityManager(  634): Apply the theme to change:
I/ActivityManager(  634): - Lock screen
I/ActivityManager(  634): - Home screen
I/ActivityManager(  634): - Quick settings paneltheme-modules:{ymmud.semeht.susa.moc=module:ymmud.semeht.susa.mocasset-path:ymmud.semeht.susa.moc.apkarchive:/data/themepack-module/com.sarveshgeetha.zenmaterial/ymmud.semeht.susa.moc.apk}}
I/WindowManager(  634): Screen frozen for +266ms due to Window{30ca5c98 u0 dp.ws.popcorntime/se.popcorn_time.mobile.ui.MainActivity}
V/AlarmManager(  634): triggered: act=com.whatsapp.messaging.MessageService.CLIENT_PINGER_ACTION Pkg: com.whatsapp
I/ActivityManager(  634): START u0 {cmp=dp.ws.popcorntime/se.popcorn_time.mobile.ui.VideoActivity (has extras)} from uid 10165 on display 0
W/InputMethodManagerService(  634): Window already focused, ignoring focus gain of: com.android.internal.view.IInputMethodClient$Stub$Proxy@3d792593 attribute=null, token = android.os.BinderProxy@2c7f9b17
E/NetlinkEvent(  303): NetlinkEvent::FindParam(): Parameter 'INTERFACE' not found
E/NetlinkEvent(  303): NetlinkEvent::FindParam(): Parameter 'TIME_NS' not found
E/NetdConnector(  634): Error handling '613 IfaceClass active (null)': java.lang.NumberFormatException: Invalid int: "(null)"
W/InputMethodManagerService(  634): Window already focused, ignoring focus gain of: com.android.internal.view.IInputMethodClient$Stub$Proxy@1a8c7da attribute=null, token = android.os.BinderProxy@2c7f9b17
E/NetlinkEvent(  303): NetlinkEvent::FindParam(): Parameter 'INTERFACE' not found
E/NetlinkEvent(  303): NetlinkEvent::FindParam(): Parameter 'TIME_NS' not found
E/NetdConnector(  634): Error handling '613 IfaceClass idle (null)': java.lang.NumberFormatException: Invalid int: "(null)"
E/NetlinkEvent(  303): NetlinkEvent::FindParam(): Parameter 'INTERFACE' not found
E/NetlinkEvent(  303): NetlinkEvent::FindParam(): Parameter 'TIME_NS' not found
E/NetdConnector(  634): Error handling '613 IfaceClass active (null)': java.lang.NumberFormatException: Invalid int: "(null)"
D/BrightnessHandler(  634): com.android.server.display.HardwareHandler@1fd241d9 setBrightness(i)=10, 1000
D/BrightnessHandler(  634): com.android.server.display.HardwareHandler@1fd241d9 setBrightness(i)=10, 1000
D/BrightnessHandler(  634): com.android.server.display.HardwareHandler@1fd241d9 setBrightness(i)=10, 1000
E/NetlinkEvent(  303): NetlinkEvent::FindParam(): Parameter 'INTERFACE' not found
E/NetlinkEvent(  303): NetlinkEvent::FindParam(): Parameter 'TIME_NS' not found
E/NetdConnector(  634): Error handling '613 IfaceClass idle (null)': java.lang.NumberFormatException: Invalid int: "(null)"
I/PowerManagerService(  634): Nap time (uid 1000)...
I/PowerManagerService(  634): Going to sleep due to screen timeout (uid 1000)...
I/PowerManagerService(  634): Sleeping (uid 1000)...
I/DisplayManagerService(  634): Display device changed: DisplayDeviceInfo{"Built-in Screen": 1080 x 1920, 60.000004 fps, supportedRefreshRates [60.000004], density 480, 403.0 x 403.0 dpi, appVsyncOff 7500000, presDeadline 12666666, touch INTERNAL, rotation 0, type BUILT_IN, state OFF, FLAG_DEFAULT_DISPLAY, FLAG_ROTATES_WITH_CONTENT, FLAG_SECURE, FLAG_SUPPORTS_PROTECTED_BUFFERS}
V/ActivityManager(  634): Display changed displayId=0
V/AlarmManager(  634): triggered: act=com.android.internal.policy.impl.PhoneWindowManager.DELAYED_KEYGUARD Pkg: com.android.systemui
V/KeyguardDisplayManager(  831): show
V/KeyguardStatusView(  831): refresh statusview showing:true
V/KeyguardSimpleHostView(  831): refresh statusview showing:true
W/ActivityManager(  634): Activity stop timeout for ActivityRecord{19fa6158 u0 dp.ws.popcorntime/se.popcorn_time.mobile.ui.VideoActivity t776}
V/AlarmManager(  634): triggered: act=com.asus.alarm.ALARM_CONTROL flg=0x40000000 Pkg: android
E/NetlinkEvent(  303): NetlinkEvent::FindParam(): Parameter 'INTERFACE' not found
E/NetlinkEvent(  303): NetlinkEvent::FindParam(): Parameter 'TIME_NS' not found
E/NetdConnector(  634): Error handling '613 IfaceClass active (null)': java.lang.NumberFormatException: Invalid int: "(null)"
E/NetlinkEvent(  303): NetlinkEvent::FindParam(): Parameter 'INTERFACE' not found
E/NetlinkEvent(  303): NetlinkEvent::FindParam(): Parameter 'TIME_NS' not found
E/NetdConnector(  634): Error handling '613 IfaceClass idle (null)': java.lang.NumberFormatException: Invalid int: "(null)"
E/NetlinkEvent(  303): NetlinkEvent::FindParam(): Parameter 'INTERFACE' not found
E/NetlinkEvent(  303): NetlinkEvent::FindParam(): Parameter 'TIME_NS' not found
E/NetdConnector(  634): Error handling '613 IfaceClass active (null)': java.lang.NumberFormatException: Invalid int: "(null)"
V/AlarmManager(  634): triggered: act=android.net.ConnectivityService.action.PKT_CNT_SAMPLE_INTERVAL_ELAPSED pkg=android Pkg: android
E/NetlinkEvent(  303): NetlinkEvent::FindParam(): Parameter 'INTERFACE' not found
E/NetlinkEvent(  303): NetlinkEvent::FindParam(): Parameter 'TIME_NS' not found
E/NetdConnector(  634): Error handling '613 IfaceClass idle (null)': java.lang.NumberFormatException: Invalid int: "(null)"
E/NetlinkEvent(  303): NetlinkEvent::FindParam(): Parameter 'INTERFACE' not found
E/NetlinkEvent(  303): NetlinkEvent::FindParam(): Parameter 'TIME_NS' not found
E/NetdConnector(  634): Error handling '613 IfaceClass active (null)': java.lang.NumberFormatException: Invalid int: "(null)"
E/NetlinkEvent(  303): NetlinkEvent::FindParam(): Parameter 'INTERFACE' not found
E/NetlinkEvent(  303): NetlinkEvent::FindParam(): Parameter 'TIME_NS' not found
E/NetdConnector(  634): Error handling '613 IfaceClass idle (null)': java.lang.NumberFormatException: Invalid int: "(null)"
I/UsageStatsService(  634): User[0] Flushing usage stats to disk
E/NetlinkEvent(  303): NetlinkEvent::FindParam(): Parameter 'INTERFACE' not found
E/NetlinkEvent(  303): NetlinkEvent::FindParam(): Parameter 'TIME_NS' not found
E/NetdConnector(  634): Error handling '613 IfaceClass active (null)': java.lang.NumberFormatException: Invalid int: "(null)"
E/NetlinkEvent(  303): NetlinkEvent::FindParam(): Parameter 'INTERFACE' not found
E/NetlinkEvent(  303): NetlinkEvent::FindParam(): Parameter 'TIME_NS' not found
E/NetdConnector(  634): Error handling '613 IfaceClass idle (null)': java.lang.NumberFormatException: Invalid int: "(null)"
E/NetlinkEvent(  303): NetlinkEvent::FindParam(): Parameter 'INTERFACE' not found
E/NetlinkEvent(  303): NetlinkEvent::FindParam(): Parameter 'TIME_NS' not found
E/NetdConnector(  634): Error handling '613 IfaceClass active (null)': java.lang.NumberFormatException: Invalid int: "(null)"
D/PowerUI (  831): update LowBattery Warning level: 29
W/ContextImpl( 1154): Calling a method in the system process without a qualified user: android.app.ContextImpl.sendBroadcast:1358 android.content.ContextWrapper.sendBroadcast:383 com.asus.powersaver.animatedicon.PowerSaverUpdateIcon.updateAppIcon:160 com.asus.powersaver.animatedicon.PowerSaverUpdateIcon.access$200:36 com.asus.powersaver.animatedicon.PowerSaverUpdateIcon$1.onReceive:81 
E/NetlinkEvent(  303): NetlinkEvent::FindParam(): Parameter 'INTERFACE' not found
E/NetlinkEvent(  303): NetlinkEvent::FindParam(): Parameter 'TIME_NS' not found
E/NetdConnector(  634): Error handling '613 IfaceClass idle (null)': java.lang.NumberFormatException: Invalid int: "(null)"
V/AlarmManager(  634): triggered: act=com.whatsapp.messaging.MessageService.CLIENT_PINGER_ACTION Pkg: com.whatsapp
I/PowerManagerService(  634): Waking up from sleep (uid 1000)...
I/DisplayPowerController(  634): Blocking screen on until initial contents have been drawn.
D/BrightnessHandler(  634): com.android.server.display.HardwareHandler@1fd241d9 setBrightness(i)=38, 1000
D/BrightnessHandler(  634): com.android.server.display.HardwareHandler@1fd241d9 setBrightness(i)=38, 1000
I/DisplayManagerService(  634): Display device changed: DisplayDeviceInfo{"Built-in Screen": 1080 x 1920, 60.000004 fps, supportedRefreshRates [60.000004], density 480, 403.0 x 403.0 dpi, appVsyncOff 7500000, presDeadline 12666666, touch INTERNAL, rotation 0, type BUILT_IN, state ON, FLAG_DEFAULT_DISPLAY, FLAG_ROTATES_WITH_CONTENT, FLAG_SECURE, FLAG_SUPPORTS_PROTECTED_BUFFERS}
V/ActivityManager(  634): Display changed displayId=0
I/DisplayPowerController(  634): Unblocked screen on after 91 ms
D/BrightnessHandler(  634): com.android.server.display.HardwareHandler@1fd241d9 setBrightness(i)=38, 1000
D/BrightnessHandler(  634): com.android.server.display.HardwareHandler@1fd241d9 setBrightness(i)=38, 1000
V/KeyguardDisplayManager(  831): hide
V/ActivityManager(  634): Displayed ActivityRecord{19fa6158 u0 dp.ws.popcorntime/se.popcorn_time.mobile.ui.VideoActivity t776} Resume. Not First Launch.
W/BroadcastQueue(  634): Reject to launch app eu.chainfire.supersu/10123 for broadcast: App Op 48
W/InputMethodManagerService(  634): Window already focused, ignoring focus gain of: com.android.internal.view.IInputMethodClient$Stub$Proxy@37eff792 attribute=android.view.inputmethod.EditorInfo@3b871563, token = android.os.BinderProxy@2c7f9b17
W/BroadcastQueue(  634): Reject to launch app com.tranzmate/10149 for broadcast: App Op 48
I/ActivityManager(  634): START u0 {act=android.intent.action.MAIN cat=[android.intent.category.HOME] flg=0x10200000 cmp=com.asus.launcher/com.android.launcher3.Launcher} from uid 1000 on display 0
V/ActivityManager(  634): Displayed ActivityRecord{3c2bc01 u0 com.asus.launcher/com.android.launcher3.Launcher t659} Resume. Not First Launch.
W/ActivityManager(  634): Activity stop timeout for ActivityRecord{19fa6158 u0 dp.ws.popcorntime/se.popcorn_time.mobile.ui.VideoActivity t776}
E/NetlinkEvent(  303): NetlinkEvent::FindParam(): Parameter 'INTERFACE' not found
E/NetlinkEvent(  303): NetlinkEvent::FindParam(): Parameter 'TIME_NS' not found
E/NetdConnector(  634): Error handling '613 IfaceClass active (null)': java.lang.NumberFormatException: Invalid int: "(null)"
E/NetlinkEvent(  303): NetlinkEvent::FindParam(): Parameter 'INTERFACE' not found
E/NetlinkEvent(  303): NetlinkEvent::FindParam(): Parameter 'TIME_NS' not found
E/NetdConnector(  634): Error handling '613 IfaceClass idle (null)': java.lang.NumberFormatException: Invalid int: "(null)"
D/ConnectivityService(  634): updateNetworkScore for NetworkAgentInfo [WIFI () - 128] to 57
D/ConnectivityService(  634): rematching NetworkAgentInfo [WIFI () - 128]
D/ConnectivityService(  634): Network NetworkAgentInfo [WIFI () - 128] was already satisfying request 1. No change.
D/ConnectivityService(  634): notifyType AVAILABLE for NetworkAgentInfo [WIFI () - 128]
D/ConnectivityService(  634): updateNetworkScore for NetworkAgentInfo [WIFI () - 128] to 60
D/ConnectivityService(  634): rematching NetworkAgentInfo [WIFI () - 128]
D/ConnectivityService(  634): Network NetworkAgentInfo [WIFI () - 128] was already satisfying request 1. No change.
D/ConnectivityService(  634): notifyType AVAILABLE for NetworkAgentInfo [WIFI () - 128]
D/BrightnessHandler(  634): com.android.server.display.HardwareHandler@1fd241d9 setBrightness(i)=10, 1000
D/BrightnessHandler(  634): com.android.server.display.HardwareHandler@1fd241d9 setBrightness(i)=10, 1000
D/BrightnessHandler(  634): com.android.server.display.HardwareHandler@1fd241d9 setBrightness(i)=10, 1000
D/BrightnessHandler(  634): com.android.server.display.HardwareHandler@1fd241d9 setBrightness(i)=10, 1000
I/PowerManagerService(  634): Nap time (uid 1000)...
I/PowerManagerService(  634): Going to sleep due to screen timeout (uid 1000)...
I/PowerManagerService(  634): Sleeping (uid 1000)...
I/DisplayManagerService(  634): Display device changed: DisplayDeviceInfo{"Built-in Screen": 1080 x 1920, 60.000004 fps, supportedRefreshRates [60.000004], density 480, 403.0 x 403.0 dpi, appVsyncOff 7500000, presDeadline 12666666, touch INTERNAL, rotation 0, type BUILT_IN, state OFF, FLAG_DEFAULT_DISPLAY, FLAG_ROTATES_WITH_CONTENT, FLAG_SECURE, FLAG_SUPPORTS_PROTECTED_BUFFERS}
V/ActivityManager(  634): Display changed displayId=0
V/AlarmManager(  634): triggered: act=com.android.internal.policy.impl.PhoneWindowManager.DELAYED_KEYGUARD Pkg: com.android.systemui
V/KeyguardDisplayManager(  831): show
V/KeyguardStatusView(  831): refresh statusview showing:true
V/KeyguardSimpleHostView(  831): refresh statusview showing:true
I/ActivityManager(  634): Start proc com.google.android.gms:snet for service com.google.android.gms/.security.snet.SnetLaunchService: pid=6020 uid=10033 gids={50033, 9997, 2001, 3003, 1007, 3006, 1028, 1015, 3002, 3001, 1005, 3007} abi=x86
W/ResourcesManager( 6020): Asset path '/system/framework/com.android.media.remotedisplay.jar' does not exist or contains no resources.
W/ResourcesManager( 6020): Asset path '/system/framework/com.android.location.provider.jar' does not exist or contains no resources.
W/ActivityThread( 6020): ClassLoader.loadClass: The class loader returned by Thread.getContextClassLoader() may fail for processes that host multiple applications. You should explicitly specify a context class loader. For example: Thread.setContextClassLoader(getClass().getClassLoader());
I/ActivityManager(  634): Waited long enough for: ServiceRecord{31bbd6ef u0 com.google.android.gms/.security.snet.SnetLaunchService}
I/ActivityManager(  634): Killing 3101:com.android.vending/u0a41 (adj 15): empty #17
W/libprocessgroup(  634): failed to open /acct/uid_10041/pid_3101/cgroup.procs: No such file or directory
E/NetlinkEvent(  303): NetlinkEvent::FindParam(): Parameter 'INTERFACE' not found
E/NetlinkEvent(  303): NetlinkEvent::FindParam(): Parameter 'TIME_NS' not found
E/NetdConnector(  634): Error handling '613 IfaceClass active (null)': java.lang.NumberFormatException: Invalid int: "(null)"
E/NetlinkEvent(  303): NetlinkEvent::FindParam(): Parameter 'INTERFACE' not found
E/NetlinkEvent(  303): NetlinkEvent::FindParam(): Parameter 'TIME_NS' not found
E/NetdConnector(  634): Error handling '613 IfaceClass idle (null)': java.lang.NumberFormatException: Invalid int: "(null)"
E/NetlinkEvent(  303): NetlinkEvent::FindParam(): Parameter 'INTERFACE' not found
E/NetlinkEvent(  303): NetlinkEvent::FindParam(): Parameter 'TIME_NS' not found
E/NetdConnector(  634): Error handling '613 IfaceClass active (null)': java.lang.NumberFormatException: Invalid int: "(null)"
E/NetlinkEvent(  303): NetlinkEvent::FindParam(): Parameter 'INTERFACE' not found
E/NetlinkEvent(  303): NetlinkEvent::FindParam(): Parameter 'TIME_NS' not found
E/NetdConnector(  634): Error handling '613 IfaceClass idle (null)': java.lang.NumberFormatException: Invalid int: "(null)"
I/PowerManagerService(  634): Waking up from sleep (uid 1000)...
I/DisplayPowerController(  634): Blocking screen on until initial contents have been drawn.
D/BrightnessHandler(  634): com.android.server.display.HardwareHandler@1fd241d9 setBrightness(i)=38, 1000
D/BrightnessHandler(  634): com.android.server.display.HardwareHandler@1fd241d9 setBrightness(i)=38, 1000
I/DisplayManagerService(  634): Display device changed: DisplayDeviceInfo{"Built-in Screen": 1080 x 1920, 60.000004 fps, supportedRefreshRates [60.000004], density 480, 403.0 x 403.0 dpi, appVsyncOff 7500000, presDeadline 12666666, touch INTERNAL, rotation 0, type BUILT_IN, state ON, FLAG_DEFAULT_DISPLAY, FLAG_ROTATES_WITH_CONTENT, FLAG_SECURE, FLAG_SUPPORTS_PROTECTED_BUFFERS}
V/ActivityManager(  634): Display changed displayId=0
I/DisplayPowerController(  634): Unblocked screen on after 95 ms
D/BrightnessHandler(  634): com.android.server.display.HardwareHandler@1fd241d9 setBrightness(i)=38, 1000
D/BrightnessHandler(  634): com.android.server.display.HardwareHandler@1fd241d9 setBrightness(i)=38, 1000
V/KeyguardDisplayManager(  831): hide
V/ActivityManager(  634): Displayed ActivityRecord{3c2bc01 u0 com.asus.launcher/com.android.launcher3.Launcher t659} Resume. Not First Launch.
W/BroadcastQueue(  634): Reject to launch app eu.chainfire.supersu/10123 for broadcast: App Op 48
W/BroadcastQueue(  634): Reject to launch app com.tranzmate/10149 for broadcast: App Op 48
W/InputMethodManagerService(  634): Window already focused, ignoring focus gain of: com.android.internal.view.IInputMethodClient$Stub$Proxy@3438fc23 attribute=android.view.inputmethod.EditorInfo@3f283520, token = android.os.BinderProxy@3763def
I/ActivityManager(  634): START u0 {act=android.intent.action.MAIN cat=[android.intent.category.LAUNCHER] flg=0x10200000 pkg=com.ninegag.android.app cmp=com.ninegag.android.app/.ui.SplashScreenActivity bnds=[24,822][282,1176]} from uid 10013 on display 0
I/ActivityManager(  634): Start proc com.android.vending for service com.android.vending/com.google.android.finsky.billing.iab.InAppBillingService: pid=6241 uid=10041 gids={50041, 9997, 3003, 1028, 1015} abi=x86
I/ActivityManager(  634): START u0 {flg=0x4000000 cmp=com.ninegag.android.app/.ui.HomeActivity} from uid 10143 on display 0
E/ActivityThread( 2794): Failed to find provider info for com.facebook.katana.provider.AttributionIdProvider
D/ConnectivityService(  634): listenForNetwork for NetworkRequest [ id=50, legacyType=-1, [ Capabilities: INTERNET&NOT_RESTRICTED&TRUSTED&NOT_VPN] ]
D/ConnectivityService(  634): handleRegisterNetworkRequest checking NetworkAgentInfo [WIFI () - 128]
D/ConnectivityService(  634): apparently satisfied.  currentScore=60
E/ActivityThread( 2794): Failed to find provider info for com.facebook.katana.provider.AttributionIdProvider
E/ActivityThread( 2794): Failed to find provider info for com.facebook.katana.provider.AttributionIdProvider
E/ActivityThread( 2794): Failed to find provider info for com.facebook.katana.provider.AttributionIdProvider
E/ActivityThread( 2794): Failed to find provider info for com.facebook.katana.provider.AttributionIdProvider
E/ActivityThread( 2794): Failed to find provider info for com.facebook.katana.provider.AttributionIdProvider
E/ActivityThread( 2794): Failed to find provider info for com.facebook.katana.provider.AttributionIdProvider
E/ActivityThread( 2794): Failed to find provider info for com.facebook.katana.provider.AttributionIdProvider
E/ActivityThread( 2794): Failed to find provider info for com.facebook.katana.provider.AttributionIdProvider
E/ActivityThread( 2794): Failed to find provider info for com.facebook.katana.provider.AttributionIdProvider
W/ResourcesManager( 2794): Asset path '/system/framework/com.broadcom.nfc.jar' does not exist or contains no resources.
W/ResourcesManager( 2794): Asset path '/system/framework/com.vzw.nfc.jar' does not exist or contains no resources.
E/ActivityThread( 2794): Activity com.ninegag.android.app.ui.SplashScreenActivity has leaked ServiceConnection aru$1@37897220 that was originally bound here
E/ActivityThread( 2794): android.app.ServiceConnectionLeaked: Activity com.ninegag.android.app.ui.SplashScreenActivity has leaked ServiceConnection aru$1@37897220 that was originally bound here
E/ActivityThread( 2794): 	at android.app.LoadedApk$ServiceDispatcher.<init>(LoadedApk.java:1075)
E/ActivityThread( 2794): 	at android.app.LoadedApk.getServiceDispatcher(LoadedApk.java:969)
E/ActivityThread( 2794): 	at android.app.ContextImpl.bindServiceCommon(ContextImpl.java:1805)
E/ActivityThread( 2794): 	at android.app.ContextImpl.bindService(ContextImpl.java:1788)
E/ActivityThread( 2794): 	at android.content.ContextWrapper.bindService(ContextWrapper.java:545)
E/ActivityThread( 2794): 	at aru.a(TrackGooglePurchase.java:136)
E/ActivityThread( 2794): 	at aru.<init>(TrackGooglePurchase.java:93)
E/ActivityThread( 2794): 	at arj.<init>(GameThrive.java:148)
E/ActivityThread( 2794): 	at com.ninegag.android.app.ui.BaseActivity.onCreate(BaseActivity.java:121)
E/ActivityThread( 2794): 	at com.ninegag.android.app.ui.SplashScreenActivity.onCreate(SplashScreenActivity.java:43)
E/ActivityThread( 2794): 	at android.app.Activity.performCreate(Activity.java:5975)
E/ActivityThread( 2794): 	at android.app.Instrumentation.callActivityOnCreate(Instrumentation.java:1105)
E/ActivityThread( 2794): 	at android.app.ActivityThread.performLaunchActivity(ActivityThread.java:2269)
E/ActivityThread( 2794): 	at android.app.ActivityThread.handleLaunchActivity(ActivityThread.java:2376)
E/ActivityThread( 2794): 	at android.app.ActivityThread.access$800(ActivityThread.java:147)
E/ActivityThread( 2794): 	at android.app.ActivityThread$H.handleMessage(ActivityThread.java:1281)
E/ActivityThread( 2794): 	at android.os.Handler.dispatchMessage(Handler.java:102)
E/ActivityThread( 2794): 	at android.os.Looper.loop(Looper.java:135)
E/ActivityThread( 2794): 	at android.app.ActivityThread.main(ActivityThread.java:5253)
E/ActivityThread( 2794): 	at java.lang.reflect.Method.invoke(Native Method)
E/ActivityThread( 2794): 	at java.lang.reflect.Method.invoke(Method.java:372)
E/ActivityThread( 2794): 	at com.android.internal.os.ZygoteInit$MethodAndArgsCaller.run(ZygoteInit.java:899)
E/ActivityThread( 2794): 	at com.android.internal.os.ZygoteInit.main(ZygoteInit.java:694)
W/ActivityManager(  634): Unbind failed: could not find connection for android.os.BinderProxy@351b5826
V/AlarmManager(  634): triggered: act=com.whatsapp.messaging.MessageService.CLIENT_PINGER_ACTION Pkg: com.whatsapp
D/ConnectivityService(  634): updateNetworkScore for NetworkAgentInfo [WIFI () - 128] to 57
D/ConnectivityService(  634): rematching NetworkAgentInfo [WIFI () - 128]
D/ConnectivityService(  634): Network NetworkAgentInfo [WIFI () - 128] was already satisfying request 1. No change.
D/ConnectivityService(  634): notifyType AVAILABLE for NetworkAgentInfo [WIFI () - 128]
D/ConnectivityService(  634): updateNetworkScore for NetworkAgentInfo [WIFI () - 128] to 60
D/ConnectivityService(  634): rematching NetworkAgentInfo [WIFI () - 128]
D/ConnectivityService(  634): Network NetworkAgentInfo [WIFI () - 128] was already satisfying request 1. No change.
D/ConnectivityService(  634): notifyType AVAILABLE for NetworkAgentInfo [WIFI () - 128]
D/PowerUI (  831): update LowBattery Warning level: 28
W/ContextImpl( 1154): Calling a method in the system process without a qualified user: android.app.ContextImpl.sendBroadcast:1358 android.content.ContextWrapper.sendBroadcast:383 com.asus.powersaver.animatedicon.PowerSaverUpdateIcon.updateAppIcon:160 com.asus.powersaver.animatedicon.PowerSaverUpdateIcon.access$200:36 com.asus.powersaver.animatedicon.PowerSaverUpdateIcon$1.onReceive:81 
D/BrightnessHandler(  634): com.android.server.display.HardwareHandler@1fd241d9 setBrightness(i)=10, 1000
D/BrightnessHandler(  634): com.android.server.display.HardwareHandler@1fd241d9 setBrightness(i)=10, 1000
D/BrightnessHandler(  634): com.android.server.display.HardwareHandler@1fd241d9 setBrightness(i)=10, 1000
D/BrightnessHandler(  634): com.android.server.display.HardwareHandler@1fd241d9 setBrightness(i)=10, 1000
I/PowerManagerService(  634): Nap time (uid 1000)...
I/PowerManagerService(  634): Going to sleep due to screen timeout (uid 1000)...
I/PowerManagerService(  634): Sleeping (uid 1000)...
I/DisplayManagerService(  634): Display device changed: DisplayDeviceInfo{"Built-in Screen": 1080 x 1920, 60.000004 fps, supportedRefreshRates [60.000004], density 480, 403.0 x 403.0 dpi, appVsyncOff 7500000, presDeadline 12666666, touch INTERNAL, rotation 0, type BUILT_IN, state OFF, FLAG_DEFAULT_DISPLAY, FLAG_ROTATES_WITH_CONTENT, FLAG_SECURE, FLAG_SUPPORTS_PROTECTED_BUFFERS}
V/ActivityManager(  634): Display changed displayId=0
V/AlarmManager(  634): triggered: act=com.android.internal.policy.impl.PhoneWindowManager.DELAYED_KEYGUARD Pkg: com.android.systemui
V/KeyguardDisplayManager(  831): show
V/KeyguardStatusView(  831): refresh statusview showing:true
V/KeyguardSimpleHostView(  831): refresh statusview showing:true
I/ActivityManager(  634): Process org.telegram.messenger (pid 31475) has died
D/WifiService(  634): Client connection lost with reason: 4
W/ActivityManager(  634): Scheduling restart of crashed service org.telegram.messenger/.NotificationsService in 1000ms
I/ActivityManager(  634): Process android.process.acore (pid 24249) has died
I/ActivityManager(  634): Process com.asus.sharerim (pid 4606) has died
I/ActivityManager(  634): Process org.simalliance.openmobileapi.service:remote (pid 31669) has died
W/ActivityManager(  634): Scheduling restart of crashed service org.simalliance.openmobileapi.service/.SmartcardService in 10994ms
I/ActivityManager(  634): Process com.asus.linkrim (pid 31994) has died
W/ActivityManager(  634): Scheduling restart of crashed service com.asus.linkrim/.LinkRimService in 20993ms
I/ActivityManager(  634): Start proc org.telegram.messenger for service org.telegram.messenger/.NotificationsService: pid=6562 uid=10173 gids={50173, 9997, 3003, 1028, 1015} abi=x86
W/ResourcesManager( 6562): Asset path '/system/framework/com.google.android.maps.jar' does not exist or contains no resources.
I/ActivityManager(  634): Start proc android.process.acore for content provider com.android.providers.contacts/.ContactsProvider2: pid=6603 uid=10026 gids={50026, 9997, 3003, 1028, 1015, 1023} abi=x86
I/ActivityManager(  634): Start proc org.simalliance.openmobileapi.service:remote for service org.simalliance.openmobileapi.service/.SmartcardService: pid=6635 uid=1050 gids={41050, 9997} abi=x86
W/ResourcesManager( 6635): Asset path '/system/framework/org.simalliance.openmobileapi.jar' does not exist or contains no resources.
I/ActivityManager(  634): Start proc com.asus.linkrim for service com.asus.linkrim/.LinkRimService: pid=6666 uid=10105 gids={50105, 9997, 3003, 1028, 1015} abi=x86
D/UsbDisplayAdapter(  634): getUsbDisplayStatusLocked: result = UsbDisplayStatus{activeDisplayState=0, activeDisplay=null}
D/WifiService(  634): New client listening to asynchronous messages
D/UsbDisplayAdapter(  634): getUsbDisplayStatusLocked: result = UsbDisplayStatus{activeDisplayState=0, activeDisplay=null}
D/NetlinkEvent(  303): Unknown ND option type 31
I/ActivityManager(  634): Process com.asus.email (pid 32408) has died
D/CountryDetector(  634): No listener is left
I/ActivityManager(  634): Process com.asus.message (pid 2688) has died
I/ActivityManager(  634): Process com.google.android.setupwizard (pid 2732) has died
V/AlarmManager(  634): triggered: act=com.whatsapp.messaging.MessageService.LOGOUT_ACTION pkg=com.whatsapp Pkg: com.whatsapp
I/EntropyMixer(  634): Writing entropy...
V/AlarmManager(  634): triggered: act=android.net.ConnectivityService.action.PKT_CNT_SAMPLE_INTERVAL_ELAPSED pkg=android Pkg: android
V/AlarmManager(  634): triggered: act=com.asus.email.intent.action.MAIL_SERVICE_WAKEUP cmp=com.asus.email/com.android.email.service.MailService Pkg: com.asus.email
I/ActivityManager(  634): Start proc com.asus.email for service com.asus.email/com.android.email.service.MailService: pid=7107 uid=10009 gids={50009, 9997, 3003, 1028, 1015} abi=x86
I/ActivityManager(  634): Start proc com.asus.email:exchange for service com.asus.email/com.android.exchange.ExchangeService: pid=7136 uid=10009 gids={50009, 9997, 3003, 1028, 1015} abi=x86
V/AlarmManager(  634): triggered: act=com.asus.email.intent.action.MAIL_SERVICE_WAKEUP cmp=com.asus.email/com.android.email.service.MailService Pkg: com.asus.email
V/AlarmManager(  634): triggered: act=com.asus.email.intent.action.MAIL_SERVICE_WAKEUP cmp=com.asus.email/com.android.email.service.MailService Pkg: com.asus.email
V/AlarmManager(  634): triggered: act=com.asus.email.intent.action.MAIL_SERVICE_WAKEUP cmp=com.asus.email/com.android.email.service.MailService Pkg: com.asus.email
V/AlarmManager(  634): triggered: act=com.asus.email.intent.action.MAIL_SERVICE_WAKEUP cmp=com.asus.email/com.android.email.service.MailService Pkg: com.asus.email
V/AlarmManager(  634): triggered: act=com.asus.email.intent.action.MAIL_SERVICE_WAKEUP cmp=com.asus.email/com.android.email.service.MailService Pkg: com.asus.email
E/ActivityThread(  831): Failed to find provider info for com.android.launcher2.settings
E/ActivityThread(  831): Failed to find provider info for com.android.launcher2.settings
E/ActivityThread(  831): Failed to find provider info for com.android.launcher2.settings
E/ActivityThread(  831): Failed to find provider info for com.android.launcher2.settings
E/ActivityThread(  831): Failed to find provider info for com.android.launcher2.settings
I/EntropyMixer(  634): Writing entropy...
D/PowerUI (  831): dismiss Low BatteryWarning  level: 28
I/PowerManagerService(  634): Waking up from sleep (uid 1000)...
I/DisplayPowerController(  634): Blocking screen on until initial contents have been drawn.
D/BrightnessHandler(  634): com.android.server.display.HardwareHandler@1fd241d9 setBrightness(i)=38, 1000
D/BrightnessHandler(  634): com.android.server.display.HardwareHandler@1fd241d9 setBrightness(i)=38, 1000
I/ActivityManager(  634): Start proc com.asus.dm for broadcast com.asus.dm/.BootCompletedReceiver: pid=7181 uid=1000 gids={41000, 9997, 3003, 3002, 3001, 1028, 1015, 1023} abi=x86
I/DisplayManagerService(  634): Display device changed: DisplayDeviceInfo{"Built-in Screen": 1080 x 1920, 60.000004 fps, supportedRefreshRates [60.000004], density 480, 403.0 x 403.0 dpi, appVsyncOff 7500000, presDeadline 12666666, touch INTERNAL, rotation 0, type BUILT_IN, state ON, FLAG_DEFAULT_DISPLAY, FLAG_ROTATES_WITH_CONTENT, FLAG_SECURE, FLAG_SUPPORTS_PROTECTED_BUFFERS}
V/ActivityManager(  634): Display changed displayId=0
I/DisplayPowerController(  634): Unblocked screen on after 137 ms
D/BrightnessHandler(  634): com.android.server.display.HardwareHandler@1fd241d9 setBrightness(i)=38, 1000
D/BrightnessHandler(  634): com.android.server.display.HardwareHandler@1fd241d9 setBrightness(i)=38, 1000
W/ContextImpl( 1154): Calling a method in the system process without a qualified user: android.app.ContextImpl.sendBroadcast:1358 android.content.ContextWrapper.sendBroadcast:383 com.asus.powersaver.animatedicon.PowerSaverUpdateIcon.updateAppIcon:160 com.asus.powersaver.animatedicon.PowerSaverUpdateIcon.access$200:36 com.asus.powersaver.animatedicon.PowerSaverUpdateIcon$1.onReceive:81 
I/ActivityManager(  634): Start proc com.android.chrome for broadcast com.android.chrome/org.chromium.base.PowerStatusReceiver: pid=7201 uid=10071 gids={50071, 9997, 3003, 1028, 1015} abi=x86
D/PowerUI (  831): dismiss Low BatteryWarning  level: 28
I/ActivityManager(  634): Start proc com.nobexinc.galatz.rc for broadcast com.nobexinc.galatz.rc/com.nobex.core.utils.PowerConnectionReceiver: pid=7229 uid=10155 gids={50155, 9997, 3003} abi=armeabi
I/ActivityManager(  634): Start proc com.google.android.youtube for service com.google.android.youtube/com.google.android.libraries.youtube.common.gcore.gcoreclient.gcm.impl.GcmTaskServiceDelegator: pid=7249 uid=10135 gids={50135, 9997, 3003, 1028, 1015} abi=x86
W/ResourcesManager( 7249): Asset path '/system/framework/com.android.media.remotedisplay.jar' does not exist or contains no resources.
W/ResourcesManager( 7249): Asset path '/system/framework/com.android.location.provider.jar' does not exist or contains no resources.
I/ValidateNoPeople(  634): skipping global notification
I/ValidateNoPeople(  634): skipping global notification
I/ActivityManager(  634): Start proc com.asus.UpdateLauncher for broadcast com.asus.UpdateLauncher/.UpdateLauncherIntentReceiver: pid=7353 uid=1000 gids={41000, 9997, 3003, 3002, 3001, 1028, 1015, 1023} abi=x86
I/ActivityManager(  634): Killing 2751:com.stackexchange.marvin/u0a172 (adj 15): empty #17
W/libprocessgroup(  634): failed to open /acct/uid_10172/pid_2751/cgroup.procs: No such file or directory
I/ActivityManager(  634): Start proc com.asus.filemanager for broadcast com.asus.filemanager/.receiver.USBReceiver: pid=7373 uid=10031 gids={50031, 9997, 1028, 1015, 3003, 1023} abi=x86
W/ResourcesManager( 7373): Asset path '/system/framework/com.android.media.remotedisplay.jar' does not exist or contains no resources.
W/ResourcesManager( 7373): Asset path '/system/framework/com.android.location.provider.jar' does not exist or contains no resources.
D/WifiService(  634): Client connection lost with reason: 4
I/ActivityManager(  634): Process com.android.settings (pid 5398) has died
I/ActivityManager(  634): Killing 4912:com.google.android.deskclock/u0a157 (adj 15): empty #17
W/libprocessgroup(  634): failed to open /acct/uid_10157/pid_4912/cgroup.procs: No such file or directory
D/BrightnessHandler(  634): com.android.server.display.HardwareHandler@1fd241d9 setBrightness(i)=10, 1000
D/BrightnessHandler(  634): com.android.server.display.HardwareHandler@1fd241d9 setBrightness(i)=10, 1000
D/BrightnessHandler(  634): com.android.server.display.HardwareHandler@1fd241d9 setBrightness(i)=10, 1000
D/BrightnessHandler(  634): com.android.server.display.HardwareHandler@1fd241d9 setBrightness(i)=10, 1000
I/ActivityManager(  634): Start proc com.asus.filemanager:background_crash for service com.asus.filemanager/com.google.android.gms.crash.internal.service.CrashReceiverService: pid=7422 uid=10031 gids={50031, 9997, 1028, 1015, 3003, 1023} abi=x86
W/ResourcesManager( 7422): Asset path '/system/framework/com.android.media.remotedisplay.jar' does not exist or contains no resources.
W/ResourcesManager( 7422): Asset path '/system/framework/com.android.location.provider.jar' does not exist or contains no resources.
I/ActivityManager(  634): Killing 1617:com.asus.deskclock:main/u0a76 (adj 15): empty #17
W/libprocessgroup(  634): failed to open /acct/uid_10076/pid_1617/cgroup.procs: No such file or directory
I/ProcessStatsService(  634): Prepared write state in 12ms
D/PowerUI (  831): dismiss Low BatteryWarning  level: 28
D/PowerUI (  831): dismiss Low BatteryWarning  level: 28
D/PowerUI (  831): dismiss Low BatteryWarning  level: 28
D/PowerUI (  831): dismiss Low BatteryWarning  level: 28
I/ActivityManager(  634): Start proc com.google.android.deskclock for broadcast com.google.android.deskclock/com.android.alarmclock.DigitalAppWidgetProvider: pid=7598 uid=10157 gids={50157, 9997, 1028, 3003} abi=x86
V/AlarmManager(  634): triggered: act=com.android.server.task.controllers.BatteryController.ACTION_CHARGING_STABLE Pkg: android
I/ActivityManager(  634): Killing 6020:com.google.android.gms:snet/u0a33 (adj 15): empty #17
W/libprocessgroup(  634): failed to open /acct/uid_10033/pid_6020/cgroup.procs: No such file or directory
D/NetlinkEvent(  303): Unknown ND option type 31
D/PowerUI (  831): dismiss Low BatteryWarning  level: 28
D/PowerUI (  831): dismiss Low BatteryWarning  level: 28
D/ConnectivityService(  634): updateNetworkScore for NetworkAgentInfo [WIFI () - 128] to 57
D/ConnectivityService(  634): rematching NetworkAgentInfo [WIFI () - 128]
D/ConnectivityService(  634): Network NetworkAgentInfo [WIFI () - 128] was already satisfying request 1. No change.
D/ConnectivityService(  634): notifyType AVAILABLE for NetworkAgentInfo [WIFI () - 128]
D/ConnectivityService(  634): updateNetworkScore for NetworkAgentInfo [WIFI () - 128] to 60
D/ConnectivityService(  634): rematching NetworkAgentInfo [WIFI () - 128]
D/ConnectivityService(  634): Network NetworkAgentInfo [WIFI () - 128] was already satisfying request 1. No change.
D/ConnectivityService(  634): notifyType AVAILABLE for NetworkAgentInfo [WIFI () - 128]
D/PowerUI (  831): dismiss Low BatteryWarning  level: 28
D/BrightnessHandler(  634): com.android.server.display.HardwareHandler@1fd241d9 setBrightness(i)=38, 1000
D/BrightnessHandler(  634): com.android.server.display.HardwareHandler@1fd241d9 setBrightness(i)=38, 0
D/BrightnessHandler(  634): com.android.server.display.HardwareHandler@1fd241d9 setBrightness(i)=38, 0
V/KeyguardDisplayManager(  831): hide
