D/RecommendationAPI( 1041): Trigger CDN Sync AdNetwork Apps Service
D/PartitionSyncService( 1041): Client create perform partition sync intent
D/RecommendationAPI( 1041): Trigger CDN Sync Curated Apps Service
D/PartitionSyncService( 1041): Client create perform partition sync intent
I/UsageStatsService(  634): User[0] Flushing usage stats to disk
D/RecommendationAPI( 1041): Trigger CDN Sync AdNetwork Apps Service
D/PartitionSyncService( 1041): Client create perform partition sync intent
D/RecommendationAPI( 1041): Trigger CDN Sync Curated Apps Service
D/PartitionSyncService( 1041): Client create perform partition sync intent
D/RecommendationAPI( 1041): Trigger CDN Sync AdNetwork Apps Service
D/PartitionSyncService( 1041): Client create perform partition sync intent
D/RecommendationAPI( 1041): Trigger CDN Sync Curated Apps Service
D/PartitionSyncService( 1041): Client create perform partition sync intent
D/RecommendationAPI( 1041): Trigger CDN Sync AdNetwork Apps Service
D/PartitionSyncService( 1041): Client create perform partition sync intent
D/RecommendationAPI( 1041): Trigger CDN Sync Curated Apps Service
D/PartitionSyncService( 1041): Client create perform partition sync intent
D/RecommendationAPI( 1041): Trigger CDN Sync AdNetwork Apps Service
D/PartitionSyncService( 1041): Client create perform partition sync intent
D/RecommendationAPI( 1041): Trigger CDN Sync Curated Apps Service
D/PartitionSyncService( 1041): Client create perform partition sync intent
D/RecommendationAPI( 1041): Trigger CDN Sync AdNetwork Apps Service
D/PartitionSyncService( 1041): Client create perform partition sync intent
D/RecommendationAPI( 1041): Trigger CDN Sync Curated Apps Service
D/PartitionSyncService( 1041): Client create perform partition sync intent
D/RecommendationAPI( 1041): Trigger CDN Sync AdNetwork Apps Service
D/PartitionSyncService( 1041): Client create perform partition sync intent
D/RecommendationAPI( 1041): Trigger CDN Sync Curated Apps Service
D/PartitionSyncService( 1041): Client create perform partition sync intent
D/RecommendationAPI( 1041): Trigger CDN Sync AdNetwork Apps Service
D/PartitionSyncService( 1041): Client create perform partition sync intent
D/RecommendationAPI( 1041): Trigger CDN Sync Curated Apps Service
D/PartitionSyncService( 1041): Client create perform partition sync intent
D/RecommendationAPI( 1041): Trigger CDN Sync AdNetwork Apps Service
D/PartitionSyncService( 1041): Client create perform partition sync intent
D/RecommendationAPI( 1041): Trigger CDN Sync Curated Apps Service
D/PartitionSyncService( 1041): Client create perform partition sync intent
D/RecommendationAPI( 1041): Trigger CDN Sync AdNetwork Apps Service
D/PartitionSyncService( 1041): Client create perform partition sync intent
D/RecommendationAPI( 1041): Trigger CDN Sync Curated Apps Service
D/PartitionSyncService( 1041): Client create perform partition sync intent
D/RecommendationAPI( 1041): Trigger CDN Sync AdNetwork Apps Service
D/PartitionSyncService( 1041): Client create perform partition sync intent
D/RecommendationAPI( 1041): Trigger CDN Sync Curated Apps Service
D/PartitionSyncService( 1041): Client create perform partition sync intent
D/StatusBar.NetworkController(  831): getSlotId(3)=0
D/StatusBar.NetworkController(  831): persist.asus.mobile_slot=0
D/StatusBar.NetworkController(  831): hasService slot=0|state=0
D/StatusBar.NetworkController(  831): refreshViews connected={ wifi } level=3?? combinedSignalIconId=0x0/(null) mobileLabel= wifiLabel=zusman_net_2.4_EXT emergencyOnly[0]=false emergencyOnly[1]=false combinedLabel=zusman_net_2.4_EXT mAirplaneMode=false mDataActivity[0]=3 mDataActivity[1]=0 mPhoneSignalIconId[0]=0x7f02031a mPhoneSignalIconId[1]=0x0 mQSPhoneSignalIconId[0]=0x7f020221 mQSPhoneSignalIconId[1]=0x0 mDataSignalIconId[0]=0x7f02031a mDataSignalIconId[1]=0x0 mDataTypeIconId[0]=0x0 mDataTypeIconId[1]=0x0 mQSDataTypeIconId[0]=0x0 mQSDataTypeIconId[1]=0x0 mRoamomg[0]=false mRoamomg[1]=false mIsNoSim[0]=false mIsNoSim[1]=true mWifiIconId=0x7f020331 mQSWifiIconId=0x7f02023f mBluetoothTetherIconId=0x7f020323
D/SignalClusterView(  831): vpn: GONE
D/SignalClusterView(  831): wifi: VISIBLE sig=2130838321 act=2130838313
D/SignalClusterView(  831): mobile[0]: VISIBLE sig=2130838298 typ=0
D/SignalClusterView(  831): mobile[1]: VISIBLE sig=0 typ=0
D/SignalClusterView(  831): vpn: GONE
D/SignalClusterView(  831): wifi: VISIBLE sig=2130838321 act=2130838313
D/SignalClusterView(  831): mobile[0]: VISIBLE sig=2130838298 typ=0
D/SignalClusterView(  831): mobile[1]: VISIBLE sig=0 typ=0
D/RecommendationAPI( 1041): Trigger CDN Sync AdNetwork Apps Service
D/PartitionSyncService( 1041): Client create perform partition sync intent
D/RecommendationAPI( 1041): Trigger CDN Sync Curated Apps Service
D/PartitionSyncService( 1041): Client create perform partition sync intent
D/hwcomposer(  245): void android::intel::DisplayAnalyzer::handleIdleExitEvent(): handling idle exit event
D/RecommendationAPI( 1041): Trigger CDN Sync AdNetwork Apps Service
D/PartitionSyncService( 1041): Client create perform partition sync intent
D/RecommendationAPI( 1041): Trigger CDN Sync Curated Apps Service
D/PartitionSyncService( 1041): Client create perform partition sync intent
D/hwcomposer(  245): void android::intel::UeventObserver::onUevent(): received Uevent: REPEATED_FRAME
D/hwcomposer(  245): virtual void android::intel::Hwcomposer::invalidate(): invalidating screen...
D/hwcomposer(  245): void android::intel::DisplayAnalyzer::handleIdleEntryEvent(int): handling idle entry event, count 0
D/WifiWatchdogStateMachine(  634): CurrentRSSI:-63
D/wpa_supplicant( 5460): wlan0: Control interface command 'SIGNAL_POLL'
D/WifiWatchdogStateMachine(  634): RSSI current: 3 new: -64, 3
D/wpa_supplicant( 5460): wlan0: Control interface command 'PKTCNT_POLL'
D/WifiWatchdogStateMachine(  634): Fetch RSSI succeed, rssi=-64 mrssi=-63 txbad=1357 txgood=42106
D/WifiWatchdogStateMachine(  634): Incremental loss=0/8 Current loss=0.02% volume=8.35
D/WifiWatchdogStateMachine(  634): Cache updated: loss[-63]=5.16% volume=12.04
D/wpa_supplicant( 5460): wlan0: Control interface command 'SIGNAL_POLL'
D/WifiWatchdogStateMachine(  634): RSSI current: 3 new: -64, 3
D/RecommendationAPI( 1041): Trigger CDN Sync AdNetwork Apps Service
D/PartitionSyncService( 1041): Client create perform partition sync intent
D/RecommendationAPI( 1041): Trigger CDN Sync Curated Apps Service
D/PartitionSyncService( 1041): Client create perform partition sync intent
D/RecommendationAPI( 1041): Trigger CDN Sync AdNetwork Apps Service
D/PartitionSyncService( 1041): Client create perform partition sync intent
D/RecommendationAPI( 1041): Trigger CDN Sync Curated Apps Service
D/PartitionSyncService( 1041): Client create perform partition sync intent
D/RecommendationAPI( 1041): Trigger CDN Sync AdNetwork Apps Service
D/PartitionSyncService( 1041): Client create perform partition sync intent
D/RecommendationAPI( 1041): Trigger CDN Sync Curated Apps Service
D/PartitionSyncService( 1041): Client create perform partition sync intent
D/StatusBar.NetworkController(  831): getSlotId(3)=0
D/StatusBar.NetworkController(  831): persist.asus.mobile_slot=0
D/StatusBar.NetworkController(  831): hasService slot=0|state=0
D/StatusBar.NetworkController(  831): refreshViews connected={ wifi } level=3?? combinedSignalIconId=0x0/(null) mobileLabel= wifiLabel=zusman_net_2.4_EXT emergencyOnly[0]=false emergencyOnly[1]=false combinedLabel=zusman_net_2.4_EXT mAirplaneMode=false mDataActivity[0]=3 mDataActivity[1]=0 mPhoneSignalIconId[0]=0x7f02031a mPhoneSignalIconId[1]=0x0 mQSPhoneSignalIconId[0]=0x7f020221 mQSPhoneSignalIconId[1]=0x0 mDataSignalIconId[0]=0x7f02031a mDataSignalIconId[1]=0x0 mDataTypeIconId[0]=0x0 mDataTypeIconId[1]=0x0 mQSDataTypeIconId[0]=0x0 mQSDataTypeIconId[1]=0x0 mRoamomg[0]=false mRoamomg[1]=false mIsNoSim[0]=false mIsNoSim[1]=true mWifiIconId=0x7f020331 mQSWifiIconId=0x7f02023f mBluetoothTetherIconId=0x7f020323
D/SignalClusterView(  831): vpn: GONE
D/SignalClusterView(  831): wifi: VISIBLE sig=2130838321 act=2130838312
D/SignalClusterView(  831): mobile[0]: VISIBLE sig=2130838298 typ=0
D/SignalClusterView(  831): mobile[1]: VISIBLE sig=0 typ=0
D/SignalClusterView(  831): vpn: GONE
D/SignalClusterView(  831): wifi: VISIBLE sig=2130838321 act=2130838312
D/SignalClusterView(  831): mobile[0]: VISIBLE sig=2130838298 typ=0
D/SignalClusterView(  831): mobile[1]: VISIBLE sig=0 typ=0
D/hwcomposer(  245): void android::intel::DisplayAnalyzer::handleIdleExitEvent(): handling idle exit event
D/RecommendationAPI( 1041): Trigger CDN Sync AdNetwork Apps Service
D/PartitionSyncService( 1041): Client create perform partition sync intent
D/hwcomposer(  245): void android::intel::UeventObserver::onUevent(): received Uevent: REPEATED_FRAME
D/hwcomposer(  245): virtual void android::intel::Hwcomposer::invalidate(): invalidating screen...
D/hwcomposer(  245): void android::intel::DisplayAnalyzer::handleIdleEntryEvent(int): handling idle entry event, count 0
D/RecommendationAPI( 1041): Trigger CDN Sync Curated Apps Service
D/PartitionSyncService( 1041): Client create perform partition sync intent
D/RecommendationAPI( 1041): Trigger CDN Sync AdNetwork Apps Service
D/PartitionSyncService( 1041): Client create perform partition sync intent
D/RecommendationAPI( 1041): Trigger CDN Sync Curated Apps Service
D/PartitionSyncService( 1041): Client create perform partition sync intent
D/RecommendationAPI( 1041): Trigger CDN Sync AdNetwork Apps Service
D/PartitionSyncService( 1041): Client create perform partition sync intent
D/RecommendationAPI( 1041): Trigger CDN Sync Curated Apps Service
D/PartitionSyncService( 1041): Client create perform partition sync intent
D/RecommendationAPI( 1041): Trigger CDN Sync AdNetwork Apps Service
D/PartitionSyncService( 1041): Client create perform partition sync intent
D/RecommendationAPI( 1041): Trigger CDN Sync Curated Apps Service
D/PartitionSyncService( 1041): Client create perform partition sync intent
D/RecommendationAPI( 1041): Trigger CDN Sync AdNetwork Apps Service
D/PartitionSyncService( 1041): Client create perform partition sync intent
D/RecommendationAPI( 1041): Trigger CDN Sync Curated Apps Service
D/PartitionSyncService( 1041): Client create perform partition sync intent
D/RecommendationAPI( 1041): Trigger CDN Sync AdNetwork Apps Service
D/PartitionSyncService( 1041): Client create perform partition sync intent
D/RecommendationAPI( 1041): Trigger CDN Sync Curated Apps Service
D/PartitionSyncService( 1041): Client create perform partition sync intent
D/RecommendationAPI( 1041): Trigger CDN Sync AdNetwork Apps Service
D/PartitionSyncService( 1041): Client create perform partition sync intent
D/RecommendationAPI( 1041): Trigger CDN Sync Curated Apps Service
D/PartitionSyncService( 1041): Client create perform partition sync intent
D/RecommendationAPI( 1041): Trigger CDN Sync AdNetwork Apps Service
D/PartitionSyncService( 1041): Client create perform partition sync intent
D/RecommendationAPI( 1041): Trigger CDN Sync Curated Apps Service
D/PartitionSyncService( 1041): Client create perform partition sync intent
D/RecommendationAPI( 1041): Trigger CDN Sync AdNetwork Apps Service
D/PartitionSyncService( 1041): Client create perform partition sync intent
D/RecommendationAPI( 1041): Trigger CDN Sync Curated Apps Service
D/PartitionSyncService( 1041): Client create perform partition sync intent
D/RecommendationAPI( 1041): Trigger CDN Sync AdNetwork Apps Service
D/PartitionSyncService( 1041): Client create perform partition sync intent
D/RecommendationAPI( 1041): Trigger CDN Sync Curated Apps Service
D/PartitionSyncService( 1041): Client create perform partition sync intent
D/WifiWatchdogStateMachine(  634): CurrentRSSI:-64
D/wpa_supplicant( 5460): wlan0: Control interface command 'SIGNAL_POLL'
D/WifiWatchdogStateMachine(  634): RSSI current: 3 new: -63, 3
D/wpa_supplicant( 5460): wlan0: Control interface command 'PKTCNT_POLL'
D/WifiWatchdogStateMachine(  634): Fetch RSSI succeed, rssi=-63 mrssi=-63 txbad=1357 txgood=42117
D/wpa_supplicant( 5460): wlan0: Control interface command 'SIGNAL_POLL'
D/WifiWatchdogStateMachine(  634): Incremental loss=0/11 Current loss=0.01% volume=9.67
D/WifiWatchdogStateMachine(  634): Cache updated: loss[-63]=4.69% volume=11.94
D/WifiWatchdogStateMachine(  634): RSSI current: 3 new: -63, 3
D/RecommendationAPI( 1041): Trigger CDN Sync AdNetwork Apps Service
D/PartitionSyncService( 1041): Client create perform partition sync intent
D/RecommendationAPI( 1041): Trigger CDN Sync Curated Apps Service
D/PartitionSyncService( 1041): Client create perform partition sync intent
D/RecommendationAPI( 1041): Trigger CDN Sync AdNetwork Apps Service
D/PartitionSyncService( 1041): Client create perform partition sync intent
D/RecommendationAPI( 1041): Trigger CDN Sync Curated Apps Service
D/PartitionSyncService( 1041): Client create perform partition sync intent
D/RecommendationAPI( 1041): Trigger CDN Sync AdNetwork Apps Service
D/PartitionSyncService( 1041): Client create perform partition sync intent
D/RecommendationAPI( 1041): Trigger CDN Sync Curated Apps Service
D/PartitionSyncService( 1041): Client create perform partition sync intent
D/RecommendationAPI( 1041): Trigger CDN Sync AdNetwork Apps Service
D/PartitionSyncService( 1041): Client create perform partition sync intent
D/RecommendationAPI( 1041): Trigger CDN Sync Curated Apps Service
D/PartitionSyncService( 1041): Client create perform partition sync intent
D/RecommendationAPI( 1041): Trigger CDN Sync AdNetwork Apps Service
D/PartitionSyncService( 1041): Client create perform partition sync intent
D/RecommendationAPI( 1041): Trigger CDN Sync Curated Apps Service
D/PartitionSyncService( 1041): Client create perform partition sync intent
D/RecommendationAPI( 1041): Trigger CDN Sync AdNetwork Apps Service
D/PartitionSyncService( 1041): Client create perform partition sync intent
D/RecommendationAPI( 1041): Trigger CDN Sync Curated Apps Service
D/PartitionSyncService( 1041): Client create perform partition sync intent
D/RecommendationAPI( 1041): Trigger CDN Sync AdNetwork Apps Service
D/PartitionSyncService( 1041): Client create perform partition sync intent
D/RecommendationAPI( 1041): Trigger CDN Sync Curated Apps Service
D/PartitionSyncService( 1041): Client create perform partition sync intent
D/RecommendationAPI( 1041): Trigger CDN Sync AdNetwork Apps Service
D/PartitionSyncService( 1041): Client create perform partition sync intent
D/RecommendationAPI( 1041): Trigger CDN Sync Curated Apps Service
D/PartitionSyncService( 1041): Client create perform partition sync intent
D/RecommendationAPI( 1041): Trigger CDN Sync AdNetwork Apps Service
D/PartitionSyncService( 1041): Client create perform partition sync intent
D/RecommendationAPI( 1041): Trigger CDN Sync Curated Apps Service
D/PartitionSyncService( 1041): Client create perform partition sync intent
D/RecommendationAPI( 1041): Trigger CDN Sync AdNetwork Apps Service
D/PartitionSyncService( 1041): Client create perform partition sync intent
D/RecommendationAPI( 1041): Trigger CDN Sync Curated Apps Service
D/PartitionSyncService( 1041): Client create perform partition sync intent
D/RecommendationAPI( 1041): Trigger CDN Sync AdNetwork Apps Service
D/PartitionSyncService( 1041): Client create perform partition sync intent
D/RecommendationAPI( 1041): Trigger CDN Sync Curated Apps Service
D/PartitionSyncService( 1041): Client create perform partition sync intent
D/RecommendationAPI( 1041): Trigger CDN Sync AdNetwork Apps Service
D/PartitionSyncService( 1041): Client create perform partition sync intent
D/RecommendationAPI( 1041): Trigger CDN Sync Curated Apps Service
D/PartitionSyncService( 1041): Client create perform partition sync intent
D/RecommendationAPI( 1041): Trigger CDN Sync AdNetwork Apps Service
D/PartitionSyncService( 1041): Client create perform partition sync intent
D/RecommendationAPI( 1041): Trigger CDN Sync Curated Apps Service
D/PartitionSyncService( 1041): Client create perform partition sync intent
D/RecommendationAPI( 1041): Trigger CDN Sync AdNetwork Apps Service
D/PartitionSyncService( 1041): Client create perform partition sync intent
D/RecommendationAPI( 1041): Trigger CDN Sync Curated Apps Service
D/PartitionSyncService( 1041): Client create perform partition sync intent
D/RecommendationAPI( 1041): Trigger CDN Sync AdNetwork Apps Service
D/PartitionSyncService( 1041): Client create perform partition sync intent
D/RecommendationAPI( 1041): Trigger CDN Sync Curated Apps Service
D/PartitionSyncService( 1041): Client create perform partition sync intent
D/WifiWatchdogStateMachine(  634): CurrentRSSI:-63
D/wpa_supplicant( 5460): wlan0: Control interface command 'SIGNAL_POLL'
D/wpa_supplicant( 5460): wlan0: Control interface command 'PKTCNT_POLL'
D/WifiWatchdogStateMachine(  634): RSSI current: 3 new: -62, 3
D/WifiWatchdogStateMachine(  634): Fetch RSSI succeed, rssi=-62 mrssi=-62 txbad=1357 txgood=42131
D/WifiWatchdogStateMachine(  634): Incremental loss=0/14 Current loss=0% volume=11.84
D/WifiWatchdogStateMachine(  634): Cache updated: loss[-62]=1.4% volume=18.64
D/wpa_supplicant( 5460): wlan0: Control interface command 'SIGNAL_POLL'
D/WifiWatchdogStateMachine(  634): RSSI current: 3 new: -62, 3
D/KeyguardUpdateMonitor(  831): received broadcast android.intent.action.BATTERY_CHANGED
D/PowerUI (  831): dismiss Low BatteryWarning  level: 28
D/KeyguardUpdateMonitor(  831): handleBatteryUpdate
D/PowerSaverUpdateIcon( 1154): onReceive: Intent { act=android.intent.action.BATTERY_CHANGED flg=0x60000010 (has extras) }
W/LinkRimService( 6666): ACTION_BATTERY_CHANGED
D/hwcomposer(  245): void android::intel::DisplayAnalyzer::handleIdleExitEvent(): handling idle exit event
D/PowerSaverUpdateIcon( 1154): chargeTime: -1
D/RecommendationAPI( 1041): Trigger CDN Sync AdNetwork Apps Service
D/PartitionSyncService( 1041): Client create perform partition sync intent
D/RecommendationAPI( 1041): Trigger CDN Sync Curated Apps Service
D/PartitionSyncService( 1041): Client create perform partition sync intent
D/hwcomposer(  245): void android::intel::UeventObserver::onUevent(): received Uevent: REPEATED_FRAME
D/hwcomposer(  245): virtual void android::intel::Hwcomposer::invalidate(): invalidating screen...
D/hwcomposer(  245): void android::intel::DisplayAnalyzer::handleIdleEntryEvent(int): handling idle entry event, count 0
D/RecommendationAPI( 1041): Trigger CDN Sync AdNetwork Apps Service
D/PartitionSyncService( 1041): Client create perform partition sync intent
D/RecommendationAPI( 1041): Trigger CDN Sync Curated Apps Service
D/PartitionSyncService( 1041): Client create perform partition sync intent
D/RecommendationAPI( 1041): Trigger CDN Sync AdNetwork Apps Service
D/PartitionSyncService( 1041): Client create perform partition sync intent
D/RecommendationAPI( 1041): Trigger CDN Sync Curated Apps Service
D/PartitionSyncService( 1041): Client create perform partition sync intent
D/RecommendationAPI( 1041): Trigger CDN Sync AdNetwork Apps Service
D/PartitionSyncService( 1041): Client create perform partition sync intent
D/RecommendationAPI( 1041): Trigger CDN Sync Curated Apps Service
D/PartitionSyncService( 1041): Client create perform partition sync intent
D/RecommendationAPI( 1041): Trigger CDN Sync AdNetwork Apps Service
D/PartitionSyncService( 1041): Client create perform partition sync intent
D/RecommendationAPI( 1041): Trigger CDN Sync Curated Apps Service
D/PartitionSyncService( 1041): Client create perform partition sync intent
D/RecommendationAPI( 1041): Trigger CDN Sync AdNetwork Apps Service
D/PartitionSyncService( 1041): Client create perform partition sync intent
D/RecommendationAPI( 1041): Trigger CDN Sync Curated Apps Service
D/PartitionSyncService( 1041): Client create perform partition sync intent
D/RecommendationAPI( 1041): Trigger CDN Sync AdNetwork Apps Service
D/PartitionSyncService( 1041): Client create perform partition sync intent
D/RecommendationAPI( 1041): Trigger CDN Sync Curated Apps Service
D/PartitionSyncService( 1041): Client create perform partition sync intent
D/KeyguardUpdateMonitor(  831): received broadcast android.intent.action.TIME_TICK
D/KeyguardUpdateMonitor(  831): handleTimeUpdate
I/KeyguardEasyModeClockView(  831): onReceive action = android.intent.action.TIME_TICK
D/hwcomposer(  245): void android::intel::DisplayAnalyzer::handleIdleExitEvent(): handling idle exit event
I/art     (  634): Explicit concurrent mark sweep GC freed 36889(1664KB) AllocSpace objects, 9(402KB) LOS objects, 28% free, 41MB/57MB, paused 1.321ms total 147.525ms
D/hwcomposer(  245): void android::intel::UeventObserver::onUevent(): received Uevent: REPEATED_FRAME
D/hwcomposer(  245): virtual void android::intel::Hwcomposer::invalidate(): invalidating screen...
D/hwcomposer(  245): void android::intel::DisplayAnalyzer::handleIdleEntryEvent(int): handling idle entry event, count 0
D/RecommendationAPI( 1041): Trigger CDN Sync AdNetwork Apps Service
D/PartitionSyncService( 1041): Client create perform partition sync intent
D/RecommendationAPI( 1041): Trigger CDN Sync Curated Apps Service
D/PartitionSyncService( 1041): Client create perform partition sync intent
D/RecommendationAPI( 1041): Trigger CDN Sync AdNetwork Apps Service
D/PartitionSyncService( 1041): Client create perform partition sync intent
D/RecommendationAPI( 1041): Trigger CDN Sync Curated Apps Service
D/PartitionSyncService( 1041): Client create perform partition sync intent
D/RecommendationAPI( 1041): Trigger CDN Sync AdNetwork Apps Service
D/PartitionSyncService( 1041): Client create perform partition sync intent
D/RecommendationAPI( 1041): Trigger CDN Sync Curated Apps Service
D/PartitionSyncService( 1041): Client create perform partition sync intent
D/RecommendationAPI( 1041): Trigger CDN Sync AdNetwork Apps Service
D/PartitionSyncService( 1041): Client create perform partition sync intent
D/RecommendationAPI( 1041): Trigger CDN Sync Curated Apps Service
D/PartitionSyncService( 1041): Client create perform partition sync intent
D/RecommendationAPI( 1041): Trigger CDN Sync AdNetwork Apps Service
D/PartitionSyncService( 1041): Client create perform partition sync intent
D/RecommendationAPI( 1041): Trigger CDN Sync Curated Apps Service
D/PartitionSyncService( 1041): Client create perform partition sync intent
E/WifiStateMachine(  634): WifiStateMachine CMD_START_SCAN source -2 txSuccessRate=13.29 rxSuccessRate=15.64 targetRoamBSSID=cc:b2:55:de:9a:b8 RSSI=-62
E/WifiStateMachine(  634): WifiStateMachine starting scan for "zusman_net_2.4_EXT"WPA_PSK with 2412
D/wpa_supplicant( 5460): wlan0: Control interface command 'SCAN TYPE=ONLY freq=2412'
D/wpa_supplicant( 5460): wlan0: Setting scan request: 0.000000 sec
D/wpa_supplicant( 5460): wlan0: Starting AP scan for wildcard SSID
D/wpa_supplicant( 5460): WPS: Building WPS IE for Probe Request
D/wpa_supplicant( 5460): WPS:  * Version (hardcoded 0x10)
D/wpa_supplicant( 5460): WPS:  * Request Type
D/wpa_supplicant( 5460): WPS:  * Config Methods (4288)
D/wpa_supplicant( 5460): WPS:  * UUID-E
D/wpa_supplicant( 5460): WPS:  * Primary Device Type
D/wpa_supplicant( 5460): WPS:  * RF Bands (3)
D/wpa_supplicant( 5460): WPS:  * Association State
D/wpa_supplicant( 5460): WPS:  * Configuration Error (0)
D/wpa_supplicant( 5460): WPS:  * Device Password ID (0)
D/wpa_supplicant( 5460): WPS:  * Manufacturer
D/wpa_supplicant( 5460): WPS:  * Model Name
D/wpa_supplicant( 5460): WPS:  * Model Number
D/wpa_supplicant( 5460): WPS:  * Device Name
D/wpa_supplicant( 5460): WPS:  * Version2 (0x20)
D/wpa_supplicant( 5460): P2P: * P2P IE header
D/wpa_supplicant( 5460): P2P: * Capability dev=25 group=00
D/wpa_supplicant( 5460): P2P: * Listen Channel: Regulatory Class 81 Channel 11
D/wpa_supplicant( 5460): wlan0: Limit manual scan to specified channels
D/wpa_supplicant( 5460): wlan0: Add radio work 'scan'@0xf6e184f0
D/wpa_supplicant( 5460): wlan0: First radio work item in the queue - schedule start immediately
D/wpa_supplicant( 5460): wlan0: Starting radio work 'scan'@0xf6e184f0 after 0.000125 second wait
D/wpa_supplicant( 5460): wlan0: nl80211: scan request
D/wpa_supplicant( 5460): Scan requested (ret=0) - scan timeout 30 seconds
D/wpa_supplicant( 5460): nl80211: Drv Event 33 (NL80211_CMD_TRIGGER_SCAN) received for wlan0
D/wpa_supplicant( 5460): wlan0: nl80211: Scan trigger
D/wpa_supplicant( 5460): wlan0: Event SCAN_STARTED (49) received
D/wpa_supplicant( 5460): wlan0: Own scan request started a scan in 0.000260 seconds
I/wpa_supplicant( 5460): wlan0: CTRL-EVENT-SCAN-STARTED 
D/wpa_supplicant( 5460): CTRL_IFACE monitor sent successfully to /data/misc/wifi/sockets/wpa_ctrl_634-22\x00
D/StatusBar.NetworkController(  831): onSignalStrengthsChanged slot=0|signalStrength=SignalStrength: 99 99 -120 -160 -120 -1 -1 99 -88 -10 155 2147483647 gsm|lte level=3
D/StatusBar.NetworkController(  831): updateTelephonySignalStrength: slotIndex =0 connectIndex =0
D/StatusBar.NetworkController(  831): hasService slot=0|state=0
D/StatusBar.NetworkController(  831): updateTelephonySignalStrength: iconLevel=3
D/StatusBar.NetworkController(  831): getSlotId(3)=0
D/StatusBar.NetworkController(  831): persist.asus.mobile_slot=0
D/StatusBar.NetworkController(  831): hasService slot=0|state=0
D/StatusBar.NetworkController(  831): refreshViews connected={ wifi } level=3?? combinedSignalIconId=0x0/(null) mobileLabel= wifiLabel=zusman_net_2.4_EXT emergencyOnly[0]=false emergencyOnly[1]=false combinedLabel=zusman_net_2.4_EXT mAirplaneMode=false mDataActivity[0]=3 mDataActivity[1]=0 mPhoneSignalIconId[0]=0x7f02031a mPhoneSignalIconId[1]=0x0 mQSPhoneSignalIconId[0]=0x7f020221 mQSPhoneSignalIconId[1]=0x0 mDataSignalIconId[0]=0x7f02031a mDataSignalIconId[1]=0x0 mDataTypeIconId[0]=0x0 mDataTypeIconId[1]=0x0 mQSDataTypeIconId[0]=0x0 mQSDataTypeIconId[1]=0x0 mRoamomg[0]=false mRoamomg[1]=false mIsNoSim[0]=false mIsNoSim[1]=true mWifiIconId=0x7f020331 mQSWifiIconId=0x7f02023f mBluetoothTetherIconId=0x7f020323
D/RecommendationAPI( 1041): Trigger CDN Sync AdNetwork Apps Service
D/PartitionSyncService( 1041): Client create perform partition sync intent
D/RecommendationAPI( 1041): Trigger CDN Sync Curated Apps Service
D/PartitionSyncService( 1041): Client create perform partition sync intent
D/RecommendationAPI( 1041): Trigger CDN Sync AdNetwork Apps Service
D/PartitionSyncService( 1041): Client create perform partition sync intent
D/RecommendationAPI( 1041): Trigger CDN Sync Curated Apps Service
D/PartitionSyncService( 1041): Client create perform partition sync intent
D/wpa_supplicant( 5460): nl80211: Drv Event 34 (NL80211_CMD_NEW_SCAN_RESULTS) received for wlan0
D/wpa_supplicant( 5460): wlan0: nl80211: New scan results available
D/wpa_supplicant( 5460): nl80211: Scan probed for SSID ''
D/wpa_supplicant( 5460): nl80211: Scan included frequencies: 2412
D/wpa_supplicant( 5460): wlan0: Event SCAN_RESULTS (3) received
D/wpa_supplicant( 5460): wlan0: Scan completed in 0.273581 seconds
D/wpa_supplicant( 5460): nl80211: Associated on 2412 MHz
D/wpa_supplicant( 5460): nl80211: Associated with cc:b2:55:de:9a:b8
D/wpa_supplicant( 5460): nl80211: Received scan results (1 BSSes)
D/wpa_supplicant( 5460): nl80211: Scan results indicate BSS status with cc:b2:55:de:9a:b8 as associated
D/wpa_supplicant( 5460): wlan0: BSS: Start scan result update 10
D/wpa_supplicant( 5460): BSS: last_scan_res_used=1/32
D/wpa_supplicant( 5460): Best Operating channel is = 36
D/wpa_supplicant( 5460): wlan0: Scan-only results received
D/wpa_supplicant( 5460): CTRL_IFACE monitor sent successfully to /data/misc/wifi/sockets/wpa_ctrl_634-22\x00
D/wpa_supplicant( 5460): wlan0: Radio work 'scan'@0xf6e184f0 done in 0.277194 seconds
D/wpa_supplicant( 5460): wlan0: Control interface command 'BSS RANGE=0- MASK=0x21987'
D/RecommendationAPI( 1041): Trigger CDN Sync AdNetwork Apps Service
D/PartitionSyncService( 1041): Client create perform partition sync intent
D/RecommendationAPI( 1041): Trigger CDN Sync Curated Apps Service
D/PartitionSyncService( 1041): Client create perform partition sync intent
D/WifiWatchdogStateMachine(  634): CurrentRSSI:-62
D/WifiWatchdogStateMachine(  634): dismissWifiApSwitchDialogs()
D/WifiWatchdogStateMachine(  634): Exit DebounceWeakRssiState
D/WifiWatchdogStateMachine(  634): enter DebounceWeakRssiState
D/wpa_supplicant( 5460): wlan0: Control interface command 'STATUS-NO_EVENTS'
D/wpa_supplicant( 5460): wpa_supplicant_ctrl_iface_status , check ssid->wapi 
D/wpa_supplicant( 5460): wlan0: Control interface command 'SIGNAL_POLL'
D/wpa_supplicant( 5460): wlan0: Control interface command 'PKTCNT_POLL'
D/WifiWatchdogStateMachine(  634): RSSI current: 3 new: -62, 3
D/WifiWatchdogStateMachine(  634): Fetch RSSI succeed, rssi=-62 mrssi=-62 txbad=1357 txgood=42152
D/WifiWatchdogStateMachine(  634): Incremental loss=0/21 Current loss=0% volume=16.42
D/wpa_supplicant( 5460): wlan0: Control interface command 'SIGNAL_POLL'
D/WifiWatchdogStateMachine(  634): Cache updated: loss[-62]=1.24% volume=18.88
D/WifiWatchdogStateMachine(  634): RSSI current: 3 new: -62, 3
D/RecommendationAPI( 1041): Trigger CDN Sync AdNetwork Apps Service
D/PartitionSyncService( 1041): Client create perform partition sync intent
D/RecommendationAPI( 1041): Trigger CDN Sync Curated Apps Service
D/PartitionSyncService( 1041): Client create perform partition sync intent
D/RecommendationAPI( 1041): Trigger CDN Sync AdNetwork Apps Service
D/PartitionSyncService( 1041): Client create perform partition sync intent
D/RecommendationAPI( 1041): Trigger CDN Sync Curated Apps Service
D/PartitionSyncService( 1041): Client create perform partition sync intent
D/RecommendationAPI( 1041): Trigger CDN Sync AdNetwork Apps Service
D/PartitionSyncService( 1041): Client create perform partition sync intent
D/RecommendationAPI( 1041): Trigger CDN Sync Curated Apps Service
D/PartitionSyncService( 1041): Client create perform partition sync intent
D/RecommendationAPI( 1041): Trigger CDN Sync AdNetwork Apps Service
D/PartitionSyncService( 1041): Client create perform partition sync intent
D/RecommendationAPI( 1041): Trigger CDN Sync Curated Apps Service
D/PartitionSyncService( 1041): Client create perform partition sync intent
D/RecommendationAPI( 1041): Trigger CDN Sync AdNetwork Apps Service
D/PartitionSyncService( 1041): Client create perform partition sync intent
D/RecommendationAPI( 1041): Trigger CDN Sync Curated Apps Service
D/PartitionSyncService( 1041): Client create perform partition sync intent
D/RecommendationAPI( 1041): Trigger CDN Sync AdNetwork Apps Service
D/PartitionSyncService( 1041): Client create perform partition sync intent
D/RecommendationAPI( 1041): Trigger CDN Sync Curated Apps Service
D/PartitionSyncService( 1041): Client create perform partition sync intent
D/RecommendationAPI( 1041): Trigger CDN Sync AdNetwork Apps Service
D/PartitionSyncService( 1041): Client create perform partition sync intent
D/RecommendationAPI( 1041): Trigger CDN Sync Curated Apps Service
D/PartitionSyncService( 1041): Client create perform partition sync intent
D/RecommendationAPI( 1041): Trigger CDN Sync AdNetwork Apps Service
D/PartitionSyncService( 1041): Client create perform partition sync intent
D/RecommendationAPI( 1041): Trigger CDN Sync Curated Apps Service
D/PartitionSyncService( 1041): Client create perform partition sync intent
D/RecommendationAPI( 1041): Trigger CDN Sync AdNetwork Apps Service
D/PartitionSyncService( 1041): Client create perform partition sync intent
D/RecommendationAPI( 1041): Trigger CDN Sync Curated Apps Service
D/PartitionSyncService( 1041): Client create perform partition sync intent
D/RecommendationAPI( 1041): Trigger CDN Sync AdNetwork Apps Service
D/PartitionSyncService( 1041): Client create perform partition sync intent
D/RecommendationAPI( 1041): Trigger CDN Sync Curated Apps Service
D/PartitionSyncService( 1041): Client create perform partition sync intent
D/RecommendationAPI( 1041): Trigger CDN Sync AdNetwork Apps Service
D/PartitionSyncService( 1041): Client create perform partition sync intent
D/RecommendationAPI( 1041): Trigger CDN Sync Curated Apps Service
D/PartitionSyncService( 1041): Client create perform partition sync intent
D/RecommendationAPI( 1041): Trigger CDN Sync AdNetwork Apps Service
D/PartitionSyncService( 1041): Client create perform partition sync intent
D/RecommendationAPI( 1041): Trigger CDN Sync Curated Apps Service
D/PartitionSyncService( 1041): Client create perform partition sync intent
D/WifiWatchdogStateMachine(  634): CurrentRSSI:-62
D/wpa_supplicant( 5460): wlan0: Control interface command 'SIGNAL_POLL'
D/RecommendationAPI( 1041): Trigger CDN Sync AdNetwork Apps Service
D/PartitionSyncService( 1041): Client create perform partition sync intent
D/RecommendationAPI( 1041): Trigger CDN Sync Curated Apps Service
D/PartitionSyncService( 1041): Client create perform partition sync intent
D/WifiWatchdogStateMachine(  634): RSSI current: 3 new: -63, 3
D/wpa_supplicant( 5460): wlan0: Control interface command 'PKTCNT_POLL'
D/WifiWatchdogStateMachine(  634): Fetch RSSI succeed, rssi=-63 mrssi=-62 txbad=1357 txgood=42162
D/WifiWatchdogStateMachine(  634): Incremental loss=0/10 Current loss=0% volume=13.21
D/WifiWatchdogStateMachine(  634): Cache updated: loss[-62]=1.18% volume=17.99
D/RecommendationAPI( 1041): Trigger CDN Sync AdNetwork Apps Service
D/PartitionSyncService( 1041): Client create perform partition sync intent
D/RecommendationAPI( 1041): Trigger CDN Sync Curated Apps Service
D/PartitionSyncService( 1041): Client create perform partition sync intent
D/wpa_supplicant( 5460): wlan0: Control interface command 'SIGNAL_POLL'
D/WifiWatchdogStateMachine(  634): RSSI current: 3 new: -63, 3
D/RecommendationAPI( 1041): Trigger CDN Sync AdNetwork Apps Service
D/PartitionSyncService( 1041): Client create perform partition sync intent
D/RecommendationAPI( 1041): Trigger CDN Sync Curated Apps Service
D/PartitionSyncService( 1041): Client create perform partition sync intent
D/RecommendationAPI( 1041): Trigger CDN Sync AdNetwork Apps Service
D/PartitionSyncService( 1041): Client create perform partition sync intent
D/RecommendationAPI( 1041): Trigger CDN Sync Curated Apps Service
D/PartitionSyncService( 1041): Client create perform partition sync intent
D/RecommendationAPI( 1041): Trigger CDN Sync AdNetwork Apps Service
D/PartitionSyncService( 1041): Client create perform partition sync intent
D/RecommendationAPI( 1041): Trigger CDN Sync Curated Apps Service
D/PartitionSyncService( 1041): Client create perform partition sync intent
D/StatusBar.NetworkController(  831): getSlotId(3)=0
D/StatusBar.NetworkController(  831): persist.asus.mobile_slot=0
D/StatusBar.NetworkController(  831): hasService slot=0|state=0
D/StatusBar.NetworkController(  831): refreshViews connected={ wifi } level=3?? combinedSignalIconId=0x0/(null) mobileLabel= wifiLabel=zusman_net_2.4_EXT emergencyOnly[0]=false emergencyOnly[1]=false combinedLabel=zusman_net_2.4_EXT mAirplaneMode=false mDataActivity[0]=3 mDataActivity[1]=0 mPhoneSignalIconId[0]=0x7f02031a mPhoneSignalIconId[1]=0x0 mQSPhoneSignalIconId[0]=0x7f020221 mQSPhoneSignalIconId[1]=0x0 mDataSignalIconId[0]=0x7f02031a mDataSignalIconId[1]=0x0 mDataTypeIconId[0]=0x0 mDataTypeIconId[1]=0x0 mQSDataTypeIconId[0]=0x0 mQSDataTypeIconId[1]=0x0 mRoamomg[0]=false mRoamomg[1]=false mIsNoSim[0]=false mIsNoSim[1]=true mWifiIconId=0x7f020331 mQSWifiIconId=0x7f02023f mBluetoothTetherIconId=0x7f020323
D/SignalClusterView(  831): vpn: GONE
D/SignalClusterView(  831): wifi: VISIBLE sig=2130838321 act=2130838313
D/SignalClusterView(  831): mobile[0]: VISIBLE sig=2130838298 typ=0
D/SignalClusterView(  831): mobile[1]: VISIBLE sig=0 typ=0
D/SignalClusterView(  831): vpn: GONE
D/SignalClusterView(  831): wifi: VISIBLE sig=2130838321 act=2130838313
D/SignalClusterView(  831): mobile[0]: VISIBLE sig=2130838298 typ=0
D/SignalClusterView(  831): mobile[1]: VISIBLE sig=0 typ=0
D/hwcomposer(  245): void android::intel::DisplayAnalyzer::handleIdleExitEvent(): handling idle exit event
D/hwcomposer(  245): void android::intel::UeventObserver::onUevent(): received Uevent: REPEATED_FRAME
D/hwcomposer(  245): virtual void android::intel::Hwcomposer::invalidate(): invalidating screen...
D/hwcomposer(  245): void android::intel::DisplayAnalyzer::handleIdleEntryEvent(int): handling idle entry event, count 0
D/RecommendationAPI( 1041): Trigger CDN Sync AdNetwork Apps Service
D/PartitionSyncService( 1041): Client create perform partition sync intent
D/RecommendationAPI( 1041): Trigger CDN Sync Curated Apps Service
D/PartitionSyncService( 1041): Client create perform partition sync intent
D/RecommendationAPI( 1041): Trigger CDN Sync AdNetwork Apps Service
D/PartitionSyncService( 1041): Client create perform partition sync intent
D/RecommendationAPI( 1041): Trigger CDN Sync Curated Apps Service
D/PartitionSyncService( 1041): Client create perform partition sync intent
D/RecommendationAPI( 1041): Trigger CDN Sync AdNetwork Apps Service
D/PartitionSyncService( 1041): Client create perform partition sync intent
D/RecommendationAPI( 1041): Trigger CDN Sync Curated Apps Service
D/PartitionSyncService( 1041): Client create perform partition sync intent
D/RecommendationAPI( 1041): Trigger CDN Sync AdNetwork Apps Service
D/PartitionSyncService( 1041): Client create perform partition sync intent
D/RecommendationAPI( 1041): Trigger CDN Sync Curated Apps Service
D/PartitionSyncService( 1041): Client create perform partition sync intent
D/StatusBar.NetworkController(  831): getSlotId(3)=0
D/StatusBar.NetworkController(  831): persist.asus.mobile_slot=0
D/StatusBar.NetworkController(  831): hasService slot=0|state=0
D/StatusBar.NetworkController(  831): refreshViews connected={ wifi } level=3?? combinedSignalIconId=0x0/(null) mobileLabel= wifiLabel=zusman_net_2.4_EXT emergencyOnly[0]=false emergencyOnly[1]=false combinedLabel=zusman_net_2.4_EXT mAirplaneMode=false mDataActivity[0]=3 mDataActivity[1]=0 mPhoneSignalIconId[0]=0x7f02031a mPhoneSignalIconId[1]=0x0 mQSPhoneSignalIconId[0]=0x7f020221 mQSPhoneSignalIconId[1]=0x0 mDataSignalIconId[0]=0x7f02031a mDataSignalIconId[1]=0x0 mDataTypeIconId[0]=0x0 mDataTypeIconId[1]=0x0 mQSDataTypeIconId[0]=0x0 mQSDataTypeIconId[1]=0x0 mRoamomg[0]=false mRoamomg[1]=false mIsNoSim[0]=false mIsNoSim[1]=true mWifiIconId=0x7f020331 mQSWifiIconId=0x7f02023f mBluetoothTetherIconId=0x7f020323
D/SignalClusterView(  831): vpn: GONE
D/SignalClusterView(  831): wifi: VISIBLE sig=2130838321 act=2130838312
D/SignalClusterView(  831): mobile[0]: VISIBLE sig=2130838298 typ=0
D/SignalClusterView(  831): mobile[1]: VISIBLE sig=0 typ=0
D/SignalClusterView(  831): vpn: GONE
D/SignalClusterView(  831): wifi: VISIBLE sig=2130838321 act=2130838312
D/SignalClusterView(  831): mobile[0]: VISIBLE sig=2130838298 typ=0
D/SignalClusterView(  831): mobile[1]: VISIBLE sig=0 typ=0
D/RecommendationAPI( 1041): Trigger CDN Sync AdNetwork Apps Service
D/PartitionSyncService( 1041): Client create perform partition sync intent
D/RecommendationAPI( 1041): Trigger CDN Sync Curated Apps Service
D/PartitionSyncService( 1041): Client create perform partition sync intent
D/hwcomposer(  245): void android::intel::DisplayAnalyzer::handleIdleExitEvent(): handling idle exit event
D/hwcomposer(  245): void android::intel::UeventObserver::onUevent(): received Uevent: REPEATED_FRAME
D/hwcomposer(  245): virtual void android::intel::Hwcomposer::invalidate(): invalidating screen...
D/hwcomposer(  245): void android::intel::DisplayAnalyzer::handleIdleEntryEvent(int): handling idle entry event, count 0
D/RecommendationAPI( 1041): Trigger CDN Sync AdNetwork Apps Service
D/PartitionSyncService( 1041): Client create perform partition sync intent
D/RecommendationAPI( 1041): Trigger CDN Sync Curated Apps Service
D/PartitionSyncService( 1041): Client create perform partition sync intent
D/RecommendationAPI( 1041): Trigger CDN Sync AdNetwork Apps Service
D/PartitionSyncService( 1041): Client create perform partition sync intent
D/RecommendationAPI( 1041): Trigger CDN Sync Curated Apps Service
D/PartitionSyncService( 1041): Client create perform partition sync intent
D/RecommendationAPI( 1041): Trigger CDN Sync AdNetwork Apps Service
D/PartitionSyncService( 1041): Client create perform partition sync intent
D/RecommendationAPI( 1041): Trigger CDN Sync Curated Apps Service
D/PartitionSyncService( 1041): Client create perform partition sync intent
D/RecommendationAPI( 1041): Trigger CDN Sync AdNetwork Apps Service
D/PartitionSyncService( 1041): Client create perform partition sync intent
D/RecommendationAPI( 1041): Trigger CDN Sync Curated Apps Service
D/PartitionSyncService( 1041): Client create perform partition sync intent
D/WifiWatchdogStateMachine(  634): CurrentRSSI:-63
D/RecommendationAPI( 1041): Trigger CDN Sync AdNetwork Apps Service
D/PartitionSyncService( 1041): Client create perform partition sync intent
D/wpa_supplicant( 5460): wlan0: Control interface command 'SIGNAL_POLL'
D/RecommendationAPI( 1041): Trigger CDN Sync Curated Apps Service
D/PartitionSyncService( 1041): Client create perform partition sync intent
D/wpa_supplicant( 5460): wlan0: Control interface command 'PKTCNT_POLL'
D/WifiWatchdogStateMachine(  634): RSSI current: 3 new: -58, 3
D/WifiWatchdogStateMachine(  634): Fetch RSSI succeed, rssi=-58 mrssi=-60 txbad=1357 txgood=42167
D/WifiWatchdogStateMachine(  634): Incremental loss=0/5 Current loss=0% volume=9.1
D/WifiWatchdogStateMachine(  634): Cache updated: loss[-60]=1.22% volume=21.74
D/wpa_supplicant( 5460): wlan0: Control interface command 'SIGNAL_POLL'
D/WifiWatchdogStateMachine(  634): RSSI current: 3 new: -58, 3
D/RecommendationAPI( 1041): Trigger CDN Sync AdNetwork Apps Service
D/PartitionSyncService( 1041): Client create perform partition sync intent
D/RecommendationAPI( 1041): Trigger CDN Sync Curated Apps Service
D/PartitionSyncService( 1041): Client create perform partition sync intent
D/RecommendationAPI( 1041): Trigger CDN Sync AdNetwork Apps Service
D/PartitionSyncService( 1041): Client create perform partition sync intent
D/RecommendationAPI( 1041): Trigger CDN Sync Curated Apps Service
D/PartitionSyncService( 1041): Client create perform partition sync intent
D/RecommendationAPI( 1041): Trigger CDN Sync AdNetwork Apps Service
D/PartitionSyncService( 1041): Client create perform partition sync intent
D/RecommendationAPI( 1041): Trigger CDN Sync Curated Apps Service
D/PartitionSyncService( 1041): Client create perform partition sync intent
D/RecommendationAPI( 1041): Trigger CDN Sync AdNetwork Apps Service
D/PartitionSyncService( 1041): Client create perform partition sync intent
D/RecommendationAPI( 1041): Trigger CDN Sync Curated Apps Service
D/PartitionSyncService( 1041): Client create perform partition sync intent
D/RecommendationAPI( 1041): Trigger CDN Sync AdNetwork Apps Service
D/PartitionSyncService( 1041): Client create perform partition sync intent
D/RecommendationAPI( 1041): Trigger CDN Sync Curated Apps Service
D/PartitionSyncService( 1041): Client create perform partition sync intent
D/RecommendationAPI( 1041): Trigger CDN Sync AdNetwork Apps Service
D/PartitionSyncService( 1041): Client create perform partition sync intent
D/RecommendationAPI( 1041): Trigger CDN Sync Curated Apps Service
D/PartitionSyncService( 1041): Client create perform partition sync intent
D/RecommendationAPI( 1041): Trigger CDN Sync AdNetwork Apps Service
D/PartitionSyncService( 1041): Client create perform partition sync intent
D/RecommendationAPI( 1041): Trigger CDN Sync Curated Apps Service
D/PartitionSyncService( 1041): Client create perform partition sync intent
D/RecommendationAPI( 1041): Trigger CDN Sync AdNetwork Apps Service
D/PartitionSyncService( 1041): Client create perform partition sync intent
D/RecommendationAPI( 1041): Trigger CDN Sync Curated Apps Service
D/PartitionSyncService( 1041): Client create perform partition sync intent
I/f       ( 1041): {"total_pss":127805,"total_uss":107436,"dalvikPrivateClean":0,"dalvikPrivateDirty":58400,"dalvikPss":58771,"dalvikSharedClean":0,"dalvikSharedDirty":16732,"nativePrivateClean":0,"nativePrivateDirty":32276,"nativePss":32331,"nativeSharedClean":0,"nativeSharedDirty":2580,"nativeSwappablePss":0,"nativeSwappedOut":0,"otherPrivateClean":4496,"otherPrivateDirty":12264,"otherPss":36703,"time":1462189689112}
D/RecommendationAPI( 1041): Trigger CDN Sync AdNetwork Apps Service
D/PartitionSyncService( 1041): Client create perform partition sync intent
D/RecommendationAPI( 1041): Trigger CDN Sync Curated Apps Service
D/PartitionSyncService( 1041): Client create perform partition sync intent
D/RecommendationAPI( 1041): Trigger CDN Sync AdNetwork Apps Service
D/PartitionSyncService( 1041): Client create perform partition sync intent
D/RecommendationAPI( 1041): Trigger CDN Sync Curated Apps Service
D/PartitionSyncService( 1041): Client create perform partition sync intent
D/RecommendationAPI( 1041): Trigger CDN Sync AdNetwork Apps Service
D/PartitionSyncService( 1041): Client create perform partition sync intent
D/RecommendationAPI( 1041): Trigger CDN Sync Curated Apps Service
D/PartitionSyncService( 1041): Client create perform partition sync intent
D/RecommendationAPI( 1041): Trigger CDN Sync AdNetwork Apps Service
D/PartitionSyncService( 1041): Client create perform partition sync intent
D/RecommendationAPI( 1041): Trigger CDN Sync Curated Apps Service
D/PartitionSyncService( 1041): Client create perform partition sync intent
D/RecommendationAPI( 1041): Tri